{"ts":"2026-05-24T17:18:55.232Z","level":"INFO","title":"TEMPLATE","message":"compile templates\\tpr_quotation.hbs","templatePath":"C:\\Projcet TPR\\report-server\\templates\\tpr_quotation.hbs"}
{"ts":"2026-05-24T17:18:55.234Z","level":"INFO","title":"TEMPLATE","message":"compile templates\\tpr_credit_note.hbs","templatePath":"C:\\Projcet TPR\\report-server\\templates\\tpr_credit_note.hbs"}
{"ts":"2026-05-24T17:18:55.235Z","level":"INFO","title":"TEMPLATE","message":"compile templates\\tpr_invoice.hbs","templatePath":"C:\\Projcet TPR\\report-server\\templates\\tpr_invoice.hbs"}
{"ts":"2026-05-24T17:18:55.236Z","level":"INFO","title":"TEMPLATE","message":"compile templates\\tpr_purchase_order.hbs","templatePath":"C:\\Projcet TPR\\report-server\\templates\\tpr_purchase_order.hbs"}
{"ts":"2026-05-24T17:18:55.239Z","level":"INFO","title":"TEMPLATE","message":"compile templates\\tpr_receipt.hbs","templatePath":"C:\\Projcet TPR\\report-server\\templates\\tpr_receipt.hbs"}
{"ts":"2026-05-24T17:18:55.240Z","level":"INFO","title":"TEMPLATE","message":"compile templates\\tpr_tax_receipt.hbs","templatePath":"C:\\Projcet TPR\\report-server\\templates\\tpr_tax_receipt.hbs"}
{"ts":"2026-05-24T17:18:55.241Z","level":"INFO","title":"TEMPLATE","message":"compile templates\\tpr_withholding_tax_certificate.hbs","templatePath":"C:\\Projcet TPR\\report-server\\templates\\tpr_withholding_tax_certificate.hbs"}
{"ts":"2026-05-24T17:18:55.242Z","level":"INFO","title":"TEMPLATE","message":"compile templates\\tpr_payment_voucher.hbs","templatePath":"C:\\Projcet TPR\\report-server\\templates\\tpr_payment_voucher.hbs"}
{"ts":"2026-05-24T17:18:55.243Z","level":"INFO","title":"TEMPLATE","message":"compile templates\\tpr_receipt_voucher.hbs","templatePath":"C:\\Projcet TPR\\report-server\\templates\\tpr_receipt_voucher.hbs"}
{"ts":"2026-05-24T17:18:55.244Z","level":"INFO","title":"TEMPLATE","message":"compile templates\\tpr_petty_cash_voucher.hbs","templatePath":"C:\\Projcet TPR\\report-server\\templates\\tpr_petty_cash_voucher.hbs"}
{"ts":"2026-05-24T17:18:55.245Z","level":"INFO","title":"TEMPLATE","message":"compile templates\\tpr_petty_cash_request.hbs","templatePath":"C:\\Projcet TPR\\report-server\\templates\\tpr_petty_cash_request.hbs"}
{"ts":"2026-05-24T17:18:55.246Z","level":"INFO","title":"TEMPLATE","message":"compile templates\\tpr_petty_cash_payment_report.hbs","templatePath":"C:\\Projcet TPR\\report-server\\templates\\tpr_petty_cash_payment_report.hbs"}
{"ts":"2026-05-24T17:18:55.247Z","level":"INFO","title":"TEMPLATE","message":"compile templates\\tpr_receipt_certification.hbs","templatePath":"C:\\Projcet TPR\\report-server\\templates\\tpr_receipt_certification.hbs"}
{"ts":"2026-05-24T17:18:55.248Z","level":"INFO","title":"TEMPLATE","message":"compile templates\\tpr_payroll_slip.hbs","templatePath":"C:\\Projcet TPR\\report-server\\templates\\tpr_payroll_slip.hbs"}
{"ts":"2026-05-24T17:18:55.249Z","level":"WARN","title":"CSS","message":"inline missing: C:\\Projcet TPR\\report-server\\public\\css\\quotation.css (ไม่จำเป็นถ้า CSS อยู่ใน hbs แล้ว)","cssPath":"C:\\Projcet TPR\\report-server\\public\\css\\quotation.css"}
{"ts":"2026-05-24T17:18:55.274Z","level":"OK","title":"READY","message":"PDF server is running","port":4100,"logFile":"C:\\Projcet TPR\\report-server\\logs\\server-2026-05-25.log"}
{"ts":"2026-05-24T17:18:55.275Z","level":"BOOT","message":"PDF server is running","port":4100,"logFile":"C:\\Projcet TPR\\report-server\\logs\\server-2026-05-25.log"}
{"ts":"2026-05-25T07:58:19.687Z","level":"INFO","title":"TEMPLATE","message":"compile templates\\tpr_quotation.hbs","templatePath":"C:\\Projcet TPR\\report-server\\templates\\tpr_quotation.hbs"}
{"ts":"2026-05-25T07:58:19.691Z","level":"INFO","title":"TEMPLATE","message":"compile templates\\tpr_credit_note.hbs","templatePath":"C:\\Projcet TPR\\report-server\\templates\\tpr_credit_note.hbs"}
{"ts":"2026-05-25T07:58:19.692Z","level":"INFO","title":"TEMPLATE","message":"compile templates\\tpr_invoice.hbs","templatePath":"C:\\Projcet TPR\\report-server\\templates\\tpr_invoice.hbs"}
{"ts":"2026-05-25T07:58:19.693Z","level":"INFO","title":"TEMPLATE","message":"compile templates\\tpr_purchase_order.hbs","templatePath":"C:\\Projcet TPR\\report-server\\templates\\tpr_purchase_order.hbs"}
{"ts":"2026-05-25T07:58:19.695Z","level":"INFO","title":"TEMPLATE","message":"compile templates\\tpr_receipt.hbs","templatePath":"C:\\Projcet TPR\\report-server\\templates\\tpr_receipt.hbs"}
{"ts":"2026-05-25T07:58:19.696Z","level":"INFO","title":"TEMPLATE","message":"compile templates\\tpr_tax_receipt.hbs","templatePath":"C:\\Projcet TPR\\report-server\\templates\\tpr_tax_receipt.hbs"}
{"ts":"2026-05-25T07:58:19.697Z","level":"INFO","title":"TEMPLATE","message":"compile templates\\tpr_withholding_tax_certificate.hbs","templatePath":"C:\\Projcet TPR\\report-server\\templates\\tpr_withholding_tax_certificate.hbs"}
{"ts":"2026-05-25T07:58:19.699Z","level":"INFO","title":"TEMPLATE","message":"compile templates\\tpr_payment_voucher.hbs","templatePath":"C:\\Projcet TPR\\report-server\\templates\\tpr_payment_voucher.hbs"}
{"ts":"2026-05-25T07:58:19.700Z","level":"INFO","title":"TEMPLATE","message":"compile templates\\tpr_receipt_voucher.hbs","templatePath":"C:\\Projcet TPR\\report-server\\templates\\tpr_receipt_voucher.hbs"}
{"ts":"2026-05-25T07:58:19.702Z","level":"INFO","title":"TEMPLATE","message":"compile templates\\tpr_petty_cash_voucher.hbs","templatePath":"C:\\Projcet TPR\\report-server\\templates\\tpr_petty_cash_voucher.hbs"}
{"ts":"2026-05-25T07:58:19.703Z","level":"INFO","title":"TEMPLATE","message":"compile templates\\tpr_petty_cash_request.hbs","templatePath":"C:\\Projcet TPR\\report-server\\templates\\tpr_petty_cash_request.hbs"}
{"ts":"2026-05-25T07:58:19.703Z","level":"INFO","title":"TEMPLATE","message":"compile templates\\tpr_petty_cash_payment_report.hbs","templatePath":"C:\\Projcet TPR\\report-server\\templates\\tpr_petty_cash_payment_report.hbs"}
{"ts":"2026-05-25T07:58:19.704Z","level":"INFO","title":"TEMPLATE","message":"compile templates\\tpr_receipt_certification.hbs","templatePath":"C:\\Projcet TPR\\report-server\\templates\\tpr_receipt_certification.hbs"}
{"ts":"2026-05-25T07:58:19.705Z","level":"INFO","title":"TEMPLATE","message":"compile templates\\tpr_payroll_slip.hbs","templatePath":"C:\\Projcet TPR\\report-server\\templates\\tpr_payroll_slip.hbs"}
{"ts":"2026-05-25T07:58:19.707Z","level":"WARN","title":"CSS","message":"inline missing: C:\\Projcet TPR\\report-server\\public\\css\\quotation.css (ไม่จำเป็นถ้า CSS อยู่ใน hbs แล้ว)","cssPath":"C:\\Projcet TPR\\report-server\\public\\css\\quotation.css"}
{"ts":"2026-05-25T07:58:19.733Z","level":"OK","title":"READY","message":"PDF server is running","port":4100,"logFile":"C:\\Projcet TPR\\report-server\\logs\\server-2026-05-25.log"}
{"ts":"2026-05-25T07:58:19.733Z","level":"BOOT","message":"PDF server is running","port":4100,"logFile":"C:\\Projcet TPR\\report-server\\logs\\server-2026-05-25.log"}
{"ts":"2026-05-25T08:17:33.554Z","level":"STEP","reqId":"MPKXOB5D-KAES73","route":"TAX_RECEIPT","stage":"START","detail":"OPTIONS /tpr-tax-receipt/pdf","method":"OPTIONS","url":"/tpr-tax-receipt/pdf"}
{"ts":"2026-05-25T08:17:33.556Z","level":"REQUEST_START","reqId":"MPKXOB5D-KAES73","route":"TAX_RECEIPT","method":"OPTIONS","url":"/tpr-tax-receipt/pdf","ip":"::1","origin":"http://localhost:5174","ua":"Mozilla/5.0 (Windows NT 10.0; Win64; x64) AppleWebKit/537.36 (KHTML, like Gecko) Chrome/148.0.0.0 Safari/537.36","payloadBytes":2}
{"ts":"2026-05-25T08:17:33.563Z","level":"REQUEST_DONE","reqId":"MPKXOB5D-KAES73","route":"TAX_RECEIPT","method":"OPTIONS","url":"/tpr-tax-receipt/pdf","status":204,"durationMs":9,"responseSize":"0 B"}
{"ts":"2026-05-25T08:17:33.565Z","level":"STEP","reqId":"MPKXOB5P-XSDUU0","route":"TAX_RECEIPT","stage":"START","detail":"POST /tpr-tax-receipt/pdf","method":"POST","url":"/tpr-tax-receipt/pdf"}
{"ts":"2026-05-25T08:17:33.566Z","level":"REQUEST_START","reqId":"MPKXOB5P-XSDUU0","route":"TAX_RECEIPT","method":"POST","url":"/tpr-tax-receipt/pdf","ip":"::1","origin":"http://localhost:5174","ua":"Mozilla/5.0 (Windows NT 10.0; Win64; x64) AppleWebKit/537.36 (KHTML, like Gecko) Chrome/148.0.0.0 Safari/537.36","payloadBytes":2}
{"ts":"2026-05-25T08:17:33.597Z","level":"STEP","reqId":"MPKXOB5P-XSDUU0","route":"TAX_RECEIPT","stage":"ROUTE","detail":"pdf mode","method":"POST","url":"/tpr-tax-receipt/pdf"}
{"ts":"2026-05-25T08:17:33.598Z","level":"STEP","reqId":"MPKXOB5P-XSDUU0","route":"TAX_RECEIPT","stage":"NORMALIZE","detail":"payload 1.19 KB","method":"POST","url":"/tpr-tax-receipt/pdf"}
{"ts":"2026-05-25T08:17:33.600Z","level":"STEP","reqId":"MPKXOB5P-XSDUU0","route":"TAX_RECEIPT","stage":"TEMPLATE","detail":"render html before pdf","method":"POST","url":"/tpr-tax-receipt/pdf"}
{"ts":"2026-05-25T08:17:33.642Z","level":"INFO","title":"PUPPETEER","message":"launch browser..."}
{"ts":"2026-05-25T08:17:34.375Z","level":"OK","title":"PUPPETEER","message":"browser launched"}
{"ts":"2026-05-25T08:17:34.432Z","level":"STEP","reqId":"MPKXOB5P-XSDUU0","route":"TAX_RECEIPT","stage":"PDF:PAGE_OPEN","detail":"create new page","method":"POST","url":"/tpr-tax-receipt/pdf"}
{"ts":"2026-05-25T08:17:34.436Z","level":"STEP","reqId":"MPKXOB5P-XSDUU0","route":"TAX_RECEIPT","stage":"PDF:SET_CONTENT","detail":"html size 12.4 KB","method":"POST","url":"/tpr-tax-receipt/pdf"}
{"ts":"2026-05-25T08:17:36.028Z","level":"STEP","reqId":"MPKXOB5P-XSDUU0","route":"TAX_RECEIPT","stage":"PDF:FONTS_READY","detail":"waiting document.fonts.ready","method":"POST","url":"/tpr-tax-receipt/pdf"}
{"ts":"2026-05-25T08:17:36.032Z","level":"STEP","reqId":"MPKXOB5P-XSDUU0","route":"TAX_RECEIPT","stage":"PDF:RENDER","detail":"format=A4 media=screen landscape=false","method":"POST","url":"/tpr-tax-receipt/pdf"}
{"ts":"2026-05-25T08:17:36.268Z","level":"STEP","reqId":"MPKXOB5P-XSDUU0","route":"TAX_RECEIPT","stage":"PDF:BUFFER_READY","detail":"pdf size 219 KB","method":"POST","url":"/tpr-tax-receipt/pdf"}
{"ts":"2026-05-25T08:17:36.269Z","level":"STEP","reqId":"MPKXOB5P-XSDUU0","route":"TAX_RECEIPT","stage":"PDF:PAGE_CLOSE","detail":"close page","method":"POST","url":"/tpr-tax-receipt/pdf"}
{"ts":"2026-05-25T08:17:36.280Z","level":"STEP","reqId":"MPKXOB5P-XSDUU0","route":"TAX_RECEIPT","stage":"RESPOND_PDF","detail":"filename=tpr_tax_receipt.pdf","method":"POST","url":"/tpr-tax-receipt/pdf"}
{"ts":"2026-05-25T08:17:36.281Z","level":"PDF_RESPONSE","reqId":"MPKXOB5P-XSDUU0","route":"TAX_RECEIPT","method":"POST","url":"/tpr-tax-receipt/pdf","filename":"tpr_tax_receipt.pdf","pdfBytes":224234}
{"ts":"2026-05-25T08:17:36.284Z","level":"REQUEST_DONE","reqId":"MPKXOB5P-XSDUU0","route":"TAX_RECEIPT","method":"POST","url":"/tpr-tax-receipt/pdf","status":200,"durationMs":2718,"responseSize":"219 KB"}
{"ts":"2026-05-25T08:18:46.428Z","level":"STEP","reqId":"MPKXPVDN-9VSEAO","route":"RECEIPT","stage":"START","detail":"OPTIONS /tpr-receipt/pdf","method":"OPTIONS","url":"/tpr-receipt/pdf"}
{"ts":"2026-05-25T08:18:46.429Z","level":"REQUEST_START","reqId":"MPKXPVDN-9VSEAO","route":"RECEIPT","method":"OPTIONS","url":"/tpr-receipt/pdf","ip":"::1","origin":"http://localhost:5174","ua":"Mozilla/5.0 (Windows NT 10.0; Win64; x64) AppleWebKit/537.36 (KHTML, like Gecko) Chrome/148.0.0.0 Safari/537.36","payloadBytes":2}
{"ts":"2026-05-25T08:18:46.431Z","level":"REQUEST_DONE","reqId":"MPKXPVDN-9VSEAO","route":"RECEIPT","method":"OPTIONS","url":"/tpr-receipt/pdf","status":204,"durationMs":3,"responseSize":"0 B"}
{"ts":"2026-05-25T08:18:46.432Z","level":"STEP","reqId":"MPKXPVDR-WLXGFH","route":"RECEIPT","stage":"START","detail":"POST /tpr-receipt/pdf","method":"POST","url":"/tpr-receipt/pdf"}
{"ts":"2026-05-25T08:18:46.433Z","level":"REQUEST_START","reqId":"MPKXPVDR-WLXGFH","route":"RECEIPT","method":"POST","url":"/tpr-receipt/pdf","ip":"::1","origin":"http://localhost:5174","ua":"Mozilla/5.0 (Windows NT 10.0; Win64; x64) AppleWebKit/537.36 (KHTML, like Gecko) Chrome/148.0.0.0 Safari/537.36","payloadBytes":2}
{"ts":"2026-05-25T08:18:46.434Z","level":"STEP","reqId":"MPKXPVDR-WLXGFH","route":"RECEIPT","stage":"ROUTE","detail":"pdf mode","method":"POST","url":"/tpr-receipt/pdf"}
{"ts":"2026-05-25T08:18:46.435Z","level":"STEP","reqId":"MPKXPVDR-WLXGFH","route":"RECEIPT","stage":"NORMALIZE","detail":"payload 1.38 KB","method":"POST","url":"/tpr-receipt/pdf"}
{"ts":"2026-05-25T08:18:46.436Z","level":"STEP","reqId":"MPKXPVDR-WLXGFH","route":"RECEIPT","stage":"TEMPLATE","detail":"render html before pdf","method":"POST","url":"/tpr-receipt/pdf"}
{"ts":"2026-05-25T08:18:46.448Z","level":"INFO","title":"PUPPETEER","message":"reuse existing browser instance"}
{"ts":"2026-05-25T08:18:46.521Z","level":"STEP","reqId":"MPKXPVDR-WLXGFH","route":"RECEIPT","stage":"PDF:PAGE_OPEN","detail":"create new page","method":"POST","url":"/tpr-receipt/pdf"}
{"ts":"2026-05-25T08:18:46.525Z","level":"STEP","reqId":"MPKXPVDR-WLXGFH","route":"RECEIPT","stage":"PDF:SET_CONTENT","detail":"html size 10.4 KB","method":"POST","url":"/tpr-receipt/pdf"}
{"ts":"2026-05-25T08:18:47.515Z","level":"STEP","reqId":"MPKXPVDR-WLXGFH","route":"RECEIPT","stage":"PDF:FONTS_READY","detail":"waiting document.fonts.ready","method":"POST","url":"/tpr-receipt/pdf"}
{"ts":"2026-05-25T08:18:47.517Z","level":"STEP","reqId":"MPKXPVDR-WLXGFH","route":"RECEIPT","stage":"PDF:RENDER","detail":"format=A4 media=screen landscape=false","method":"POST","url":"/tpr-receipt/pdf"}
{"ts":"2026-05-25T08:18:47.693Z","level":"STEP","reqId":"MPKXPVDR-WLXGFH","route":"RECEIPT","stage":"PDF:BUFFER_READY","detail":"pdf size 221 KB","method":"POST","url":"/tpr-receipt/pdf"}
{"ts":"2026-05-25T08:18:47.694Z","level":"STEP","reqId":"MPKXPVDR-WLXGFH","route":"RECEIPT","stage":"PDF:PAGE_CLOSE","detail":"close page","method":"POST","url":"/tpr-receipt/pdf"}
{"ts":"2026-05-25T08:18:47.707Z","level":"STEP","reqId":"MPKXPVDR-WLXGFH","route":"RECEIPT","stage":"RESPOND_PDF","detail":"filename=tpr_receipt.pdf","method":"POST","url":"/tpr-receipt/pdf"}
{"ts":"2026-05-25T08:18:47.708Z","level":"PDF_RESPONSE","reqId":"MPKXPVDR-WLXGFH","route":"RECEIPT","method":"POST","url":"/tpr-receipt/pdf","filename":"tpr_receipt.pdf","pdfBytes":225925}
{"ts":"2026-05-25T08:18:47.710Z","level":"REQUEST_DONE","reqId":"MPKXPVDR-WLXGFH","route":"RECEIPT","method":"POST","url":"/tpr-receipt/pdf","status":200,"durationMs":1278,"responseSize":"221 KB"}
{"ts":"2026-05-25T08:33:37.499Z","level":"STEP","reqId":"MPKY8YXM-2VWWFO","route":"TAX_RECEIPT","stage":"START","detail":"OPTIONS /tpr-tax-receipt/pdf","method":"OPTIONS","url":"/tpr-tax-receipt/pdf"}
{"ts":"2026-05-25T08:33:37.500Z","level":"REQUEST_START","reqId":"MPKY8YXM-2VWWFO","route":"TAX_RECEIPT","method":"OPTIONS","url":"/tpr-tax-receipt/pdf","ip":"::1","origin":"http://localhost:5174","ua":"Mozilla/5.0 (Windows NT 10.0; Win64; x64) AppleWebKit/537.36 (KHTML, like Gecko) Chrome/148.0.0.0 Safari/537.36","payloadBytes":2}
{"ts":"2026-05-25T08:33:37.503Z","level":"REQUEST_DONE","reqId":"MPKY8YXM-2VWWFO","route":"TAX_RECEIPT","method":"OPTIONS","url":"/tpr-tax-receipt/pdf","status":204,"durationMs":4,"responseSize":"0 B"}
{"ts":"2026-05-25T08:33:37.505Z","level":"STEP","reqId":"MPKY8YXT-2V0YKS","route":"TAX_RECEIPT","stage":"START","detail":"POST /tpr-tax-receipt/pdf","method":"POST","url":"/tpr-tax-receipt/pdf"}
{"ts":"2026-05-25T08:33:37.506Z","level":"REQUEST_START","reqId":"MPKY8YXT-2V0YKS","route":"TAX_RECEIPT","method":"POST","url":"/tpr-tax-receipt/pdf","ip":"::1","origin":"http://localhost:5174","ua":"Mozilla/5.0 (Windows NT 10.0; Win64; x64) AppleWebKit/537.36 (KHTML, like Gecko) Chrome/148.0.0.0 Safari/537.36","payloadBytes":2}
{"ts":"2026-05-25T08:33:37.508Z","level":"STEP","reqId":"MPKY8YXT-2V0YKS","route":"TAX_RECEIPT","stage":"ROUTE","detail":"pdf mode","method":"POST","url":"/tpr-tax-receipt/pdf"}
{"ts":"2026-05-25T08:33:37.509Z","level":"STEP","reqId":"MPKY8YXT-2V0YKS","route":"TAX_RECEIPT","stage":"NORMALIZE","detail":"payload 1.19 KB","method":"POST","url":"/tpr-tax-receipt/pdf"}
{"ts":"2026-05-25T08:33:37.510Z","level":"STEP","reqId":"MPKY8YXT-2V0YKS","route":"TAX_RECEIPT","stage":"TEMPLATE","detail":"render html before pdf","method":"POST","url":"/tpr-tax-receipt/pdf"}
{"ts":"2026-05-25T08:33:37.515Z","level":"INFO","title":"PUPPETEER","message":"reuse existing browser instance"}
{"ts":"2026-05-25T08:33:37.585Z","level":"STEP","reqId":"MPKY8YXT-2V0YKS","route":"TAX_RECEIPT","stage":"PDF:PAGE_OPEN","detail":"create new page","method":"POST","url":"/tpr-tax-receipt/pdf"}
{"ts":"2026-05-25T08:33:37.592Z","level":"STEP","reqId":"MPKY8YXT-2V0YKS","route":"TAX_RECEIPT","stage":"PDF:SET_CONTENT","detail":"html size 12.4 KB","method":"POST","url":"/tpr-tax-receipt/pdf"}
{"ts":"2026-05-25T08:33:39.080Z","level":"STEP","reqId":"MPKY8YXT-2V0YKS","route":"TAX_RECEIPT","stage":"PDF:FONTS_READY","detail":"waiting document.fonts.ready","method":"POST","url":"/tpr-tax-receipt/pdf"}
{"ts":"2026-05-25T08:33:39.086Z","level":"STEP","reqId":"MPKY8YXT-2V0YKS","route":"TAX_RECEIPT","stage":"PDF:RENDER","detail":"format=A4 media=screen landscape=false","method":"POST","url":"/tpr-tax-receipt/pdf"}
{"ts":"2026-05-25T08:33:39.307Z","level":"STEP","reqId":"MPKY8YXT-2V0YKS","route":"TAX_RECEIPT","stage":"PDF:BUFFER_READY","detail":"pdf size 219 KB","method":"POST","url":"/tpr-tax-receipt/pdf"}
{"ts":"2026-05-25T08:33:39.308Z","level":"STEP","reqId":"MPKY8YXT-2V0YKS","route":"TAX_RECEIPT","stage":"PDF:PAGE_CLOSE","detail":"close page","method":"POST","url":"/tpr-tax-receipt/pdf"}
{"ts":"2026-05-25T08:33:39.323Z","level":"STEP","reqId":"MPKY8YXT-2V0YKS","route":"TAX_RECEIPT","stage":"RESPOND_PDF","detail":"filename=tpr_tax_receipt.pdf","method":"POST","url":"/tpr-tax-receipt/pdf"}
{"ts":"2026-05-25T08:33:39.324Z","level":"PDF_RESPONSE","reqId":"MPKY8YXT-2V0YKS","route":"TAX_RECEIPT","method":"POST","url":"/tpr-tax-receipt/pdf","filename":"tpr_tax_receipt.pdf","pdfBytes":224234}
{"ts":"2026-05-25T08:33:39.329Z","level":"REQUEST_DONE","reqId":"MPKY8YXT-2V0YKS","route":"TAX_RECEIPT","method":"POST","url":"/tpr-tax-receipt/pdf","status":200,"durationMs":1823,"responseSize":"219 KB"}
{"ts":"2026-05-25T08:33:44.648Z","level":"WARN","title":"SHUTDOWN","message":"received SIGINT, closing server resources...","signal":"SIGINT"}
{"ts":"2026-05-25T08:33:44.649Z","level":"INFO","title":"PUPPETEER","message":"closing browser..."}
{"ts":"2026-05-25T08:33:54.353Z","level":"INFO","title":"TEMPLATE","message":"compile templates\\tpr_quotation.hbs","templatePath":"C:\\Projcet TPR\\report-server\\templates\\tpr_quotation.hbs"}
{"ts":"2026-05-25T08:33:54.355Z","level":"INFO","title":"TEMPLATE","message":"compile templates\\tpr_credit_note.hbs","templatePath":"C:\\Projcet TPR\\report-server\\templates\\tpr_credit_note.hbs"}
{"ts":"2026-05-25T08:33:54.356Z","level":"INFO","title":"TEMPLATE","message":"compile templates\\tpr_invoice.hbs","templatePath":"C:\\Projcet TPR\\report-server\\templates\\tpr_invoice.hbs"}
{"ts":"2026-05-25T08:33:54.357Z","level":"INFO","title":"TEMPLATE","message":"compile templates\\tpr_purchase_order.hbs","templatePath":"C:\\Projcet TPR\\report-server\\templates\\tpr_purchase_order.hbs"}
{"ts":"2026-05-25T08:33:54.359Z","level":"INFO","title":"TEMPLATE","message":"compile templates\\tpr_receipt.hbs","templatePath":"C:\\Projcet TPR\\report-server\\templates\\tpr_receipt.hbs"}
{"ts":"2026-05-25T08:33:54.361Z","level":"INFO","title":"TEMPLATE","message":"compile templates\\tpr_tax_receipt.hbs","templatePath":"C:\\Projcet TPR\\report-server\\templates\\tpr_tax_receipt.hbs"}
{"ts":"2026-05-25T08:33:54.363Z","level":"INFO","title":"TEMPLATE","message":"compile templates\\tpr_withholding_tax_certificate.hbs","templatePath":"C:\\Projcet TPR\\report-server\\templates\\tpr_withholding_tax_certificate.hbs"}
{"ts":"2026-05-25T08:33:54.365Z","level":"INFO","title":"TEMPLATE","message":"compile templates\\tpr_payment_voucher.hbs","templatePath":"C:\\Projcet TPR\\report-server\\templates\\tpr_payment_voucher.hbs"}
{"ts":"2026-05-25T08:33:54.367Z","level":"INFO","title":"TEMPLATE","message":"compile templates\\tpr_receipt_voucher.hbs","templatePath":"C:\\Projcet TPR\\report-server\\templates\\tpr_receipt_voucher.hbs"}
{"ts":"2026-05-25T08:33:54.369Z","level":"INFO","title":"TEMPLATE","message":"compile templates\\tpr_petty_cash_voucher.hbs","templatePath":"C:\\Projcet TPR\\report-server\\templates\\tpr_petty_cash_voucher.hbs"}
{"ts":"2026-05-25T08:33:54.370Z","level":"INFO","title":"TEMPLATE","message":"compile templates\\tpr_petty_cash_request.hbs","templatePath":"C:\\Projcet TPR\\report-server\\templates\\tpr_petty_cash_request.hbs"}
{"ts":"2026-05-25T08:33:54.371Z","level":"INFO","title":"TEMPLATE","message":"compile templates\\tpr_petty_cash_payment_report.hbs","templatePath":"C:\\Projcet TPR\\report-server\\templates\\tpr_petty_cash_payment_report.hbs"}
{"ts":"2026-05-25T08:33:54.372Z","level":"INFO","title":"TEMPLATE","message":"compile templates\\tpr_receipt_certification.hbs","templatePath":"C:\\Projcet TPR\\report-server\\templates\\tpr_receipt_certification.hbs"}
{"ts":"2026-05-25T08:33:54.372Z","level":"INFO","title":"TEMPLATE","message":"compile templates\\tpr_payroll_slip.hbs","templatePath":"C:\\Projcet TPR\\report-server\\templates\\tpr_payroll_slip.hbs"}
{"ts":"2026-05-25T08:33:54.374Z","level":"WARN","title":"CSS","message":"inline missing: C:\\Projcet TPR\\report-server\\public\\css\\quotation.css (ไม่จำเป็นถ้า CSS อยู่ใน hbs แล้ว)","cssPath":"C:\\Projcet TPR\\report-server\\public\\css\\quotation.css"}
{"ts":"2026-05-25T08:33:54.405Z","level":"OK","title":"READY","message":"PDF server is running","port":4100,"logFile":"C:\\Projcet TPR\\report-server\\logs\\server-2026-05-25.log"}
{"ts":"2026-05-25T08:33:54.406Z","level":"BOOT","message":"PDF server is running","port":4100,"logFile":"C:\\Projcet TPR\\report-server\\logs\\server-2026-05-25.log"}
{"ts":"2026-05-25T08:33:57.009Z","level":"STEP","reqId":"MPKY9DZK-CY33JD","route":"TAX_RECEIPT","stage":"START","detail":"OPTIONS /tpr-tax-receipt/pdf","method":"OPTIONS","url":"/tpr-tax-receipt/pdf"}
{"ts":"2026-05-25T08:33:57.010Z","level":"REQUEST_START","reqId":"MPKY9DZK-CY33JD","route":"TAX_RECEIPT","method":"OPTIONS","url":"/tpr-tax-receipt/pdf","ip":"::1","origin":"http://localhost:5174","ua":"Mozilla/5.0 (Windows NT 10.0; Win64; x64) AppleWebKit/537.36 (KHTML, like Gecko) Chrome/148.0.0.0 Safari/537.36","payloadBytes":2}
{"ts":"2026-05-25T08:33:57.016Z","level":"REQUEST_DONE","reqId":"MPKY9DZK-CY33JD","route":"TAX_RECEIPT","method":"OPTIONS","url":"/tpr-tax-receipt/pdf","status":204,"durationMs":8,"responseSize":"0 B"}
{"ts":"2026-05-25T08:33:57.019Z","level":"STEP","reqId":"MPKY9DZV-3H12B7","route":"TAX_RECEIPT","stage":"START","detail":"POST /tpr-tax-receipt/pdf","method":"POST","url":"/tpr-tax-receipt/pdf"}
{"ts":"2026-05-25T08:33:57.020Z","level":"REQUEST_START","reqId":"MPKY9DZV-3H12B7","route":"TAX_RECEIPT","method":"POST","url":"/tpr-tax-receipt/pdf","ip":"::1","origin":"http://localhost:5174","ua":"Mozilla/5.0 (Windows NT 10.0; Win64; x64) AppleWebKit/537.36 (KHTML, like Gecko) Chrome/148.0.0.0 Safari/537.36","payloadBytes":2}
{"ts":"2026-05-25T08:33:57.042Z","level":"STEP","reqId":"MPKY9DZV-3H12B7","route":"TAX_RECEIPT","stage":"ROUTE","detail":"pdf mode","method":"POST","url":"/tpr-tax-receipt/pdf"}
{"ts":"2026-05-25T08:33:57.043Z","level":"STEP","reqId":"MPKY9DZV-3H12B7","route":"TAX_RECEIPT","stage":"NORMALIZE","detail":"payload 1.19 KB","method":"POST","url":"/tpr-tax-receipt/pdf"}
{"ts":"2026-05-25T08:33:57.045Z","level":"STEP","reqId":"MPKY9DZV-3H12B7","route":"TAX_RECEIPT","stage":"TEMPLATE","detail":"render html before pdf","method":"POST","url":"/tpr-tax-receipt/pdf"}
{"ts":"2026-05-25T08:33:57.096Z","level":"INFO","title":"PUPPETEER","message":"launch browser..."}
{"ts":"2026-05-25T08:33:57.535Z","level":"OK","title":"PUPPETEER","message":"browser launched"}
{"ts":"2026-05-25T08:33:57.592Z","level":"STEP","reqId":"MPKY9DZV-3H12B7","route":"TAX_RECEIPT","stage":"PDF:PAGE_OPEN","detail":"create new page","method":"POST","url":"/tpr-tax-receipt/pdf"}
{"ts":"2026-05-25T08:33:57.602Z","level":"STEP","reqId":"MPKY9DZV-3H12B7","route":"TAX_RECEIPT","stage":"PDF:SET_CONTENT","detail":"html size 12.4 KB","method":"POST","url":"/tpr-tax-receipt/pdf"}
{"ts":"2026-05-25T08:33:59.155Z","level":"STEP","reqId":"MPKY9DZV-3H12B7","route":"TAX_RECEIPT","stage":"PDF:FONTS_READY","detail":"waiting document.fonts.ready","method":"POST","url":"/tpr-tax-receipt/pdf"}
{"ts":"2026-05-25T08:33:59.158Z","level":"STEP","reqId":"MPKY9DZV-3H12B7","route":"TAX_RECEIPT","stage":"PDF:RENDER","detail":"format=A4 media=screen landscape=false","method":"POST","url":"/tpr-tax-receipt/pdf"}
{"ts":"2026-05-25T08:33:59.363Z","level":"STEP","reqId":"MPKY9DZV-3H12B7","route":"TAX_RECEIPT","stage":"PDF:BUFFER_READY","detail":"pdf size 217 KB","method":"POST","url":"/tpr-tax-receipt/pdf"}
{"ts":"2026-05-25T08:33:59.364Z","level":"STEP","reqId":"MPKY9DZV-3H12B7","route":"TAX_RECEIPT","stage":"PDF:PAGE_CLOSE","detail":"close page","method":"POST","url":"/tpr-tax-receipt/pdf"}
{"ts":"2026-05-25T08:33:59.375Z","level":"STEP","reqId":"MPKY9DZV-3H12B7","route":"TAX_RECEIPT","stage":"RESPOND_PDF","detail":"filename=tpr_tax_receipt.pdf","method":"POST","url":"/tpr-tax-receipt/pdf"}
{"ts":"2026-05-25T08:33:59.376Z","level":"PDF_RESPONSE","reqId":"MPKY9DZV-3H12B7","route":"TAX_RECEIPT","method":"POST","url":"/tpr-tax-receipt/pdf","filename":"tpr_tax_receipt.pdf","pdfBytes":222256}
{"ts":"2026-05-25T08:33:59.380Z","level":"REQUEST_DONE","reqId":"MPKY9DZV-3H12B7","route":"TAX_RECEIPT","method":"POST","url":"/tpr-tax-receipt/pdf","status":200,"durationMs":2361,"responseSize":"217 KB"}
{"ts":"2026-05-25T08:35:01.485Z","level":"STEP","reqId":"MPKYARQL-IOWUKC","route":"TAX_RECEIPT","stage":"START","detail":"OPTIONS /tpr-tax-receipt/pdf","method":"OPTIONS","url":"/tpr-tax-receipt/pdf"}
{"ts":"2026-05-25T08:35:01.486Z","level":"REQUEST_START","reqId":"MPKYARQL-IOWUKC","route":"TAX_RECEIPT","method":"OPTIONS","url":"/tpr-tax-receipt/pdf","ip":"::1","origin":"http://localhost:5174","ua":"Mozilla/5.0 (Windows NT 10.0; Win64; x64) AppleWebKit/537.36 (KHTML, like Gecko) Chrome/148.0.0.0 Safari/537.36","payloadBytes":2}
{"ts":"2026-05-25T08:35:01.487Z","level":"REQUEST_DONE","reqId":"MPKYARQL-IOWUKC","route":"TAX_RECEIPT","method":"OPTIONS","url":"/tpr-tax-receipt/pdf","status":204,"durationMs":2,"responseSize":"0 B"}
{"ts":"2026-05-25T08:35:01.489Z","level":"STEP","reqId":"MPKYARQO-F7HF9D","route":"TAX_RECEIPT","stage":"START","detail":"POST /tpr-tax-receipt/pdf","method":"POST","url":"/tpr-tax-receipt/pdf"}
{"ts":"2026-05-25T08:35:01.490Z","level":"REQUEST_START","reqId":"MPKYARQO-F7HF9D","route":"TAX_RECEIPT","method":"POST","url":"/tpr-tax-receipt/pdf","ip":"::1","origin":"http://localhost:5174","ua":"Mozilla/5.0 (Windows NT 10.0; Win64; x64) AppleWebKit/537.36 (KHTML, like Gecko) Chrome/148.0.0.0 Safari/537.36","payloadBytes":2}
{"ts":"2026-05-25T08:35:01.492Z","level":"STEP","reqId":"MPKYARQO-F7HF9D","route":"TAX_RECEIPT","stage":"ROUTE","detail":"pdf mode","method":"POST","url":"/tpr-tax-receipt/pdf"}
{"ts":"2026-05-25T08:35:01.493Z","level":"STEP","reqId":"MPKYARQO-F7HF9D","route":"TAX_RECEIPT","stage":"NORMALIZE","detail":"payload 1.19 KB","method":"POST","url":"/tpr-tax-receipt/pdf"}
{"ts":"2026-05-25T08:35:01.494Z","level":"STEP","reqId":"MPKYARQO-F7HF9D","route":"TAX_RECEIPT","stage":"TEMPLATE","detail":"render html before pdf","method":"POST","url":"/tpr-tax-receipt/pdf"}
{"ts":"2026-05-25T08:35:01.496Z","level":"INFO","title":"PUPPETEER","message":"reuse existing browser instance"}
{"ts":"2026-05-25T08:35:01.570Z","level":"STEP","reqId":"MPKYARQO-F7HF9D","route":"TAX_RECEIPT","stage":"PDF:PAGE_OPEN","detail":"create new page","method":"POST","url":"/tpr-tax-receipt/pdf"}
{"ts":"2026-05-25T08:35:01.574Z","level":"STEP","reqId":"MPKYARQO-F7HF9D","route":"TAX_RECEIPT","stage":"PDF:SET_CONTENT","detail":"html size 12.4 KB","method":"POST","url":"/tpr-tax-receipt/pdf"}
{"ts":"2026-05-25T08:35:02.569Z","level":"STEP","reqId":"MPKYARQO-F7HF9D","route":"TAX_RECEIPT","stage":"PDF:FONTS_READY","detail":"waiting document.fonts.ready","method":"POST","url":"/tpr-tax-receipt/pdf"}
{"ts":"2026-05-25T08:35:02.572Z","level":"STEP","reqId":"MPKYARQO-F7HF9D","route":"TAX_RECEIPT","stage":"PDF:RENDER","detail":"format=A4 media=screen landscape=false","method":"POST","url":"/tpr-tax-receipt/pdf"}
{"ts":"2026-05-25T08:35:02.751Z","level":"STEP","reqId":"MPKYARQO-F7HF9D","route":"TAX_RECEIPT","stage":"PDF:BUFFER_READY","detail":"pdf size 217 KB","method":"POST","url":"/tpr-tax-receipt/pdf"}
{"ts":"2026-05-25T08:35:02.752Z","level":"STEP","reqId":"MPKYARQO-F7HF9D","route":"TAX_RECEIPT","stage":"PDF:PAGE_CLOSE","detail":"close page","method":"POST","url":"/tpr-tax-receipt/pdf"}
{"ts":"2026-05-25T08:35:02.766Z","level":"STEP","reqId":"MPKYARQO-F7HF9D","route":"TAX_RECEIPT","stage":"RESPOND_PDF","detail":"filename=tpr_tax_receipt.pdf","method":"POST","url":"/tpr-tax-receipt/pdf"}
{"ts":"2026-05-25T08:35:02.767Z","level":"PDF_RESPONSE","reqId":"MPKYARQO-F7HF9D","route":"TAX_RECEIPT","method":"POST","url":"/tpr-tax-receipt/pdf","filename":"tpr_tax_receipt.pdf","pdfBytes":222256}
{"ts":"2026-05-25T08:35:02.770Z","level":"REQUEST_DONE","reqId":"MPKYARQO-F7HF9D","route":"TAX_RECEIPT","method":"POST","url":"/tpr-tax-receipt/pdf","status":200,"durationMs":1280,"responseSize":"217 KB"}
{"ts":"2026-05-25T08:37:52.695Z","level":"INFO","title":"TEMPLATE","message":"compile templates\\tpr_quotation.hbs","templatePath":"C:\\Projcet TPR\\report-server\\templates\\tpr_quotation.hbs"}
{"ts":"2026-05-25T08:37:52.696Z","level":"INFO","title":"TEMPLATE","message":"compile templates\\tpr_credit_note.hbs","templatePath":"C:\\Projcet TPR\\report-server\\templates\\tpr_credit_note.hbs"}
{"ts":"2026-05-25T08:37:52.697Z","level":"INFO","title":"TEMPLATE","message":"compile templates\\tpr_invoice.hbs","templatePath":"C:\\Projcet TPR\\report-server\\templates\\tpr_invoice.hbs"}
{"ts":"2026-05-25T08:37:52.698Z","level":"INFO","title":"TEMPLATE","message":"compile templates\\tpr_purchase_order.hbs","templatePath":"C:\\Projcet TPR\\report-server\\templates\\tpr_purchase_order.hbs"}
{"ts":"2026-05-25T08:37:52.698Z","level":"INFO","title":"TEMPLATE","message":"compile templates\\tpr_receipt.hbs","templatePath":"C:\\Projcet TPR\\report-server\\templates\\tpr_receipt.hbs"}
{"ts":"2026-05-25T08:37:52.699Z","level":"INFO","title":"TEMPLATE","message":"compile templates\\tpr_tax_receipt.hbs","templatePath":"C:\\Projcet TPR\\report-server\\templates\\tpr_tax_receipt.hbs"}
{"ts":"2026-05-25T08:37:52.700Z","level":"INFO","title":"TEMPLATE","message":"compile templates\\tpr_withholding_tax_certificate.hbs","templatePath":"C:\\Projcet TPR\\report-server\\templates\\tpr_withholding_tax_certificate.hbs"}
{"ts":"2026-05-25T08:37:52.702Z","level":"INFO","title":"TEMPLATE","message":"compile templates\\tpr_payment_voucher.hbs","templatePath":"C:\\Projcet TPR\\report-server\\templates\\tpr_payment_voucher.hbs"}
{"ts":"2026-05-25T08:37:52.703Z","level":"INFO","title":"TEMPLATE","message":"compile templates\\tpr_receipt_voucher.hbs","templatePath":"C:\\Projcet TPR\\report-server\\templates\\tpr_receipt_voucher.hbs"}
{"ts":"2026-05-25T08:37:52.704Z","level":"INFO","title":"TEMPLATE","message":"compile templates\\tpr_petty_cash_voucher.hbs","templatePath":"C:\\Projcet TPR\\report-server\\templates\\tpr_petty_cash_voucher.hbs"}
{"ts":"2026-05-25T08:37:52.704Z","level":"INFO","title":"TEMPLATE","message":"compile templates\\tpr_petty_cash_request.hbs","templatePath":"C:\\Projcet TPR\\report-server\\templates\\tpr_petty_cash_request.hbs"}
{"ts":"2026-05-25T08:37:52.705Z","level":"INFO","title":"TEMPLATE","message":"compile templates\\tpr_petty_cash_payment_report.hbs","templatePath":"C:\\Projcet TPR\\report-server\\templates\\tpr_petty_cash_payment_report.hbs"}
{"ts":"2026-05-25T08:37:52.706Z","level":"INFO","title":"TEMPLATE","message":"compile templates\\tpr_receipt_certification.hbs","templatePath":"C:\\Projcet TPR\\report-server\\templates\\tpr_receipt_certification.hbs"}
{"ts":"2026-05-25T08:37:52.706Z","level":"INFO","title":"TEMPLATE","message":"compile templates\\tpr_payroll_slip.hbs","templatePath":"C:\\Projcet TPR\\report-server\\templates\\tpr_payroll_slip.hbs"}
{"ts":"2026-05-25T08:37:52.707Z","level":"WARN","title":"CSS","message":"inline missing: C:\\Projcet TPR\\report-server\\public\\css\\quotation.css (ไม่จำเป็นถ้า CSS อยู่ใน hbs แล้ว)","cssPath":"C:\\Projcet TPR\\report-server\\public\\css\\quotation.css"}
{"ts":"2026-05-25T08:37:52.732Z","level":"OK","title":"READY","message":"PDF server is running","port":4100,"logFile":"C:\\Projcet TPR\\report-server\\logs\\server-2026-05-25.log"}
{"ts":"2026-05-25T08:37:52.733Z","level":"BOOT","message":"PDF server is running","port":4100,"logFile":"C:\\Projcet TPR\\report-server\\logs\\server-2026-05-25.log"}
{"ts":"2026-05-25T08:38:03.479Z","level":"INFO","title":"TEMPLATE","message":"compile templates\\tpr_quotation.hbs","templatePath":"C:\\Projcet TPR\\report-server\\templates\\tpr_quotation.hbs"}
{"ts":"2026-05-25T08:38:03.480Z","level":"INFO","title":"TEMPLATE","message":"compile templates\\tpr_credit_note.hbs","templatePath":"C:\\Projcet TPR\\report-server\\templates\\tpr_credit_note.hbs"}
{"ts":"2026-05-25T08:38:03.481Z","level":"INFO","title":"TEMPLATE","message":"compile templates\\tpr_invoice.hbs","templatePath":"C:\\Projcet TPR\\report-server\\templates\\tpr_invoice.hbs"}
{"ts":"2026-05-25T08:38:03.481Z","level":"INFO","title":"TEMPLATE","message":"compile templates\\tpr_purchase_order.hbs","templatePath":"C:\\Projcet TPR\\report-server\\templates\\tpr_purchase_order.hbs"}
{"ts":"2026-05-25T08:38:03.482Z","level":"INFO","title":"TEMPLATE","message":"compile templates\\tpr_receipt.hbs","templatePath":"C:\\Projcet TPR\\report-server\\templates\\tpr_receipt.hbs"}
{"ts":"2026-05-25T08:38:03.482Z","level":"INFO","title":"TEMPLATE","message":"compile templates\\tpr_tax_receipt.hbs","templatePath":"C:\\Projcet TPR\\report-server\\templates\\tpr_tax_receipt.hbs"}
{"ts":"2026-05-25T08:38:03.484Z","level":"INFO","title":"TEMPLATE","message":"compile templates\\tpr_withholding_tax_certificate.hbs","templatePath":"C:\\Projcet TPR\\report-server\\templates\\tpr_withholding_tax_certificate.hbs"}
{"ts":"2026-05-25T08:38:03.484Z","level":"INFO","title":"TEMPLATE","message":"compile templates\\tpr_payment_voucher.hbs","templatePath":"C:\\Projcet TPR\\report-server\\templates\\tpr_payment_voucher.hbs"}
{"ts":"2026-05-25T08:38:03.485Z","level":"INFO","title":"TEMPLATE","message":"compile templates\\tpr_receipt_voucher.hbs","templatePath":"C:\\Projcet TPR\\report-server\\templates\\tpr_receipt_voucher.hbs"}
{"ts":"2026-05-25T08:38:03.486Z","level":"INFO","title":"TEMPLATE","message":"compile templates\\tpr_petty_cash_voucher.hbs","templatePath":"C:\\Projcet TPR\\report-server\\templates\\tpr_petty_cash_voucher.hbs"}
{"ts":"2026-05-25T08:38:03.486Z","level":"INFO","title":"TEMPLATE","message":"compile templates\\tpr_petty_cash_request.hbs","templatePath":"C:\\Projcet TPR\\report-server\\templates\\tpr_petty_cash_request.hbs"}
{"ts":"2026-05-25T08:38:03.487Z","level":"INFO","title":"TEMPLATE","message":"compile templates\\tpr_petty_cash_payment_report.hbs","templatePath":"C:\\Projcet TPR\\report-server\\templates\\tpr_petty_cash_payment_report.hbs"}
{"ts":"2026-05-25T08:38:03.487Z","level":"INFO","title":"TEMPLATE","message":"compile templates\\tpr_receipt_certification.hbs","templatePath":"C:\\Projcet TPR\\report-server\\templates\\tpr_receipt_certification.hbs"}
{"ts":"2026-05-25T08:38:03.488Z","level":"INFO","title":"TEMPLATE","message":"compile templates\\tpr_payroll_slip.hbs","templatePath":"C:\\Projcet TPR\\report-server\\templates\\tpr_payroll_slip.hbs"}
{"ts":"2026-05-25T08:38:03.488Z","level":"WARN","title":"CSS","message":"inline missing: C:\\Projcet TPR\\report-server\\public\\css\\quotation.css (ไม่จำเป็นถ้า CSS อยู่ใน hbs แล้ว)","cssPath":"C:\\Projcet TPR\\report-server\\public\\css\\quotation.css"}
{"ts":"2026-05-25T08:38:03.518Z","level":"OK","title":"READY","message":"PDF server is running","port":4100,"logFile":"C:\\Projcet TPR\\report-server\\logs\\server-2026-05-25.log"}
{"ts":"2026-05-25T08:38:03.518Z","level":"BOOT","message":"PDF server is running","port":4100,"logFile":"C:\\Projcet TPR\\report-server\\logs\\server-2026-05-25.log"}
{"ts":"2026-05-25T08:39:49.229Z","level":"WARN","title":"SHUTDOWN","message":"received SIGINT, closing server resources...","signal":"SIGINT"}
{"ts":"2026-05-25T08:39:52.255Z","level":"INFO","title":"TEMPLATE","message":"compile templates\\tpr_quotation.hbs","templatePath":"C:\\Projcet TPR\\report-server\\templates\\tpr_quotation.hbs"}
{"ts":"2026-05-25T08:39:52.256Z","level":"INFO","title":"TEMPLATE","message":"compile templates\\tpr_credit_note.hbs","templatePath":"C:\\Projcet TPR\\report-server\\templates\\tpr_credit_note.hbs"}
{"ts":"2026-05-25T08:39:52.257Z","level":"INFO","title":"TEMPLATE","message":"compile templates\\tpr_invoice.hbs","templatePath":"C:\\Projcet TPR\\report-server\\templates\\tpr_invoice.hbs"}
{"ts":"2026-05-25T08:39:52.258Z","level":"INFO","title":"TEMPLATE","message":"compile templates\\tpr_purchase_order.hbs","templatePath":"C:\\Projcet TPR\\report-server\\templates\\tpr_purchase_order.hbs"}
{"ts":"2026-05-25T08:39:52.258Z","level":"INFO","title":"TEMPLATE","message":"compile templates\\tpr_receipt.hbs","templatePath":"C:\\Projcet TPR\\report-server\\templates\\tpr_receipt.hbs"}
{"ts":"2026-05-25T08:39:52.260Z","level":"INFO","title":"TEMPLATE","message":"compile templates\\tpr_tax_receipt.hbs","templatePath":"C:\\Projcet TPR\\report-server\\templates\\tpr_tax_receipt.hbs"}
{"ts":"2026-05-25T08:39:52.260Z","level":"INFO","title":"TEMPLATE","message":"compile templates\\tpr_withholding_tax_certificate.hbs","templatePath":"C:\\Projcet TPR\\report-server\\templates\\tpr_withholding_tax_certificate.hbs"}
{"ts":"2026-05-25T08:39:52.261Z","level":"INFO","title":"TEMPLATE","message":"compile templates\\tpr_payment_voucher.hbs","templatePath":"C:\\Projcet TPR\\report-server\\templates\\tpr_payment_voucher.hbs"}
{"ts":"2026-05-25T08:39:52.262Z","level":"INFO","title":"TEMPLATE","message":"compile templates\\tpr_receipt_voucher.hbs","templatePath":"C:\\Projcet TPR\\report-server\\templates\\tpr_receipt_voucher.hbs"}
{"ts":"2026-05-25T08:39:52.262Z","level":"INFO","title":"TEMPLATE","message":"compile templates\\tpr_petty_cash_voucher.hbs","templatePath":"C:\\Projcet TPR\\report-server\\templates\\tpr_petty_cash_voucher.hbs"}
{"ts":"2026-05-25T08:39:52.263Z","level":"INFO","title":"TEMPLATE","message":"compile templates\\tpr_petty_cash_request.hbs","templatePath":"C:\\Projcet TPR\\report-server\\templates\\tpr_petty_cash_request.hbs"}
{"ts":"2026-05-25T08:39:52.263Z","level":"INFO","title":"TEMPLATE","message":"compile templates\\tpr_petty_cash_payment_report.hbs","templatePath":"C:\\Projcet TPR\\report-server\\templates\\tpr_petty_cash_payment_report.hbs"}
{"ts":"2026-05-25T08:39:52.264Z","level":"INFO","title":"TEMPLATE","message":"compile templates\\tpr_receipt_certification.hbs","templatePath":"C:\\Projcet TPR\\report-server\\templates\\tpr_receipt_certification.hbs"}
{"ts":"2026-05-25T08:39:52.265Z","level":"INFO","title":"TEMPLATE","message":"compile templates\\tpr_payroll_slip.hbs","templatePath":"C:\\Projcet TPR\\report-server\\templates\\tpr_payroll_slip.hbs"}
{"ts":"2026-05-25T08:39:52.265Z","level":"WARN","title":"CSS","message":"inline missing: C:\\Projcet TPR\\report-server\\public\\css\\quotation.css (ไม่จำเป็นถ้า CSS อยู่ใน hbs แล้ว)","cssPath":"C:\\Projcet TPR\\report-server\\public\\css\\quotation.css"}
{"ts":"2026-05-25T08:39:52.286Z","level":"OK","title":"READY","message":"PDF server is running","port":4100,"logFile":"C:\\Projcet TPR\\report-server\\logs\\server-2026-05-25.log"}
{"ts":"2026-05-25T08:39:52.286Z","level":"BOOT","message":"PDF server is running","port":4100,"logFile":"C:\\Projcet TPR\\report-server\\logs\\server-2026-05-25.log"}
{"ts":"2026-05-25T08:39:57.974Z","level":"STEP","reqId":"MPKYH4ID-FUQ2I0","route":"TAX_RECEIPT","stage":"START","detail":"OPTIONS /tpr-tax-receipt/pdf","method":"OPTIONS","url":"/tpr-tax-receipt/pdf"}
{"ts":"2026-05-25T08:39:57.975Z","level":"REQUEST_START","reqId":"MPKYH4ID-FUQ2I0","route":"TAX_RECEIPT","method":"OPTIONS","url":"/tpr-tax-receipt/pdf","ip":"::1","origin":"http://localhost:5174","ua":"Mozilla/5.0 (Windows NT 10.0; Win64; x64) AppleWebKit/537.36 (KHTML, like Gecko) Chrome/148.0.0.0 Safari/537.36","payloadBytes":2}
{"ts":"2026-05-25T08:39:57.982Z","level":"REQUEST_DONE","reqId":"MPKYH4ID-FUQ2I0","route":"TAX_RECEIPT","method":"OPTIONS","url":"/tpr-tax-receipt/pdf","status":204,"durationMs":8,"responseSize":"0 B"}
{"ts":"2026-05-25T08:39:57.984Z","level":"STEP","reqId":"MPKYH4IN-DNIGZF","route":"TAX_RECEIPT","stage":"START","detail":"POST /tpr-tax-receipt/pdf","method":"POST","url":"/tpr-tax-receipt/pdf"}
{"ts":"2026-05-25T08:39:57.984Z","level":"REQUEST_START","reqId":"MPKYH4IN-DNIGZF","route":"TAX_RECEIPT","method":"POST","url":"/tpr-tax-receipt/pdf","ip":"::1","origin":"http://localhost:5174","ua":"Mozilla/5.0 (Windows NT 10.0; Win64; x64) AppleWebKit/537.36 (KHTML, like Gecko) Chrome/148.0.0.0 Safari/537.36","payloadBytes":2}
{"ts":"2026-05-25T08:39:58.001Z","level":"STEP","reqId":"MPKYH4IN-DNIGZF","route":"TAX_RECEIPT","stage":"ROUTE","detail":"pdf mode","method":"POST","url":"/tpr-tax-receipt/pdf"}
{"ts":"2026-05-25T08:39:58.002Z","level":"STEP","reqId":"MPKYH4IN-DNIGZF","route":"TAX_RECEIPT","stage":"NORMALIZE","detail":"payload 1.19 KB","method":"POST","url":"/tpr-tax-receipt/pdf"}
{"ts":"2026-05-25T08:39:58.004Z","level":"STEP","reqId":"MPKYH4IN-DNIGZF","route":"TAX_RECEIPT","stage":"TEMPLATE","detail":"render html before pdf","method":"POST","url":"/tpr-tax-receipt/pdf"}
{"ts":"2026-05-25T08:39:58.036Z","level":"INFO","title":"PUPPETEER","message":"launch browser..."}
{"ts":"2026-05-25T08:39:58.414Z","level":"OK","title":"PUPPETEER","message":"browser launched"}
{"ts":"2026-05-25T08:39:58.460Z","level":"STEP","reqId":"MPKYH4IN-DNIGZF","route":"TAX_RECEIPT","stage":"PDF:PAGE_OPEN","detail":"create new page","method":"POST","url":"/tpr-tax-receipt/pdf"}
{"ts":"2026-05-25T08:39:58.464Z","level":"STEP","reqId":"MPKYH4IN-DNIGZF","route":"TAX_RECEIPT","stage":"PDF:SET_CONTENT","detail":"html size 12.1 KB","method":"POST","url":"/tpr-tax-receipt/pdf"}
{"ts":"2026-05-25T08:39:59.544Z","level":"STEP","reqId":"MPKYH4IN-DNIGZF","route":"TAX_RECEIPT","stage":"PDF:FONTS_READY","detail":"waiting document.fonts.ready","method":"POST","url":"/tpr-tax-receipt/pdf"}
{"ts":"2026-05-25T08:39:59.547Z","level":"STEP","reqId":"MPKYH4IN-DNIGZF","route":"TAX_RECEIPT","stage":"PDF:RENDER","detail":"format=A4 media=screen landscape=false","method":"POST","url":"/tpr-tax-receipt/pdf"}
{"ts":"2026-05-25T08:39:59.710Z","level":"STEP","reqId":"MPKYH4IN-DNIGZF","route":"TAX_RECEIPT","stage":"PDF:BUFFER_READY","detail":"pdf size 215 KB","method":"POST","url":"/tpr-tax-receipt/pdf"}
{"ts":"2026-05-25T08:39:59.711Z","level":"STEP","reqId":"MPKYH4IN-DNIGZF","route":"TAX_RECEIPT","stage":"PDF:PAGE_CLOSE","detail":"close page","method":"POST","url":"/tpr-tax-receipt/pdf"}
{"ts":"2026-05-25T08:39:59.727Z","level":"STEP","reqId":"MPKYH4IN-DNIGZF","route":"TAX_RECEIPT","stage":"RESPOND_PDF","detail":"filename=tpr_tax_receipt.pdf","method":"POST","url":"/tpr-tax-receipt/pdf"}
{"ts":"2026-05-25T08:39:59.727Z","level":"PDF_RESPONSE","reqId":"MPKYH4IN-DNIGZF","route":"TAX_RECEIPT","method":"POST","url":"/tpr-tax-receipt/pdf","filename":"tpr_tax_receipt.pdf","pdfBytes":219916}
{"ts":"2026-05-25T08:39:59.729Z","level":"REQUEST_DONE","reqId":"MPKYH4IN-DNIGZF","route":"TAX_RECEIPT","method":"POST","url":"/tpr-tax-receipt/pdf","status":200,"durationMs":1746,"responseSize":"215 KB"}
{"ts":"2026-05-25T10:08:52.964Z","level":"STEP","reqId":"MPL1NH0A-G3IL68","route":"INVOICE","stage":"START","detail":"OPTIONS /tpr-invoice/pdf","method":"OPTIONS","url":"/tpr-invoice/pdf"}
{"ts":"2026-05-25T10:08:52.970Z","level":"REQUEST_START","reqId":"MPL1NH0A-G3IL68","route":"INVOICE","method":"OPTIONS","url":"/tpr-invoice/pdf","ip":"::1","origin":"http://localhost:5174","ua":"Mozilla/5.0 (Windows NT 10.0; Win64; x64) AppleWebKit/537.36 (KHTML, like Gecko) Chrome/148.0.0.0 Safari/537.36","payloadBytes":2}
{"ts":"2026-05-25T10:08:52.975Z","level":"REQUEST_DONE","reqId":"MPL1NH0A-G3IL68","route":"INVOICE","method":"OPTIONS","url":"/tpr-invoice/pdf","status":204,"durationMs":20,"responseSize":"0 B"}
{"ts":"2026-05-25T10:08:52.976Z","level":"STEP","reqId":"MPL1NH0W-5S2ULM","route":"INVOICE","stage":"START","detail":"POST /tpr-invoice/pdf","method":"POST","url":"/tpr-invoice/pdf"}
{"ts":"2026-05-25T10:08:52.977Z","level":"REQUEST_START","reqId":"MPL1NH0W-5S2ULM","route":"INVOICE","method":"POST","url":"/tpr-invoice/pdf","ip":"::1","origin":"http://localhost:5174","ua":"Mozilla/5.0 (Windows NT 10.0; Win64; x64) AppleWebKit/537.36 (KHTML, like Gecko) Chrome/148.0.0.0 Safari/537.36","payloadBytes":2}
{"ts":"2026-05-25T10:08:52.984Z","level":"STEP","reqId":"MPL1NH0W-5S2ULM","route":"INVOICE","stage":"ROUTE","detail":"pdf mode","method":"POST","url":"/tpr-invoice/pdf"}
{"ts":"2026-05-25T10:08:52.985Z","level":"STEP","reqId":"MPL1NH0W-5S2ULM","route":"INVOICE","stage":"NORMALIZE","detail":"payload 1.12 KB","method":"POST","url":"/tpr-invoice/pdf"}
{"ts":"2026-05-25T10:08:52.989Z","level":"STEP","reqId":"MPL1NH0W-5S2ULM","route":"INVOICE","stage":"TEMPLATE","detail":"render html before pdf","method":"POST","url":"/tpr-invoice/pdf"}
{"ts":"2026-05-25T10:08:53.020Z","level":"INFO","title":"PUPPETEER","message":"reuse existing browser instance"}
{"ts":"2026-05-25T10:08:53.259Z","level":"STEP","reqId":"MPL1NH0W-5S2ULM","route":"INVOICE","stage":"PDF:PAGE_OPEN","detail":"create new page","method":"POST","url":"/tpr-invoice/pdf"}
{"ts":"2026-05-25T10:08:53.264Z","level":"STEP","reqId":"MPL1NH0W-5S2ULM","route":"INVOICE","stage":"PDF:SET_CONTENT","detail":"html size 9.55 KB","method":"POST","url":"/tpr-invoice/pdf"}
{"ts":"2026-05-25T10:08:54.337Z","level":"STEP","reqId":"MPL1NH0W-5S2ULM","route":"INVOICE","stage":"PDF:FONTS_READY","detail":"waiting document.fonts.ready","method":"POST","url":"/tpr-invoice/pdf"}
{"ts":"2026-05-25T10:08:54.346Z","level":"STEP","reqId":"MPL1NH0W-5S2ULM","route":"INVOICE","stage":"PDF:RENDER","detail":"format=A4 media=screen landscape=false","method":"POST","url":"/tpr-invoice/pdf"}
{"ts":"2026-05-25T10:08:54.571Z","level":"STEP","reqId":"MPL1NH0W-5S2ULM","route":"INVOICE","stage":"PDF:BUFFER_READY","detail":"pdf size 206 KB","method":"POST","url":"/tpr-invoice/pdf"}
{"ts":"2026-05-25T10:08:54.572Z","level":"STEP","reqId":"MPL1NH0W-5S2ULM","route":"INVOICE","stage":"PDF:PAGE_CLOSE","detail":"close page","method":"POST","url":"/tpr-invoice/pdf"}
{"ts":"2026-05-25T10:08:54.591Z","level":"STEP","reqId":"MPL1NH0W-5S2ULM","route":"INVOICE","stage":"RESPOND_PDF","detail":"filename=tpr_invoice.pdf","method":"POST","url":"/tpr-invoice/pdf"}
{"ts":"2026-05-25T10:08:54.591Z","level":"PDF_RESPONSE","reqId":"MPL1NH0W-5S2ULM","route":"INVOICE","method":"POST","url":"/tpr-invoice/pdf","filename":"tpr_invoice.pdf","pdfBytes":211057}
{"ts":"2026-05-25T10:08:54.593Z","level":"REQUEST_DONE","reqId":"MPL1NH0W-5S2ULM","route":"INVOICE","method":"POST","url":"/tpr-invoice/pdf","status":200,"durationMs":1616,"responseSize":"206 KB"}
{"ts":"2026-05-25T11:14:01.815Z","level":"INFO","title":"TEMPLATE","message":"compile templates\\tpr_quotation.hbs","templatePath":"C:\\Projcet TPR\\report-server\\templates\\tpr_quotation.hbs"}
{"ts":"2026-05-25T11:14:01.817Z","level":"INFO","title":"TEMPLATE","message":"compile templates\\tpr_credit_note.hbs","templatePath":"C:\\Projcet TPR\\report-server\\templates\\tpr_credit_note.hbs"}
{"ts":"2026-05-25T11:14:01.818Z","level":"INFO","title":"TEMPLATE","message":"compile templates\\tpr_invoice.hbs","templatePath":"C:\\Projcet TPR\\report-server\\templates\\tpr_invoice.hbs"}
{"ts":"2026-05-25T11:14:01.819Z","level":"INFO","title":"TEMPLATE","message":"compile templates\\tpr_purchase_order.hbs","templatePath":"C:\\Projcet TPR\\report-server\\templates\\tpr_purchase_order.hbs"}
{"ts":"2026-05-25T11:14:01.820Z","level":"INFO","title":"TEMPLATE","message":"compile templates\\tpr_receipt.hbs","templatePath":"C:\\Projcet TPR\\report-server\\templates\\tpr_receipt.hbs"}
{"ts":"2026-05-25T11:14:01.821Z","level":"INFO","title":"TEMPLATE","message":"compile templates\\tpr_tax_receipt.hbs","templatePath":"C:\\Projcet TPR\\report-server\\templates\\tpr_tax_receipt.hbs"}
{"ts":"2026-05-25T11:14:01.822Z","level":"INFO","title":"TEMPLATE","message":"compile templates\\tpr_withholding_tax_certificate.hbs","templatePath":"C:\\Projcet TPR\\report-server\\templates\\tpr_withholding_tax_certificate.hbs"}
{"ts":"2026-05-25T11:14:01.822Z","level":"INFO","title":"TEMPLATE","message":"compile templates\\tpr_payment_voucher.hbs","templatePath":"C:\\Projcet TPR\\report-server\\templates\\tpr_payment_voucher.hbs"}
{"ts":"2026-05-25T11:14:01.823Z","level":"INFO","title":"TEMPLATE","message":"compile templates\\tpr_receipt_voucher.hbs","templatePath":"C:\\Projcet TPR\\report-server\\templates\\tpr_receipt_voucher.hbs"}
{"ts":"2026-05-25T11:14:01.825Z","level":"INFO","title":"TEMPLATE","message":"compile templates\\tpr_petty_cash_voucher.hbs","templatePath":"C:\\Projcet TPR\\report-server\\templates\\tpr_petty_cash_voucher.hbs"}
{"ts":"2026-05-25T11:14:01.826Z","level":"INFO","title":"TEMPLATE","message":"compile templates\\tpr_petty_cash_request.hbs","templatePath":"C:\\Projcet TPR\\report-server\\templates\\tpr_petty_cash_request.hbs"}
{"ts":"2026-05-25T11:14:01.827Z","level":"INFO","title":"TEMPLATE","message":"compile templates\\tpr_petty_cash_payment_report.hbs","templatePath":"C:\\Projcet TPR\\report-server\\templates\\tpr_petty_cash_payment_report.hbs"}
{"ts":"2026-05-25T11:14:01.828Z","level":"INFO","title":"TEMPLATE","message":"compile templates\\tpr_receipt_certification.hbs","templatePath":"C:\\Projcet TPR\\report-server\\templates\\tpr_receipt_certification.hbs"}
{"ts":"2026-05-25T11:14:01.828Z","level":"INFO","title":"TEMPLATE","message":"compile templates\\tpr_payroll_slip.hbs","templatePath":"C:\\Projcet TPR\\report-server\\templates\\tpr_payroll_slip.hbs"}
{"ts":"2026-05-25T11:14:01.831Z","level":"WARN","title":"CSS","message":"inline missing: C:\\Projcet TPR\\report-server\\public\\css\\quotation.css (ไม่จำเป็นถ้า CSS อยู่ใน hbs แล้ว)","cssPath":"C:\\Projcet TPR\\report-server\\public\\css\\quotation.css"}
{"ts":"2026-05-25T11:14:01.855Z","level":"OK","title":"READY","message":"PDF server is running","port":4100,"logFile":"C:\\Projcet TPR\\report-server\\logs\\server-2026-05-25.log"}
{"ts":"2026-05-25T11:14:01.855Z","level":"BOOT","message":"PDF server is running","port":4100,"logFile":"C:\\Projcet TPR\\report-server\\logs\\server-2026-05-25.log"}
{"ts":"2026-05-25T16:02:10.047Z","level":"INFO","title":"TEMPLATE","message":"compile templates\\tpr_quotation.hbs","templatePath":"C:\\Projcet TPR\\report-server\\templates\\tpr_quotation.hbs"}
{"ts":"2026-05-25T16:02:10.049Z","level":"INFO","title":"TEMPLATE","message":"compile templates\\tpr_credit_note.hbs","templatePath":"C:\\Projcet TPR\\report-server\\templates\\tpr_credit_note.hbs"}
{"ts":"2026-05-25T16:02:10.050Z","level":"INFO","title":"TEMPLATE","message":"compile templates\\tpr_invoice.hbs","templatePath":"C:\\Projcet TPR\\report-server\\templates\\tpr_invoice.hbs"}
{"ts":"2026-05-25T16:02:10.051Z","level":"INFO","title":"TEMPLATE","message":"compile templates\\tpr_purchase_order.hbs","templatePath":"C:\\Projcet TPR\\report-server\\templates\\tpr_purchase_order.hbs"}
{"ts":"2026-05-25T16:02:10.053Z","level":"INFO","title":"TEMPLATE","message":"compile templates\\tpr_receipt.hbs","templatePath":"C:\\Projcet TPR\\report-server\\templates\\tpr_receipt.hbs"}
{"ts":"2026-05-25T16:02:10.055Z","level":"INFO","title":"TEMPLATE","message":"compile templates\\tpr_tax_receipt.hbs","templatePath":"C:\\Projcet TPR\\report-server\\templates\\tpr_tax_receipt.hbs"}
{"ts":"2026-05-25T16:02:10.055Z","level":"INFO","title":"TEMPLATE","message":"compile templates\\tpr_withholding_tax_certificate.hbs","templatePath":"C:\\Projcet TPR\\report-server\\templates\\tpr_withholding_tax_certificate.hbs"}
{"ts":"2026-05-25T16:02:10.057Z","level":"INFO","title":"TEMPLATE","message":"compile templates\\tpr_payment_voucher.hbs","templatePath":"C:\\Projcet TPR\\report-server\\templates\\tpr_payment_voucher.hbs"}
{"ts":"2026-05-25T16:02:10.058Z","level":"INFO","title":"TEMPLATE","message":"compile templates\\tpr_receipt_voucher.hbs","templatePath":"C:\\Projcet TPR\\report-server\\templates\\tpr_receipt_voucher.hbs"}
{"ts":"2026-05-25T16:02:10.059Z","level":"INFO","title":"TEMPLATE","message":"compile templates\\tpr_petty_cash_voucher.hbs","templatePath":"C:\\Projcet TPR\\report-server\\templates\\tpr_petty_cash_voucher.hbs"}
{"ts":"2026-05-25T16:02:10.060Z","level":"INFO","title":"TEMPLATE","message":"compile templates\\tpr_petty_cash_request.hbs","templatePath":"C:\\Projcet TPR\\report-server\\templates\\tpr_petty_cash_request.hbs"}
{"ts":"2026-05-25T16:02:10.061Z","level":"INFO","title":"TEMPLATE","message":"compile templates\\tpr_petty_cash_payment_report.hbs","templatePath":"C:\\Projcet TPR\\report-server\\templates\\tpr_petty_cash_payment_report.hbs"}
{"ts":"2026-05-25T16:02:10.062Z","level":"INFO","title":"TEMPLATE","message":"compile templates\\tpr_receipt_certification.hbs","templatePath":"C:\\Projcet TPR\\report-server\\templates\\tpr_receipt_certification.hbs"}
{"ts":"2026-05-25T16:02:10.063Z","level":"INFO","title":"TEMPLATE","message":"compile templates\\tpr_payroll_slip.hbs","templatePath":"C:\\Projcet TPR\\report-server\\templates\\tpr_payroll_slip.hbs"}
{"ts":"2026-05-25T16:02:10.064Z","level":"WARN","title":"CSS","message":"inline missing: C:\\Projcet TPR\\report-server\\public\\css\\quotation.css (ไม่จำเป็นถ้า CSS อยู่ใน hbs แล้ว)","cssPath":"C:\\Projcet TPR\\report-server\\public\\css\\quotation.css"}
{"ts":"2026-05-25T16:02:10.086Z","level":"OK","title":"READY","message":"PDF server is running","port":4100,"logFile":"C:\\Projcet TPR\\report-server\\logs\\server-2026-05-25.log"}
{"ts":"2026-05-25T16:02:10.086Z","level":"BOOT","message":"PDF server is running","port":4100,"logFile":"C:\\Projcet TPR\\report-server\\logs\\server-2026-05-25.log"}
{"ts":"2026-05-25T16:30:58.136Z","level":"STEP","reqId":"MPLFAU6V-L2MO3X","route":"INVOICE","stage":"START","detail":"OPTIONS /tpr-invoice/pdf","method":"OPTIONS","url":"/tpr-invoice/pdf"}
{"ts":"2026-05-25T16:30:58.138Z","level":"REQUEST_START","reqId":"MPLFAU6V-L2MO3X","route":"INVOICE","method":"OPTIONS","url":"/tpr-invoice/pdf","ip":"::1","origin":"http://localhost:5174","ua":"Mozilla/5.0 (Windows NT 10.0; Win64; x64) AppleWebKit/537.36 (KHTML, like Gecko) Chrome/148.0.0.0 Safari/537.36","payloadBytes":2}
{"ts":"2026-05-25T16:30:58.144Z","level":"REQUEST_DONE","reqId":"MPLFAU6V-L2MO3X","route":"INVOICE","method":"OPTIONS","url":"/tpr-invoice/pdf","status":204,"durationMs":9,"responseSize":"0 B"}
{"ts":"2026-05-25T16:30:58.146Z","level":"STEP","reqId":"MPLFAU76-6LHQWD","route":"INVOICE","stage":"START","detail":"POST /tpr-invoice/pdf","method":"POST","url":"/tpr-invoice/pdf"}
{"ts":"2026-05-25T16:30:58.147Z","level":"REQUEST_START","reqId":"MPLFAU76-6LHQWD","route":"INVOICE","method":"POST","url":"/tpr-invoice/pdf","ip":"::1","origin":"http://localhost:5174","ua":"Mozilla/5.0 (Windows NT 10.0; Win64; x64) AppleWebKit/537.36 (KHTML, like Gecko) Chrome/148.0.0.0 Safari/537.36","payloadBytes":2}
{"ts":"2026-05-25T16:30:58.175Z","level":"STEP","reqId":"MPLFAU76-6LHQWD","route":"INVOICE","stage":"ROUTE","detail":"pdf mode","method":"POST","url":"/tpr-invoice/pdf"}
{"ts":"2026-05-25T16:30:58.176Z","level":"STEP","reqId":"MPLFAU76-6LHQWD","route":"INVOICE","stage":"NORMALIZE","detail":"payload 1.08 KB","method":"POST","url":"/tpr-invoice/pdf"}
{"ts":"2026-05-25T16:30:58.177Z","level":"STEP","reqId":"MPLFAU76-6LHQWD","route":"INVOICE","stage":"TEMPLATE","detail":"render html before pdf","method":"POST","url":"/tpr-invoice/pdf"}
{"ts":"2026-05-25T16:30:58.211Z","level":"INFO","title":"PUPPETEER","message":"launch browser..."}
{"ts":"2026-05-25T16:30:58.952Z","level":"OK","title":"PUPPETEER","message":"browser launched"}
{"ts":"2026-05-25T16:30:58.995Z","level":"STEP","reqId":"MPLFAU76-6LHQWD","route":"INVOICE","stage":"PDF:PAGE_OPEN","detail":"create new page","method":"POST","url":"/tpr-invoice/pdf"}
{"ts":"2026-05-25T16:30:59.000Z","level":"STEP","reqId":"MPLFAU76-6LHQWD","route":"INVOICE","stage":"PDF:SET_CONTENT","detail":"html size 9.50 KB","method":"POST","url":"/tpr-invoice/pdf"}
{"ts":"2026-05-25T16:31:00.392Z","level":"STEP","reqId":"MPLFAU76-6LHQWD","route":"INVOICE","stage":"PDF:FONTS_READY","detail":"waiting document.fonts.ready","method":"POST","url":"/tpr-invoice/pdf"}
{"ts":"2026-05-25T16:31:00.395Z","level":"STEP","reqId":"MPLFAU76-6LHQWD","route":"INVOICE","stage":"PDF:RENDER","detail":"format=A4 media=screen landscape=false","method":"POST","url":"/tpr-invoice/pdf"}
{"ts":"2026-05-25T16:31:00.600Z","level":"STEP","reqId":"MPLFAU76-6LHQWD","route":"INVOICE","stage":"PDF:BUFFER_READY","detail":"pdf size 205 KB","method":"POST","url":"/tpr-invoice/pdf"}
{"ts":"2026-05-25T16:31:00.600Z","level":"STEP","reqId":"MPLFAU76-6LHQWD","route":"INVOICE","stage":"PDF:PAGE_CLOSE","detail":"close page","method":"POST","url":"/tpr-invoice/pdf"}
{"ts":"2026-05-25T16:31:00.614Z","level":"STEP","reqId":"MPLFAU76-6LHQWD","route":"INVOICE","stage":"RESPOND_PDF","detail":"filename=tpr_invoice.pdf","method":"POST","url":"/tpr-invoice/pdf"}
{"ts":"2026-05-25T16:31:00.615Z","level":"PDF_RESPONSE","reqId":"MPLFAU76-6LHQWD","route":"INVOICE","method":"POST","url":"/tpr-invoice/pdf","filename":"tpr_invoice.pdf","pdfBytes":209645}
{"ts":"2026-05-25T16:31:00.619Z","level":"REQUEST_DONE","reqId":"MPLFAU76-6LHQWD","route":"INVOICE","method":"POST","url":"/tpr-invoice/pdf","status":200,"durationMs":2472,"responseSize":"205 KB"}
{"ts":"2026-05-25T16:43:43.020Z","level":"INFO","title":"TEMPLATE","message":"compile templates\\tpr_quotation.hbs","templatePath":"C:\\Projcet TPR\\report-server\\templates\\tpr_quotation.hbs"}
{"ts":"2026-05-25T16:43:43.022Z","level":"INFO","title":"TEMPLATE","message":"compile templates\\tpr_credit_note.hbs","templatePath":"C:\\Projcet TPR\\report-server\\templates\\tpr_credit_note.hbs"}
{"ts":"2026-05-25T16:43:43.023Z","level":"INFO","title":"TEMPLATE","message":"compile templates\\tpr_invoice.hbs","templatePath":"C:\\Projcet TPR\\report-server\\templates\\tpr_invoice.hbs"}
{"ts":"2026-05-25T16:43:43.024Z","level":"INFO","title":"TEMPLATE","message":"compile templates\\tpr_purchase_order.hbs","templatePath":"C:\\Projcet TPR\\report-server\\templates\\tpr_purchase_order.hbs"}
{"ts":"2026-05-25T16:43:43.026Z","level":"INFO","title":"TEMPLATE","message":"compile templates\\tpr_receipt.hbs","templatePath":"C:\\Projcet TPR\\report-server\\templates\\tpr_receipt.hbs"}
{"ts":"2026-05-25T16:43:43.027Z","level":"INFO","title":"TEMPLATE","message":"compile templates\\tpr_tax_receipt.hbs","templatePath":"C:\\Projcet TPR\\report-server\\templates\\tpr_tax_receipt.hbs"}
{"ts":"2026-05-25T16:43:43.028Z","level":"INFO","title":"TEMPLATE","message":"compile templates\\tpr_withholding_tax_certificate.hbs","templatePath":"C:\\Projcet TPR\\report-server\\templates\\tpr_withholding_tax_certificate.hbs"}
{"ts":"2026-05-25T16:43:43.029Z","level":"INFO","title":"TEMPLATE","message":"compile templates\\tpr_payment_voucher.hbs","templatePath":"C:\\Projcet TPR\\report-server\\templates\\tpr_payment_voucher.hbs"}
{"ts":"2026-05-25T16:43:43.030Z","level":"INFO","title":"TEMPLATE","message":"compile templates\\tpr_receipt_voucher.hbs","templatePath":"C:\\Projcet TPR\\report-server\\templates\\tpr_receipt_voucher.hbs"}
{"ts":"2026-05-25T16:43:43.031Z","level":"INFO","title":"TEMPLATE","message":"compile templates\\tpr_petty_cash_voucher.hbs","templatePath":"C:\\Projcet TPR\\report-server\\templates\\tpr_petty_cash_voucher.hbs"}
{"ts":"2026-05-25T16:43:43.031Z","level":"INFO","title":"TEMPLATE","message":"compile templates\\tpr_petty_cash_request.hbs","templatePath":"C:\\Projcet TPR\\report-server\\templates\\tpr_petty_cash_request.hbs"}
{"ts":"2026-05-25T16:43:43.032Z","level":"INFO","title":"TEMPLATE","message":"compile templates\\tpr_petty_cash_payment_report.hbs","templatePath":"C:\\Projcet TPR\\report-server\\templates\\tpr_petty_cash_payment_report.hbs"}
{"ts":"2026-05-25T16:43:43.033Z","level":"INFO","title":"TEMPLATE","message":"compile templates\\tpr_receipt_certification.hbs","templatePath":"C:\\Projcet TPR\\report-server\\templates\\tpr_receipt_certification.hbs"}
{"ts":"2026-05-25T16:43:43.034Z","level":"INFO","title":"TEMPLATE","message":"compile templates\\tpr_payroll_slip.hbs","templatePath":"C:\\Projcet TPR\\report-server\\templates\\tpr_payroll_slip.hbs"}
{"ts":"2026-05-25T16:43:43.035Z","level":"WARN","title":"CSS","message":"inline missing: C:\\Projcet TPR\\report-server\\public\\css\\quotation.css (ไม่จำเป็นถ้า CSS อยู่ใน hbs แล้ว)","cssPath":"C:\\Projcet TPR\\report-server\\public\\css\\quotation.css"}
{"ts":"2026-05-25T16:43:43.059Z","level":"OK","title":"READY","message":"PDF server is running","port":4100,"logFile":"C:\\Projcet TPR\\report-server\\logs\\server-2026-05-25.log"}
{"ts":"2026-05-25T16:43:43.060Z","level":"BOOT","message":"PDF server is running","port":4100,"logFile":"C:\\Projcet TPR\\report-server\\logs\\server-2026-05-25.log"}
