{"ts":"2026-03-16T07:26:13.357Z","level":"INFO","title":"TEMPLATE","message":"compile templates\\tpr_quotation.hbs","templatePath":"D:\\report-server\\templates\\tpr_quotation.hbs"}
{"ts":"2026-03-16T07:26:13.358Z","level":"INFO","title":"TEMPLATE","message":"compile templates\\tpr_credit_note.hbs","templatePath":"D:\\report-server\\templates\\tpr_credit_note.hbs"}
{"ts":"2026-03-16T07:26:13.358Z","level":"INFO","title":"TEMPLATE","message":"compile templates\\tpr_invoice.hbs","templatePath":"D:\\report-server\\templates\\tpr_invoice.hbs"}
{"ts":"2026-03-16T07:26:13.359Z","level":"INFO","title":"TEMPLATE","message":"compile templates\\tpr_purchase_order.hbs","templatePath":"D:\\report-server\\templates\\tpr_purchase_order.hbs"}
{"ts":"2026-03-16T07:26:13.359Z","level":"INFO","title":"TEMPLATE","message":"compile templates\\tpr_receipt.hbs","templatePath":"D:\\report-server\\templates\\tpr_receipt.hbs"}
{"ts":"2026-03-16T07:26:13.360Z","level":"INFO","title":"TEMPLATE","message":"compile templates\\tpr_tax_receipt.hbs","templatePath":"D:\\report-server\\templates\\tpr_tax_receipt.hbs"}
{"ts":"2026-03-16T07:26:13.360Z","level":"INFO","title":"TEMPLATE","message":"compile templates\\tpr_withholding_tax_certificate.hbs","templatePath":"D:\\report-server\\templates\\tpr_withholding_tax_certificate.hbs"}
{"ts":"2026-03-16T07:26:13.361Z","level":"INFO","title":"TEMPLATE","message":"compile templates\\tpr_payment_voucher.hbs","templatePath":"D:\\report-server\\templates\\tpr_payment_voucher.hbs"}
{"ts":"2026-03-16T07:26:13.361Z","level":"INFO","title":"TEMPLATE","message":"compile templates\\tpr_receipt_voucher.hbs","templatePath":"D:\\report-server\\templates\\tpr_receipt_voucher.hbs"}
{"ts":"2026-03-16T07:26:13.361Z","level":"INFO","title":"TEMPLATE","message":"compile templates\\tpr_petty_cash_voucher.hbs","templatePath":"D:\\report-server\\templates\\tpr_petty_cash_voucher.hbs"}
{"ts":"2026-03-16T07:26:13.362Z","level":"INFO","title":"TEMPLATE","message":"compile templates\\tpr_petty_cash_request.hbs","templatePath":"D:\\report-server\\templates\\tpr_petty_cash_request.hbs"}
{"ts":"2026-03-16T07:26:13.362Z","level":"INFO","title":"TEMPLATE","message":"compile templates\\tpr_petty_cash_payment_report.hbs","templatePath":"D:\\report-server\\templates\\tpr_petty_cash_payment_report.hbs"}
{"ts":"2026-03-16T07:26:13.363Z","level":"INFO","title":"TEMPLATE","message":"compile templates\\tpr_receipt_certification.hbs","templatePath":"D:\\report-server\\templates\\tpr_receipt_certification.hbs"}
{"ts":"2026-03-16T07:26:13.363Z","level":"WARN","title":"CSS","message":"inline missing: D:\\report-server\\public\\css\\quotation.css (ไม่จำเป็นถ้า CSS อยู่ใน hbs แล้ว)","cssPath":"D:\\report-server\\public\\css\\quotation.css"}
{"ts":"2026-03-16T07:26:13.377Z","level":"OK","title":"READY","message":"PDF server is running","port":4100,"logFile":"D:\\report-server\\logs\\server-2026-03-16.log"}
{"ts":"2026-03-16T07:26:13.377Z","level":"BOOT","message":"PDF server is running","port":4100,"logFile":"D:\\report-server\\logs\\server-2026-03-16.log"}
{"ts":"2026-03-16T07:26:31.079Z","level":"STEP","reqId":"MMSV11GM-57ZK0A","route":"QUOTATION","stage":"START","detail":"OPTIONS /tpr-quotation/pdf","method":"OPTIONS","url":"/tpr-quotation/pdf"}
{"ts":"2026-03-16T07:26:31.081Z","level":"REQUEST_START","reqId":"MMSV11GM-57ZK0A","route":"QUOTATION","method":"OPTIONS","url":"/tpr-quotation/pdf","ip":"171.103.161.146","origin":"http://localhost:5173","ua":"Mozilla/5.0 (Windows NT 10.0; Win64; x64) AppleWebKit/537.36 (KHTML, like Gecko) Chrome/145.0.0.0 Safari/537.36","payloadBytes":2}
{"ts":"2026-03-16T07:26:31.087Z","level":"REQUEST_DONE","reqId":"MMSV11GM-57ZK0A","route":"QUOTATION","method":"OPTIONS","url":"/tpr-quotation/pdf","status":204,"durationMs":7,"responseSize":"0 B"}
{"ts":"2026-03-16T07:26:31.152Z","level":"STEP","reqId":"MMSV11IN-JJIM1X","route":"QUOTATION","stage":"START","detail":"POST /tpr-quotation/pdf","method":"POST","url":"/tpr-quotation/pdf"}
{"ts":"2026-03-16T07:26:31.154Z","level":"REQUEST_START","reqId":"MMSV11IN-JJIM1X","route":"QUOTATION","method":"POST","url":"/tpr-quotation/pdf","ip":"171.103.161.146","origin":"http://localhost:5173","ua":"Mozilla/5.0 (Windows NT 10.0; Win64; x64) AppleWebKit/537.36 (KHTML, like Gecko) Chrome/145.0.0.0 Safari/537.36","payloadBytes":2}
{"ts":"2026-03-16T07:26:31.169Z","level":"STEP","reqId":"MMSV11IN-JJIM1X","route":"QUOTATION","stage":"ROUTE","detail":"pdf mode","method":"POST","url":"/tpr-quotation/pdf"}
{"ts":"2026-03-16T07:26:31.170Z","level":"STEP","reqId":"MMSV11IN-JJIM1X","route":"QUOTATION","stage":"NORMALIZE","detail":"payload 1.53 KB","method":"POST","url":"/tpr-quotation/pdf"}
{"ts":"2026-03-16T07:26:31.173Z","level":"STEP","reqId":"MMSV11IN-JJIM1X","route":"QUOTATION","stage":"TEMPLATE","detail":"render html before pdf","method":"POST","url":"/tpr-quotation/pdf"}
{"ts":"2026-03-16T07:26:31.181Z","level":"INFO","title":"PUPPETEER","message":"launch browser..."}
{"ts":"2026-03-16T07:26:31.407Z","level":"OK","title":"PUPPETEER","message":"browser launched"}
{"ts":"2026-03-16T07:26:31.425Z","level":"STEP","reqId":"MMSV11IN-JJIM1X","route":"QUOTATION","stage":"PDF:PAGE_OPEN","detail":"create new page","method":"POST","url":"/tpr-quotation/pdf"}
{"ts":"2026-03-16T07:26:31.426Z","level":"STEP","reqId":"MMSV11IN-JJIM1X","route":"QUOTATION","stage":"PDF:SET_CONTENT","detail":"html size 11.7 KB","method":"POST","url":"/tpr-quotation/pdf"}
{"ts":"2026-03-16T07:26:32.347Z","level":"STEP","reqId":"MMSV11IN-JJIM1X","route":"QUOTATION","stage":"PDF:FONTS_READY","detail":"waiting document.fonts.ready","method":"POST","url":"/tpr-quotation/pdf"}
{"ts":"2026-03-16T07:26:32.355Z","level":"STEP","reqId":"MMSV11IN-JJIM1X","route":"QUOTATION","stage":"PDF:RENDER","detail":"format=A4 media=screen landscape=false","method":"POST","url":"/tpr-quotation/pdf"}
{"ts":"2026-03-16T07:26:32.485Z","level":"STEP","reqId":"MMSV11IN-JJIM1X","route":"QUOTATION","stage":"PDF:BUFFER_READY","detail":"pdf size 218 KB","method":"POST","url":"/tpr-quotation/pdf"}
{"ts":"2026-03-16T07:26:32.485Z","level":"STEP","reqId":"MMSV11IN-JJIM1X","route":"QUOTATION","stage":"PDF:PAGE_CLOSE","detail":"close page","method":"POST","url":"/tpr-quotation/pdf"}
{"ts":"2026-03-16T07:26:32.492Z","level":"STEP","reqId":"MMSV11IN-JJIM1X","route":"QUOTATION","stage":"RESPOND_PDF","detail":"filename=tpr_quotation.pdf","method":"POST","url":"/tpr-quotation/pdf"}
{"ts":"2026-03-16T07:26:32.492Z","level":"PDF_RESPONSE","reqId":"MMSV11IN-JJIM1X","route":"QUOTATION","method":"POST","url":"/tpr-quotation/pdf","filename":"tpr_quotation.pdf","pdfBytes":223447}
{"ts":"2026-03-16T07:26:32.493Z","level":"REQUEST_DONE","reqId":"MMSV11IN-JJIM1X","route":"QUOTATION","method":"POST","url":"/tpr-quotation/pdf","status":200,"durationMs":1342,"responseSize":"218 KB"}
{"ts":"2026-03-16T07:29:39.572Z","level":"STEP","reqId":"MMSV52WJ-PNAVMX","route":"QUOTATION","stage":"START","detail":"OPTIONS /tpr-quotation/pdf","method":"OPTIONS","url":"/tpr-quotation/pdf"}
{"ts":"2026-03-16T07:29:39.573Z","level":"REQUEST_START","reqId":"MMSV52WJ-PNAVMX","route":"QUOTATION","method":"OPTIONS","url":"/tpr-quotation/pdf","ip":"171.103.161.146","origin":"http://localhost:5173","ua":"Mozilla/5.0 (Windows NT 10.0; Win64; x64) AppleWebKit/537.36 (KHTML, like Gecko) Chrome/145.0.0.0 Safari/537.36","payloadBytes":2}
{"ts":"2026-03-16T07:29:39.576Z","level":"REQUEST_DONE","reqId":"MMSV52WJ-PNAVMX","route":"QUOTATION","method":"OPTIONS","url":"/tpr-quotation/pdf","status":204,"durationMs":4,"responseSize":"0 B"}
{"ts":"2026-03-16T07:29:39.646Z","level":"STEP","reqId":"MMSV52YL-HDQSIU","route":"QUOTATION","stage":"START","detail":"POST /tpr-quotation/pdf","method":"POST","url":"/tpr-quotation/pdf"}
{"ts":"2026-03-16T07:29:39.647Z","level":"REQUEST_START","reqId":"MMSV52YL-HDQSIU","route":"QUOTATION","method":"POST","url":"/tpr-quotation/pdf","ip":"171.103.161.146","origin":"http://localhost:5173","ua":"Mozilla/5.0 (Windows NT 10.0; Win64; x64) AppleWebKit/537.36 (KHTML, like Gecko) Chrome/145.0.0.0 Safari/537.36","payloadBytes":2}
{"ts":"2026-03-16T07:29:39.649Z","level":"STEP","reqId":"MMSV52YL-HDQSIU","route":"QUOTATION","stage":"ROUTE","detail":"pdf mode","method":"POST","url":"/tpr-quotation/pdf"}
{"ts":"2026-03-16T07:29:39.650Z","level":"STEP","reqId":"MMSV52YL-HDQSIU","route":"QUOTATION","stage":"NORMALIZE","detail":"payload 1.53 KB","method":"POST","url":"/tpr-quotation/pdf"}
{"ts":"2026-03-16T07:29:39.651Z","level":"STEP","reqId":"MMSV52YL-HDQSIU","route":"QUOTATION","stage":"TEMPLATE","detail":"render html before pdf","method":"POST","url":"/tpr-quotation/pdf"}
{"ts":"2026-03-16T07:29:39.652Z","level":"INFO","title":"PUPPETEER","message":"reuse existing browser instance"}
{"ts":"2026-03-16T07:29:39.677Z","level":"STEP","reqId":"MMSV52YL-HDQSIU","route":"QUOTATION","stage":"PDF:PAGE_OPEN","detail":"create new page","method":"POST","url":"/tpr-quotation/pdf"}
{"ts":"2026-03-16T07:29:39.678Z","level":"STEP","reqId":"MMSV52YL-HDQSIU","route":"QUOTATION","stage":"PDF:SET_CONTENT","detail":"html size 11.7 KB","method":"POST","url":"/tpr-quotation/pdf"}
{"ts":"2026-03-16T07:29:40.681Z","level":"STEP","reqId":"MMSV52YL-HDQSIU","route":"QUOTATION","stage":"PDF:FONTS_READY","detail":"waiting document.fonts.ready","method":"POST","url":"/tpr-quotation/pdf"}
{"ts":"2026-03-16T07:29:40.686Z","level":"STEP","reqId":"MMSV52YL-HDQSIU","route":"QUOTATION","stage":"PDF:RENDER","detail":"format=A4 media=screen landscape=false","method":"POST","url":"/tpr-quotation/pdf"}
{"ts":"2026-03-16T07:29:40.816Z","level":"STEP","reqId":"MMSV52YL-HDQSIU","route":"QUOTATION","stage":"PDF:BUFFER_READY","detail":"pdf size 218 KB","method":"POST","url":"/tpr-quotation/pdf"}
{"ts":"2026-03-16T07:29:40.817Z","level":"STEP","reqId":"MMSV52YL-HDQSIU","route":"QUOTATION","stage":"PDF:PAGE_CLOSE","detail":"close page","method":"POST","url":"/tpr-quotation/pdf"}
{"ts":"2026-03-16T07:29:40.823Z","level":"STEP","reqId":"MMSV52YL-HDQSIU","route":"QUOTATION","stage":"RESPOND_PDF","detail":"filename=tpr_quotation.pdf","method":"POST","url":"/tpr-quotation/pdf"}
{"ts":"2026-03-16T07:29:40.823Z","level":"PDF_RESPONSE","reqId":"MMSV52YL-HDQSIU","route":"QUOTATION","method":"POST","url":"/tpr-quotation/pdf","filename":"tpr_quotation.pdf","pdfBytes":223447}
{"ts":"2026-03-16T07:29:40.824Z","level":"REQUEST_DONE","reqId":"MMSV52YL-HDQSIU","route":"QUOTATION","method":"POST","url":"/tpr-quotation/pdf","status":200,"durationMs":1179,"responseSize":"218 KB"}
