{"ts":"2026-06-04T01:54:39.841Z","level":"INFO","title":"TEMPLATE","message":"compile templates\\tpr_quotation.hbs","templatePath":"C:\\Projcet TPR\\report-server\\templates\\tpr_quotation.hbs"}
{"ts":"2026-06-04T01:54:39.842Z","level":"INFO","title":"TEMPLATE","message":"compile templates\\tpr_credit_note.hbs","templatePath":"C:\\Projcet TPR\\report-server\\templates\\tpr_credit_note.hbs"}
{"ts":"2026-06-04T01:54:39.844Z","level":"INFO","title":"TEMPLATE","message":"compile templates\\tpr_invoice.hbs","templatePath":"C:\\Projcet TPR\\report-server\\templates\\tpr_invoice.hbs"}
{"ts":"2026-06-04T01:54:39.845Z","level":"INFO","title":"TEMPLATE","message":"compile templates\\tpr_purchase_order.hbs","templatePath":"C:\\Projcet TPR\\report-server\\templates\\tpr_purchase_order.hbs"}
{"ts":"2026-06-04T01:54:39.846Z","level":"INFO","title":"TEMPLATE","message":"compile templates\\tpr_receipt.hbs","templatePath":"C:\\Projcet TPR\\report-server\\templates\\tpr_receipt.hbs"}
{"ts":"2026-06-04T01:54:39.846Z","level":"INFO","title":"TEMPLATE","message":"compile templates\\tpr_tax_receipt.hbs","templatePath":"C:\\Projcet TPR\\report-server\\templates\\tpr_tax_receipt.hbs"}
{"ts":"2026-06-04T01:54:39.847Z","level":"INFO","title":"TEMPLATE","message":"compile templates\\tpr_withholding_tax_certificate.hbs","templatePath":"C:\\Projcet TPR\\report-server\\templates\\tpr_withholding_tax_certificate.hbs"}
{"ts":"2026-06-04T01:54:39.848Z","level":"INFO","title":"TEMPLATE","message":"compile templates\\tpr_payment_voucher.hbs","templatePath":"C:\\Projcet TPR\\report-server\\templates\\tpr_payment_voucher.hbs"}
{"ts":"2026-06-04T01:54:39.849Z","level":"INFO","title":"TEMPLATE","message":"compile templates\\tpr_receipt_voucher.hbs","templatePath":"C:\\Projcet TPR\\report-server\\templates\\tpr_receipt_voucher.hbs"}
{"ts":"2026-06-04T01:54:39.851Z","level":"INFO","title":"TEMPLATE","message":"compile templates\\tpr_petty_cash_voucher.hbs","templatePath":"C:\\Projcet TPR\\report-server\\templates\\tpr_petty_cash_voucher.hbs"}
{"ts":"2026-06-04T01:54:39.852Z","level":"INFO","title":"TEMPLATE","message":"compile templates\\tpr_petty_cash_request.hbs","templatePath":"C:\\Projcet TPR\\report-server\\templates\\tpr_petty_cash_request.hbs"}
{"ts":"2026-06-04T01:54:39.854Z","level":"INFO","title":"TEMPLATE","message":"compile templates\\tpr_petty_cash_payment_report.hbs","templatePath":"C:\\Projcet TPR\\report-server\\templates\\tpr_petty_cash_payment_report.hbs"}
{"ts":"2026-06-04T01:54:39.855Z","level":"INFO","title":"TEMPLATE","message":"compile templates\\tpr_receipt_certification.hbs","templatePath":"C:\\Projcet TPR\\report-server\\templates\\tpr_receipt_certification.hbs"}
{"ts":"2026-06-04T01:54:39.856Z","level":"INFO","title":"TEMPLATE","message":"compile templates\\tpr_payroll_slip.hbs","templatePath":"C:\\Projcet TPR\\report-server\\templates\\tpr_payroll_slip.hbs"}
{"ts":"2026-06-04T01:54:39.858Z","level":"WARN","title":"CSS","message":"inline missing: C:\\Projcet TPR\\report-server\\public\\css\\quotation.css (ไม่จำเป็นถ้า CSS อยู่ใน hbs แล้ว)","cssPath":"C:\\Projcet TPR\\report-server\\public\\css\\quotation.css"}
{"ts":"2026-06-04T01:54:39.862Z","level":"LOG_CLEANUP","message":"old log deleted","file":"server-2026-05-15.log"}
{"ts":"2026-06-04T01:54:39.863Z","level":"LOG_CLEANUP","message":"old log deleted","file":"server-2026-05-20.log"}
{"ts":"2026-06-04T01:54:39.880Z","level":"OK","title":"READY","message":"PDF server is running","port":4100,"logFile":"C:\\Projcet TPR\\report-server\\logs\\server-2026-06-04.log"}
{"ts":"2026-06-04T01:54:39.880Z","level":"BOOT","message":"PDF server is running","port":4100,"logFile":"C:\\Projcet TPR\\report-server\\logs\\server-2026-06-04.log"}
{"ts":"2026-06-04T01:55:20.902Z","level":"STEP","reqId":"MPYUFAV9-IJFYQQ","route":"GENERAL","stage":"START","detail":"GET /","method":"GET","url":"/"}
{"ts":"2026-06-04T01:55:20.903Z","level":"REQUEST_START","reqId":"MPYUFAV9-IJFYQQ","route":"GENERAL","method":"GET","url":"/","ip":"::1","origin":"http://localhost:5174","ua":"Mozilla/5.0 (Windows NT 10.0; Win64; x64) AppleWebKit/537.36 (KHTML, like Gecko) Chrome/149.0.0.0 Safari/537.36","payloadBytes":2}
{"ts":"2026-06-04T01:55:20.908Z","level":"STEP","reqId":"MPYUFAV9-IJFYQQ","route":"GENERAL","stage":"NOT_FOUND","detail":"GET /","method":"GET","url":"/"}
{"ts":"2026-06-04T01:55:20.915Z","level":"REQUEST_DONE","reqId":"MPYUFAV9-IJFYQQ","route":"GENERAL","method":"GET","url":"/","status":404,"durationMs":13,"responseSize":"56.0 B"}
{"ts":"2026-06-04T01:55:32.917Z","level":"STEP","reqId":"MPYUFK51-YRRY7R","route":"PAYROLL_SLIP","stage":"START","detail":"OPTIONS /tpr-payroll-slip/pdf","method":"OPTIONS","url":"/tpr-payroll-slip/pdf"}
{"ts":"2026-06-04T01:55:32.918Z","level":"REQUEST_START","reqId":"MPYUFK51-YRRY7R","route":"PAYROLL_SLIP","method":"OPTIONS","url":"/tpr-payroll-slip/pdf","ip":"::1","origin":"http://localhost:5174","ua":"Mozilla/5.0 (Windows NT 10.0; Win64; x64) AppleWebKit/537.36 (KHTML, like Gecko) Chrome/149.0.0.0 Safari/537.36","payloadBytes":2}
{"ts":"2026-06-04T01:55:32.920Z","level":"REQUEST_DONE","reqId":"MPYUFK51-YRRY7R","route":"PAYROLL_SLIP","method":"OPTIONS","url":"/tpr-payroll-slip/pdf","status":204,"durationMs":2,"responseSize":"0 B"}
{"ts":"2026-06-04T01:55:32.921Z","level":"STEP","reqId":"MPYUFK55-RWQ7KU","route":"PAYROLL_SLIP","stage":"START","detail":"POST /tpr-payroll-slip/pdf","method":"POST","url":"/tpr-payroll-slip/pdf"}
{"ts":"2026-06-04T01:55:32.922Z","level":"REQUEST_START","reqId":"MPYUFK55-RWQ7KU","route":"PAYROLL_SLIP","method":"POST","url":"/tpr-payroll-slip/pdf","ip":"::1","origin":"http://localhost:5174","ua":"Mozilla/5.0 (Windows NT 10.0; Win64; x64) AppleWebKit/537.36 (KHTML, like Gecko) Chrome/149.0.0.0 Safari/537.36","payloadBytes":2}
{"ts":"2026-06-04T01:55:32.945Z","level":"STEP","reqId":"MPYUFK55-RWQ7KU","route":"PAYROLL_SLIP","stage":"ROUTE","detail":"pdf mode","method":"POST","url":"/tpr-payroll-slip/pdf"}
{"ts":"2026-06-04T01:55:32.946Z","level":"STEP","reqId":"MPYUFK55-RWQ7KU","route":"PAYROLL_SLIP","stage":"NORMALIZE","detail":"payload 2.59 KB","method":"POST","url":"/tpr-payroll-slip/pdf"}
{"ts":"2026-06-04T01:55:32.948Z","level":"STEP","reqId":"MPYUFK55-RWQ7KU","route":"PAYROLL_SLIP","stage":"TEMPLATE","detail":"render html before pdf","method":"POST","url":"/tpr-payroll-slip/pdf"}
{"ts":"2026-06-04T01:55:32.988Z","level":"INFO","title":"PUPPETEER","message":"launch browser..."}
{"ts":"2026-06-04T01:55:33.572Z","level":"OK","title":"PUPPETEER","message":"browser launched"}
{"ts":"2026-06-04T01:55:33.610Z","level":"STEP","reqId":"MPYUFK55-RWQ7KU","route":"PAYROLL_SLIP","stage":"PDF:PAGE_OPEN","detail":"create new page","method":"POST","url":"/tpr-payroll-slip/pdf"}
{"ts":"2026-06-04T01:55:33.613Z","level":"STEP","reqId":"MPYUFK55-RWQ7KU","route":"PAYROLL_SLIP","stage":"PDF:SET_CONTENT","detail":"html size 13.1 KB","method":"POST","url":"/tpr-payroll-slip/pdf"}
{"ts":"2026-06-04T01:55:34.661Z","level":"STEP","reqId":"MPYUFK55-RWQ7KU","route":"PAYROLL_SLIP","stage":"PDF:FONTS_READY","detail":"waiting document.fonts.ready","method":"POST","url":"/tpr-payroll-slip/pdf"}
{"ts":"2026-06-04T01:55:34.663Z","level":"STEP","reqId":"MPYUFK55-RWQ7KU","route":"PAYROLL_SLIP","stage":"PDF:RENDER","detail":"format=A4 media=screen landscape=true","method":"POST","url":"/tpr-payroll-slip/pdf"}
{"ts":"2026-06-04T01:55:34.866Z","level":"STEP","reqId":"MPYUFK55-RWQ7KU","route":"PAYROLL_SLIP","stage":"PDF:BUFFER_READY","detail":"pdf size 408 KB","method":"POST","url":"/tpr-payroll-slip/pdf"}
{"ts":"2026-06-04T01:55:34.867Z","level":"STEP","reqId":"MPYUFK55-RWQ7KU","route":"PAYROLL_SLIP","stage":"PDF:PAGE_CLOSE","detail":"close page","method":"POST","url":"/tpr-payroll-slip/pdf"}
{"ts":"2026-06-04T01:55:34.876Z","level":"STEP","reqId":"MPYUFK55-RWQ7KU","route":"PAYROLL_SLIP","stage":"RESPOND_PDF","detail":"filename=tpr_payroll_slip.pdf","method":"POST","url":"/tpr-payroll-slip/pdf"}
{"ts":"2026-06-04T01:55:34.877Z","level":"PDF_RESPONSE","reqId":"MPYUFK55-RWQ7KU","route":"PAYROLL_SLIP","method":"POST","url":"/tpr-payroll-slip/pdf","filename":"tpr_payroll_slip.pdf","pdfBytes":417479}
{"ts":"2026-06-04T01:55:34.880Z","level":"REQUEST_DONE","reqId":"MPYUFK55-RWQ7KU","route":"PAYROLL_SLIP","method":"POST","url":"/tpr-payroll-slip/pdf","status":200,"durationMs":1958,"responseSize":"408 KB"}
{"ts":"2026-06-04T01:58:41.910Z","level":"INFO","title":"TEMPLATE","message":"compile templates\\tpr_quotation.hbs","templatePath":"C:\\Projcet TPR\\report-server\\templates\\tpr_quotation.hbs"}
{"ts":"2026-06-04T01:58:41.911Z","level":"INFO","title":"TEMPLATE","message":"compile templates\\tpr_credit_note.hbs","templatePath":"C:\\Projcet TPR\\report-server\\templates\\tpr_credit_note.hbs"}
{"ts":"2026-06-04T01:58:41.912Z","level":"INFO","title":"TEMPLATE","message":"compile templates\\tpr_invoice.hbs","templatePath":"C:\\Projcet TPR\\report-server\\templates\\tpr_invoice.hbs"}
{"ts":"2026-06-04T01:58:41.912Z","level":"INFO","title":"TEMPLATE","message":"compile templates\\tpr_purchase_order.hbs","templatePath":"C:\\Projcet TPR\\report-server\\templates\\tpr_purchase_order.hbs"}
{"ts":"2026-06-04T01:58:41.912Z","level":"INFO","title":"TEMPLATE","message":"compile templates\\tpr_receipt.hbs","templatePath":"C:\\Projcet TPR\\report-server\\templates\\tpr_receipt.hbs"}
{"ts":"2026-06-04T01:58:41.913Z","level":"INFO","title":"TEMPLATE","message":"compile templates\\tpr_tax_receipt.hbs","templatePath":"C:\\Projcet TPR\\report-server\\templates\\tpr_tax_receipt.hbs"}
{"ts":"2026-06-04T01:58:41.913Z","level":"INFO","title":"TEMPLATE","message":"compile templates\\tpr_withholding_tax_certificate.hbs","templatePath":"C:\\Projcet TPR\\report-server\\templates\\tpr_withholding_tax_certificate.hbs"}
{"ts":"2026-06-04T01:58:41.915Z","level":"INFO","title":"TEMPLATE","message":"compile templates\\tpr_payment_voucher.hbs","templatePath":"C:\\Projcet TPR\\report-server\\templates\\tpr_payment_voucher.hbs"}
{"ts":"2026-06-04T01:58:41.915Z","level":"INFO","title":"TEMPLATE","message":"compile templates\\tpr_receipt_voucher.hbs","templatePath":"C:\\Projcet TPR\\report-server\\templates\\tpr_receipt_voucher.hbs"}
{"ts":"2026-06-04T01:58:41.916Z","level":"INFO","title":"TEMPLATE","message":"compile templates\\tpr_petty_cash_voucher.hbs","templatePath":"C:\\Projcet TPR\\report-server\\templates\\tpr_petty_cash_voucher.hbs"}
{"ts":"2026-06-04T01:58:41.917Z","level":"INFO","title":"TEMPLATE","message":"compile templates\\tpr_petty_cash_request.hbs","templatePath":"C:\\Projcet TPR\\report-server\\templates\\tpr_petty_cash_request.hbs"}
{"ts":"2026-06-04T01:58:41.917Z","level":"INFO","title":"TEMPLATE","message":"compile templates\\tpr_petty_cash_payment_report.hbs","templatePath":"C:\\Projcet TPR\\report-server\\templates\\tpr_petty_cash_payment_report.hbs"}
{"ts":"2026-06-04T01:58:41.917Z","level":"INFO","title":"TEMPLATE","message":"compile templates\\tpr_receipt_certification.hbs","templatePath":"C:\\Projcet TPR\\report-server\\templates\\tpr_receipt_certification.hbs"}
{"ts":"2026-06-04T01:58:41.918Z","level":"INFO","title":"TEMPLATE","message":"compile templates\\tpr_payroll_slip.hbs","templatePath":"C:\\Projcet TPR\\report-server\\templates\\tpr_payroll_slip.hbs"}
{"ts":"2026-06-04T01:58:41.918Z","level":"WARN","title":"CSS","message":"inline missing: C:\\Projcet TPR\\report-server\\public\\css\\quotation.css (ไม่จำเป็นถ้า CSS อยู่ใน hbs แล้ว)","cssPath":"C:\\Projcet TPR\\report-server\\public\\css\\quotation.css"}
{"ts":"2026-06-04T01:58:41.939Z","level":"OK","title":"READY","message":"PDF server is running","port":4100,"logFile":"C:\\Projcet TPR\\report-server\\logs\\server-2026-06-04.log"}
{"ts":"2026-06-04T01:58:41.939Z","level":"BOOT","message":"PDF server is running","port":4100,"logFile":"C:\\Projcet TPR\\report-server\\logs\\server-2026-06-04.log"}
