{"ts":"2026-05-20T06:58:43.480Z","level":"INFO","title":"TEMPLATE","message":"compile templates\\tpr_quotation.hbs","templatePath":"C:\\Projcet TPR\\report-server\\templates\\tpr_quotation.hbs"}
{"ts":"2026-05-20T06:58:43.482Z","level":"INFO","title":"TEMPLATE","message":"compile templates\\tpr_credit_note.hbs","templatePath":"C:\\Projcet TPR\\report-server\\templates\\tpr_credit_note.hbs"}
{"ts":"2026-05-20T06:58:43.483Z","level":"INFO","title":"TEMPLATE","message":"compile templates\\tpr_invoice.hbs","templatePath":"C:\\Projcet TPR\\report-server\\templates\\tpr_invoice.hbs"}
{"ts":"2026-05-20T06:58:43.484Z","level":"INFO","title":"TEMPLATE","message":"compile templates\\tpr_purchase_order.hbs","templatePath":"C:\\Projcet TPR\\report-server\\templates\\tpr_purchase_order.hbs"}
{"ts":"2026-05-20T06:58:43.486Z","level":"INFO","title":"TEMPLATE","message":"compile templates\\tpr_receipt.hbs","templatePath":"C:\\Projcet TPR\\report-server\\templates\\tpr_receipt.hbs"}
{"ts":"2026-05-20T06:58:43.487Z","level":"INFO","title":"TEMPLATE","message":"compile templates\\tpr_tax_receipt.hbs","templatePath":"C:\\Projcet TPR\\report-server\\templates\\tpr_tax_receipt.hbs"}
{"ts":"2026-05-20T06:58:43.488Z","level":"INFO","title":"TEMPLATE","message":"compile templates\\tpr_withholding_tax_certificate.hbs","templatePath":"C:\\Projcet TPR\\report-server\\templates\\tpr_withholding_tax_certificate.hbs"}
{"ts":"2026-05-20T06:58:43.489Z","level":"INFO","title":"TEMPLATE","message":"compile templates\\tpr_payment_voucher.hbs","templatePath":"C:\\Projcet TPR\\report-server\\templates\\tpr_payment_voucher.hbs"}
{"ts":"2026-05-20T06:58:43.490Z","level":"INFO","title":"TEMPLATE","message":"compile templates\\tpr_receipt_voucher.hbs","templatePath":"C:\\Projcet TPR\\report-server\\templates\\tpr_receipt_voucher.hbs"}
{"ts":"2026-05-20T06:58:43.491Z","level":"INFO","title":"TEMPLATE","message":"compile templates\\tpr_petty_cash_voucher.hbs","templatePath":"C:\\Projcet TPR\\report-server\\templates\\tpr_petty_cash_voucher.hbs"}
{"ts":"2026-05-20T06:58:43.491Z","level":"INFO","title":"TEMPLATE","message":"compile templates\\tpr_petty_cash_request.hbs","templatePath":"C:\\Projcet TPR\\report-server\\templates\\tpr_petty_cash_request.hbs"}
{"ts":"2026-05-20T06:58:43.492Z","level":"INFO","title":"TEMPLATE","message":"compile templates\\tpr_petty_cash_payment_report.hbs","templatePath":"C:\\Projcet TPR\\report-server\\templates\\tpr_petty_cash_payment_report.hbs"}
{"ts":"2026-05-20T06:58:43.493Z","level":"INFO","title":"TEMPLATE","message":"compile templates\\tpr_receipt_certification.hbs","templatePath":"C:\\Projcet TPR\\report-server\\templates\\tpr_receipt_certification.hbs"}
{"ts":"2026-05-20T06:58:43.493Z","level":"INFO","title":"TEMPLATE","message":"compile templates\\tpr_payroll_slip.hbs","templatePath":"C:\\Projcet TPR\\report-server\\templates\\tpr_payroll_slip.hbs"}
{"ts":"2026-05-20T06:58:43.495Z","level":"WARN","title":"CSS","message":"inline missing: C:\\Projcet TPR\\report-server\\public\\css\\quotation.css (ไม่จำเป็นถ้า CSS อยู่ใน hbs แล้ว)","cssPath":"C:\\Projcet TPR\\report-server\\public\\css\\quotation.css"}
{"ts":"2026-05-20T06:58:43.499Z","level":"LOG_CLEANUP","message":"old log deleted","file":"server-2026-05-03.log"}
{"ts":"2026-05-20T06:58:43.500Z","level":"LOG_CLEANUP","message":"old log deleted","file":"server-2026-05-04.log"}
{"ts":"2026-05-20T06:58:43.517Z","level":"OK","title":"READY","message":"PDF server is running","port":4100,"logFile":"C:\\Projcet TPR\\report-server\\logs\\server-2026-05-20.log"}
{"ts":"2026-05-20T06:58:43.517Z","level":"BOOT","message":"PDF server is running","port":4100,"logFile":"C:\\Projcet TPR\\report-server\\logs\\server-2026-05-20.log"}
{"ts":"2026-05-20T06:59:15.260Z","level":"STEP","reqId":"MPDPOCL8-6LCUWA","route":"GENERAL","stage":"START","detail":"GET /","method":"GET","url":"/"}
{"ts":"2026-05-20T06:59:15.262Z","level":"REQUEST_START","reqId":"MPDPOCL8-6LCUWA","route":"GENERAL","method":"GET","url":"/","ip":"::1","origin":"http://localhost:5174","ua":"Mozilla/5.0 (Windows NT 10.0; Win64; x64) AppleWebKit/537.36 (KHTML, like Gecko) Chrome/148.0.0.0 Safari/537.36","payloadBytes":2}
{"ts":"2026-05-20T06:59:15.268Z","level":"STEP","reqId":"MPDPOCL8-6LCUWA","route":"GENERAL","stage":"NOT_FOUND","detail":"GET /","method":"GET","url":"/"}
{"ts":"2026-05-20T06:59:15.273Z","level":"REQUEST_DONE","reqId":"MPDPOCL8-6LCUWA","route":"GENERAL","method":"GET","url":"/","status":404,"durationMs":12,"responseSize":"56.0 B"}
{"ts":"2026-05-20T06:59:30.811Z","level":"STEP","reqId":"MPDPOOL7-8STOA5","route":"INVOICE","stage":"START","detail":"OPTIONS /tpr-invoice/pdf","method":"OPTIONS","url":"/tpr-invoice/pdf"}
{"ts":"2026-05-20T06:59:30.813Z","level":"REQUEST_START","reqId":"MPDPOOL7-8STOA5","route":"INVOICE","method":"OPTIONS","url":"/tpr-invoice/pdf","ip":"::1","origin":"http://localhost:5174","ua":"Mozilla/5.0 (Windows NT 10.0; Win64; x64) AppleWebKit/537.36 (KHTML, like Gecko) Chrome/148.0.0.0 Safari/537.36","payloadBytes":2}
{"ts":"2026-05-20T06:59:30.815Z","level":"REQUEST_DONE","reqId":"MPDPOOL7-8STOA5","route":"INVOICE","method":"OPTIONS","url":"/tpr-invoice/pdf","status":204,"durationMs":3,"responseSize":"0 B"}
{"ts":"2026-05-20T06:59:30.817Z","level":"STEP","reqId":"MPDPOOLC-DY97UO","route":"INVOICE","stage":"START","detail":"POST /tpr-invoice/pdf","method":"POST","url":"/tpr-invoice/pdf"}
{"ts":"2026-05-20T06:59:30.818Z","level":"REQUEST_START","reqId":"MPDPOOLC-DY97UO","route":"INVOICE","method":"POST","url":"/tpr-invoice/pdf","ip":"::1","origin":"http://localhost:5174","ua":"Mozilla/5.0 (Windows NT 10.0; Win64; x64) AppleWebKit/537.36 (KHTML, like Gecko) Chrome/148.0.0.0 Safari/537.36","payloadBytes":2}
{"ts":"2026-05-20T06:59:30.857Z","level":"STEP","reqId":"MPDPOOLC-DY97UO","route":"INVOICE","stage":"ROUTE","detail":"pdf mode","method":"POST","url":"/tpr-invoice/pdf"}
{"ts":"2026-05-20T06:59:30.858Z","level":"STEP","reqId":"MPDPOOLC-DY97UO","route":"INVOICE","stage":"NORMALIZE","detail":"payload 1.11 KB","method":"POST","url":"/tpr-invoice/pdf"}
{"ts":"2026-05-20T06:59:30.863Z","level":"STEP","reqId":"MPDPOOLC-DY97UO","route":"INVOICE","stage":"TEMPLATE","detail":"render html before pdf","method":"POST","url":"/tpr-invoice/pdf"}
{"ts":"2026-05-20T06:59:30.890Z","level":"INFO","title":"PUPPETEER","message":"launch browser..."}
{"ts":"2026-05-20T06:59:31.423Z","level":"OK","title":"PUPPETEER","message":"browser launched"}
{"ts":"2026-05-20T06:59:31.464Z","level":"STEP","reqId":"MPDPOOLC-DY97UO","route":"INVOICE","stage":"PDF:PAGE_OPEN","detail":"create new page","method":"POST","url":"/tpr-invoice/pdf"}
{"ts":"2026-05-20T06:59:31.468Z","level":"STEP","reqId":"MPDPOOLC-DY97UO","route":"INVOICE","stage":"PDF:SET_CONTENT","detail":"html size 10.3 KB","method":"POST","url":"/tpr-invoice/pdf"}
{"ts":"2026-05-20T06:59:32.607Z","level":"STEP","reqId":"MPDPOOLC-DY97UO","route":"INVOICE","stage":"PDF:FONTS_READY","detail":"waiting document.fonts.ready","method":"POST","url":"/tpr-invoice/pdf"}
{"ts":"2026-05-20T06:59:32.610Z","level":"STEP","reqId":"MPDPOOLC-DY97UO","route":"INVOICE","stage":"PDF:RENDER","detail":"format=A4 media=screen landscape=false","method":"POST","url":"/tpr-invoice/pdf"}
{"ts":"2026-05-20T06:59:32.772Z","level":"STEP","reqId":"MPDPOOLC-DY97UO","route":"INVOICE","stage":"PDF:BUFFER_READY","detail":"pdf size 206 KB","method":"POST","url":"/tpr-invoice/pdf"}
{"ts":"2026-05-20T06:59:32.773Z","level":"STEP","reqId":"MPDPOOLC-DY97UO","route":"INVOICE","stage":"PDF:PAGE_CLOSE","detail":"close page","method":"POST","url":"/tpr-invoice/pdf"}
{"ts":"2026-05-20T06:59:32.783Z","level":"STEP","reqId":"MPDPOOLC-DY97UO","route":"INVOICE","stage":"RESPOND_PDF","detail":"filename=tpr_invoice.pdf","method":"POST","url":"/tpr-invoice/pdf"}
{"ts":"2026-05-20T06:59:32.784Z","level":"PDF_RESPONSE","reqId":"MPDPOOLC-DY97UO","route":"INVOICE","method":"POST","url":"/tpr-invoice/pdf","filename":"tpr_invoice.pdf","pdfBytes":210913}
{"ts":"2026-05-20T06:59:32.786Z","level":"REQUEST_DONE","reqId":"MPDPOOLC-DY97UO","route":"INVOICE","method":"POST","url":"/tpr-invoice/pdf","status":200,"durationMs":1970,"responseSize":"206 KB"}
{"ts":"2026-05-20T07:22:18.229Z","level":"STEP","reqId":"MPDQHZP1-C59VL2","route":"QUOTATION","stage":"START","detail":"OPTIONS /tpr-quotation/pdf","method":"OPTIONS","url":"/tpr-quotation/pdf"}
{"ts":"2026-05-20T07:22:18.230Z","level":"REQUEST_START","reqId":"MPDQHZP1-C59VL2","route":"QUOTATION","method":"OPTIONS","url":"/tpr-quotation/pdf","ip":"::1","origin":"http://localhost:5174","ua":"Mozilla/5.0 (Windows NT 10.0; Win64; x64) AppleWebKit/537.36 (KHTML, like Gecko) Chrome/148.0.0.0 Safari/537.36","payloadBytes":2}
{"ts":"2026-05-20T07:22:18.232Z","level":"REQUEST_DONE","reqId":"MPDQHZP1-C59VL2","route":"QUOTATION","method":"OPTIONS","url":"/tpr-quotation/pdf","status":204,"durationMs":2,"responseSize":"0 B"}
{"ts":"2026-05-20T07:22:18.233Z","level":"STEP","reqId":"MPDQHZP5-XJUAIA","route":"QUOTATION","stage":"START","detail":"POST /tpr-quotation/pdf","method":"POST","url":"/tpr-quotation/pdf"}
{"ts":"2026-05-20T07:22:18.233Z","level":"REQUEST_START","reqId":"MPDQHZP5-XJUAIA","route":"QUOTATION","method":"POST","url":"/tpr-quotation/pdf","ip":"::1","origin":"http://localhost:5174","ua":"Mozilla/5.0 (Windows NT 10.0; Win64; x64) AppleWebKit/537.36 (KHTML, like Gecko) Chrome/148.0.0.0 Safari/537.36","payloadBytes":2}
{"ts":"2026-05-20T07:22:18.235Z","level":"STEP","reqId":"MPDQHZP5-XJUAIA","route":"QUOTATION","stage":"ROUTE","detail":"pdf mode","method":"POST","url":"/tpr-quotation/pdf"}
{"ts":"2026-05-20T07:22:18.235Z","level":"STEP","reqId":"MPDQHZP5-XJUAIA","route":"QUOTATION","stage":"NORMALIZE","detail":"payload 1.27 KB","method":"POST","url":"/tpr-quotation/pdf"}
{"ts":"2026-05-20T07:22:18.237Z","level":"STEP","reqId":"MPDQHZP5-XJUAIA","route":"QUOTATION","stage":"TEMPLATE","detail":"render html before pdf","method":"POST","url":"/tpr-quotation/pdf"}
{"ts":"2026-05-20T07:22:18.249Z","level":"INFO","title":"PUPPETEER","message":"reuse existing browser instance"}
{"ts":"2026-05-20T07:22:18.319Z","level":"STEP","reqId":"MPDQHZP5-XJUAIA","route":"QUOTATION","stage":"PDF:PAGE_OPEN","detail":"create new page","method":"POST","url":"/tpr-quotation/pdf"}
{"ts":"2026-05-20T07:22:18.323Z","level":"STEP","reqId":"MPDQHZP5-XJUAIA","route":"QUOTATION","stage":"PDF:SET_CONTENT","detail":"html size 11.0 KB","method":"POST","url":"/tpr-quotation/pdf"}
{"ts":"2026-05-20T07:22:19.317Z","level":"STEP","reqId":"MPDQHZP5-XJUAIA","route":"QUOTATION","stage":"PDF:FONTS_READY","detail":"waiting document.fonts.ready","method":"POST","url":"/tpr-quotation/pdf"}
{"ts":"2026-05-20T07:22:19.319Z","level":"STEP","reqId":"MPDQHZP5-XJUAIA","route":"QUOTATION","stage":"PDF:RENDER","detail":"format=A4 media=screen landscape=false","method":"POST","url":"/tpr-quotation/pdf"}
{"ts":"2026-05-20T07:22:19.480Z","level":"STEP","reqId":"MPDQHZP5-XJUAIA","route":"QUOTATION","stage":"PDF:BUFFER_READY","detail":"pdf size 211 KB","method":"POST","url":"/tpr-quotation/pdf"}
{"ts":"2026-05-20T07:22:19.481Z","level":"STEP","reqId":"MPDQHZP5-XJUAIA","route":"QUOTATION","stage":"PDF:PAGE_CLOSE","detail":"close page","method":"POST","url":"/tpr-quotation/pdf"}
{"ts":"2026-05-20T07:22:19.496Z","level":"STEP","reqId":"MPDQHZP5-XJUAIA","route":"QUOTATION","stage":"RESPOND_PDF","detail":"filename=tpr_quotation.pdf","method":"POST","url":"/tpr-quotation/pdf"}
{"ts":"2026-05-20T07:22:19.496Z","level":"PDF_RESPONSE","reqId":"MPDQHZP5-XJUAIA","route":"QUOTATION","method":"POST","url":"/tpr-quotation/pdf","filename":"tpr_quotation.pdf","pdfBytes":215984}
{"ts":"2026-05-20T07:22:19.499Z","level":"REQUEST_DONE","reqId":"MPDQHZP5-XJUAIA","route":"QUOTATION","method":"POST","url":"/tpr-quotation/pdf","status":200,"durationMs":1265,"responseSize":"211 KB"}
{"ts":"2026-05-20T10:52:06.597Z","level":"INFO","title":"TEMPLATE","message":"compile templates\\tpr_quotation.hbs","templatePath":"C:\\Projcet TPR\\report-server\\templates\\tpr_quotation.hbs"}
{"ts":"2026-05-20T10:52:06.600Z","level":"INFO","title":"TEMPLATE","message":"compile templates\\tpr_credit_note.hbs","templatePath":"C:\\Projcet TPR\\report-server\\templates\\tpr_credit_note.hbs"}
{"ts":"2026-05-20T10:52:06.601Z","level":"INFO","title":"TEMPLATE","message":"compile templates\\tpr_invoice.hbs","templatePath":"C:\\Projcet TPR\\report-server\\templates\\tpr_invoice.hbs"}
{"ts":"2026-05-20T10:52:06.602Z","level":"INFO","title":"TEMPLATE","message":"compile templates\\tpr_purchase_order.hbs","templatePath":"C:\\Projcet TPR\\report-server\\templates\\tpr_purchase_order.hbs"}
{"ts":"2026-05-20T10:52:06.603Z","level":"INFO","title":"TEMPLATE","message":"compile templates\\tpr_receipt.hbs","templatePath":"C:\\Projcet TPR\\report-server\\templates\\tpr_receipt.hbs"}
{"ts":"2026-05-20T10:52:06.605Z","level":"INFO","title":"TEMPLATE","message":"compile templates\\tpr_tax_receipt.hbs","templatePath":"C:\\Projcet TPR\\report-server\\templates\\tpr_tax_receipt.hbs"}
{"ts":"2026-05-20T10:52:06.606Z","level":"INFO","title":"TEMPLATE","message":"compile templates\\tpr_withholding_tax_certificate.hbs","templatePath":"C:\\Projcet TPR\\report-server\\templates\\tpr_withholding_tax_certificate.hbs"}
{"ts":"2026-05-20T10:52:06.607Z","level":"INFO","title":"TEMPLATE","message":"compile templates\\tpr_payment_voucher.hbs","templatePath":"C:\\Projcet TPR\\report-server\\templates\\tpr_payment_voucher.hbs"}
{"ts":"2026-05-20T10:52:06.608Z","level":"INFO","title":"TEMPLATE","message":"compile templates\\tpr_receipt_voucher.hbs","templatePath":"C:\\Projcet TPR\\report-server\\templates\\tpr_receipt_voucher.hbs"}
{"ts":"2026-05-20T10:52:06.609Z","level":"INFO","title":"TEMPLATE","message":"compile templates\\tpr_petty_cash_voucher.hbs","templatePath":"C:\\Projcet TPR\\report-server\\templates\\tpr_petty_cash_voucher.hbs"}
{"ts":"2026-05-20T10:52:06.610Z","level":"INFO","title":"TEMPLATE","message":"compile templates\\tpr_petty_cash_request.hbs","templatePath":"C:\\Projcet TPR\\report-server\\templates\\tpr_petty_cash_request.hbs"}
{"ts":"2026-05-20T10:52:06.610Z","level":"INFO","title":"TEMPLATE","message":"compile templates\\tpr_petty_cash_payment_report.hbs","templatePath":"C:\\Projcet TPR\\report-server\\templates\\tpr_petty_cash_payment_report.hbs"}
{"ts":"2026-05-20T10:52:06.611Z","level":"INFO","title":"TEMPLATE","message":"compile templates\\tpr_receipt_certification.hbs","templatePath":"C:\\Projcet TPR\\report-server\\templates\\tpr_receipt_certification.hbs"}
{"ts":"2026-05-20T10:52:06.612Z","level":"INFO","title":"TEMPLATE","message":"compile templates\\tpr_payroll_slip.hbs","templatePath":"C:\\Projcet TPR\\report-server\\templates\\tpr_payroll_slip.hbs"}
{"ts":"2026-05-20T10:52:06.613Z","level":"WARN","title":"CSS","message":"inline missing: C:\\Projcet TPR\\report-server\\public\\css\\quotation.css (ไม่จำเป็นถ้า CSS อยู่ใน hbs แล้ว)","cssPath":"C:\\Projcet TPR\\report-server\\public\\css\\quotation.css"}
{"ts":"2026-05-20T10:52:06.616Z","level":"LOG_CLEANUP","message":"old log deleted","file":"server-2026-05-06.log"}
{"ts":"2026-05-20T10:52:06.634Z","level":"OK","title":"READY","message":"PDF server is running","port":4100,"logFile":"C:\\Projcet TPR\\report-server\\logs\\server-2026-05-20.log"}
{"ts":"2026-05-20T10:52:06.635Z","level":"BOOT","message":"PDF server is running","port":4100,"logFile":"C:\\Projcet TPR\\report-server\\logs\\server-2026-05-20.log"}
