{"ts":"2026-05-04T01:27:57.144Z","level":"INFO","title":"TEMPLATE","message":"compile templates\\tpr_quotation.hbs","templatePath":"C:\\Projcet TPR\\report-server\\templates\\tpr_quotation.hbs"}
{"ts":"2026-05-04T01:27:57.146Z","level":"INFO","title":"TEMPLATE","message":"compile templates\\tpr_credit_note.hbs","templatePath":"C:\\Projcet TPR\\report-server\\templates\\tpr_credit_note.hbs"}
{"ts":"2026-05-04T01:27:57.147Z","level":"INFO","title":"TEMPLATE","message":"compile templates\\tpr_invoice.hbs","templatePath":"C:\\Projcet TPR\\report-server\\templates\\tpr_invoice.hbs"}
{"ts":"2026-05-04T01:27:57.148Z","level":"INFO","title":"TEMPLATE","message":"compile templates\\tpr_purchase_order.hbs","templatePath":"C:\\Projcet TPR\\report-server\\templates\\tpr_purchase_order.hbs"}
{"ts":"2026-05-04T01:27:57.149Z","level":"INFO","title":"TEMPLATE","message":"compile templates\\tpr_receipt.hbs","templatePath":"C:\\Projcet TPR\\report-server\\templates\\tpr_receipt.hbs"}
{"ts":"2026-05-04T01:27:57.151Z","level":"INFO","title":"TEMPLATE","message":"compile templates\\tpr_tax_receipt.hbs","templatePath":"C:\\Projcet TPR\\report-server\\templates\\tpr_tax_receipt.hbs"}
{"ts":"2026-05-04T01:27:57.152Z","level":"INFO","title":"TEMPLATE","message":"compile templates\\tpr_withholding_tax_certificate.hbs","templatePath":"C:\\Projcet TPR\\report-server\\templates\\tpr_withholding_tax_certificate.hbs"}
{"ts":"2026-05-04T01:27:57.153Z","level":"INFO","title":"TEMPLATE","message":"compile templates\\tpr_payment_voucher.hbs","templatePath":"C:\\Projcet TPR\\report-server\\templates\\tpr_payment_voucher.hbs"}
{"ts":"2026-05-04T01:27:57.155Z","level":"INFO","title":"TEMPLATE","message":"compile templates\\tpr_receipt_voucher.hbs","templatePath":"C:\\Projcet TPR\\report-server\\templates\\tpr_receipt_voucher.hbs"}
{"ts":"2026-05-04T01:27:57.156Z","level":"INFO","title":"TEMPLATE","message":"compile templates\\tpr_petty_cash_voucher.hbs","templatePath":"C:\\Projcet TPR\\report-server\\templates\\tpr_petty_cash_voucher.hbs"}
{"ts":"2026-05-04T01:27:57.157Z","level":"INFO","title":"TEMPLATE","message":"compile templates\\tpr_petty_cash_request.hbs","templatePath":"C:\\Projcet TPR\\report-server\\templates\\tpr_petty_cash_request.hbs"}
{"ts":"2026-05-04T01:27:57.158Z","level":"INFO","title":"TEMPLATE","message":"compile templates\\tpr_petty_cash_payment_report.hbs","templatePath":"C:\\Projcet TPR\\report-server\\templates\\tpr_petty_cash_payment_report.hbs"}
{"ts":"2026-05-04T01:27:57.159Z","level":"INFO","title":"TEMPLATE","message":"compile templates\\tpr_receipt_certification.hbs","templatePath":"C:\\Projcet TPR\\report-server\\templates\\tpr_receipt_certification.hbs"}
{"ts":"2026-05-04T01:27:57.160Z","level":"WARN","title":"CSS","message":"inline missing: C:\\Projcet TPR\\report-server\\public\\css\\quotation.css (ไม่จำเป็นถ้า CSS อยู่ใน hbs แล้ว)","cssPath":"C:\\Projcet TPR\\report-server\\public\\css\\quotation.css"}
{"ts":"2026-05-04T01:27:57.215Z","level":"OK","title":"READY","message":"PDF server is running","port":4100,"logFile":"C:\\Projcet TPR\\report-server\\logs\\server-2026-05-04.log"}
{"ts":"2026-05-04T01:27:57.215Z","level":"BOOT","message":"PDF server is running","port":4100,"logFile":"C:\\Projcet TPR\\report-server\\logs\\server-2026-05-04.log"}
{"ts":"2026-05-04T01:49:40.266Z","level":"STEP","reqId":"MOQJKLD4-Q2DPWM","route":"WHT_CERT","stage":"START","detail":"OPTIONS /tpr-withholding-tax-certificate/pdf","method":"OPTIONS","url":"/tpr-withholding-tax-certificate/pdf"}
{"ts":"2026-05-04T01:49:40.269Z","level":"REQUEST_START","reqId":"MOQJKLD4-Q2DPWM","route":"WHT_CERT","method":"OPTIONS","url":"/tpr-withholding-tax-certificate/pdf","ip":"::1","origin":"http://localhost:5174","ua":"Mozilla/5.0 (Windows NT 10.0; Win64; x64) AppleWebKit/537.36 (KHTML, like Gecko) Chrome/147.0.0.0 Safari/537.36","payloadBytes":2}
{"ts":"2026-05-04T01:49:40.277Z","level":"REQUEST_DONE","reqId":"MOQJKLD4-Q2DPWM","route":"WHT_CERT","method":"OPTIONS","url":"/tpr-withholding-tax-certificate/pdf","status":204,"durationMs":12,"responseSize":"0 B"}
{"ts":"2026-05-04T01:49:40.279Z","level":"STEP","reqId":"MOQJKLDJ-AA2Z6R","route":"WHT_CERT","stage":"START","detail":"POST /tpr-withholding-tax-certificate/pdf","method":"POST","url":"/tpr-withholding-tax-certificate/pdf"}
{"ts":"2026-05-04T01:49:40.280Z","level":"REQUEST_START","reqId":"MOQJKLDJ-AA2Z6R","route":"WHT_CERT","method":"POST","url":"/tpr-withholding-tax-certificate/pdf","ip":"::1","origin":"http://localhost:5174","ua":"Mozilla/5.0 (Windows NT 10.0; Win64; x64) AppleWebKit/537.36 (KHTML, like Gecko) Chrome/147.0.0.0 Safari/537.36","payloadBytes":2}
{"ts":"2026-05-04T01:49:40.310Z","level":"STEP","reqId":"MOQJKLDJ-AA2Z6R","route":"WHT_CERT","stage":"ROUTE","detail":"pdf mode","method":"POST","url":"/tpr-withholding-tax-certificate/pdf"}
{"ts":"2026-05-04T01:49:40.311Z","level":"STEP","reqId":"MOQJKLDJ-AA2Z6R","route":"WHT_CERT","stage":"NORMALIZE","detail":"payload 875 B","method":"POST","url":"/tpr-withholding-tax-certificate/pdf"}
{"ts":"2026-05-04T01:49:40.314Z","level":"STEP","reqId":"MOQJKLDJ-AA2Z6R","route":"WHT_CERT","stage":"TEMPLATE","detail":"render html before pdf","method":"POST","url":"/tpr-withholding-tax-certificate/pdf"}
{"ts":"2026-05-04T01:49:40.378Z","level":"INFO","title":"PUPPETEER","message":"launch browser..."}
{"ts":"2026-05-04T01:49:41.016Z","level":"OK","title":"PUPPETEER","message":"browser launched"}
{"ts":"2026-05-04T01:49:41.058Z","level":"STEP","reqId":"MOQJKLDJ-AA2Z6R","route":"WHT_CERT","stage":"PDF:PAGE_OPEN","detail":"create new page","method":"POST","url":"/tpr-withholding-tax-certificate/pdf"}
{"ts":"2026-05-04T01:49:41.061Z","level":"STEP","reqId":"MOQJKLDJ-AA2Z6R","route":"WHT_CERT","stage":"PDF:SET_CONTENT","detail":"html size 27.2 KB","method":"POST","url":"/tpr-withholding-tax-certificate/pdf"}
{"ts":"2026-05-04T01:49:41.887Z","level":"STEP","reqId":"MOQJKLDJ-AA2Z6R","route":"WHT_CERT","stage":"PDF:FONTS_READY","detail":"waiting document.fonts.ready","method":"POST","url":"/tpr-withholding-tax-certificate/pdf"}
{"ts":"2026-05-04T01:49:41.890Z","level":"STEP","reqId":"MOQJKLDJ-AA2Z6R","route":"WHT_CERT","stage":"PDF:RENDER","detail":"format=A4 media=print landscape=false","method":"POST","url":"/tpr-withholding-tax-certificate/pdf"}
{"ts":"2026-05-04T01:49:42.057Z","level":"STEP","reqId":"MOQJKLDJ-AA2Z6R","route":"WHT_CERT","stage":"PDF:BUFFER_READY","detail":"pdf size 196 KB","method":"POST","url":"/tpr-withholding-tax-certificate/pdf"}
{"ts":"2026-05-04T01:49:42.058Z","level":"STEP","reqId":"MOQJKLDJ-AA2Z6R","route":"WHT_CERT","stage":"PDF:PAGE_CLOSE","detail":"close page","method":"POST","url":"/tpr-withholding-tax-certificate/pdf"}
{"ts":"2026-05-04T01:49:42.068Z","level":"STEP","reqId":"MOQJKLDJ-AA2Z6R","route":"WHT_CERT","stage":"RESPOND_PDF","detail":"filename=tpr_withholding_tax_certificate.pdf","method":"POST","url":"/tpr-withholding-tax-certificate/pdf"}
{"ts":"2026-05-04T01:49:42.069Z","level":"PDF_RESPONSE","reqId":"MOQJKLDJ-AA2Z6R","route":"WHT_CERT","method":"POST","url":"/tpr-withholding-tax-certificate/pdf","filename":"tpr_withholding_tax_certificate.pdf","pdfBytes":200822}
{"ts":"2026-05-04T01:49:42.073Z","level":"REQUEST_DONE","reqId":"MOQJKLDJ-AA2Z6R","route":"WHT_CERT","method":"POST","url":"/tpr-withholding-tax-certificate/pdf","status":200,"durationMs":1794,"responseSize":"196 KB"}
{"ts":"2026-05-04T02:02:39.852Z","level":"INFO","title":"TEMPLATE","message":"compile templates\\tpr_quotation.hbs","templatePath":"C:\\Projcet TPR\\report-server\\templates\\tpr_quotation.hbs"}
{"ts":"2026-05-04T02:02:39.855Z","level":"INFO","title":"TEMPLATE","message":"compile templates\\tpr_credit_note.hbs","templatePath":"C:\\Projcet TPR\\report-server\\templates\\tpr_credit_note.hbs"}
{"ts":"2026-05-04T02:02:39.856Z","level":"INFO","title":"TEMPLATE","message":"compile templates\\tpr_invoice.hbs","templatePath":"C:\\Projcet TPR\\report-server\\templates\\tpr_invoice.hbs"}
{"ts":"2026-05-04T02:02:39.857Z","level":"INFO","title":"TEMPLATE","message":"compile templates\\tpr_purchase_order.hbs","templatePath":"C:\\Projcet TPR\\report-server\\templates\\tpr_purchase_order.hbs"}
{"ts":"2026-05-04T02:02:39.859Z","level":"INFO","title":"TEMPLATE","message":"compile templates\\tpr_receipt.hbs","templatePath":"C:\\Projcet TPR\\report-server\\templates\\tpr_receipt.hbs"}
{"ts":"2026-05-04T02:02:39.860Z","level":"INFO","title":"TEMPLATE","message":"compile templates\\tpr_tax_receipt.hbs","templatePath":"C:\\Projcet TPR\\report-server\\templates\\tpr_tax_receipt.hbs"}
{"ts":"2026-05-04T02:02:39.861Z","level":"INFO","title":"TEMPLATE","message":"compile templates\\tpr_withholding_tax_certificate.hbs","templatePath":"C:\\Projcet TPR\\report-server\\templates\\tpr_withholding_tax_certificate.hbs"}
{"ts":"2026-05-04T02:02:39.862Z","level":"INFO","title":"TEMPLATE","message":"compile templates\\tpr_payment_voucher.hbs","templatePath":"C:\\Projcet TPR\\report-server\\templates\\tpr_payment_voucher.hbs"}
{"ts":"2026-05-04T02:02:39.863Z","level":"INFO","title":"TEMPLATE","message":"compile templates\\tpr_receipt_voucher.hbs","templatePath":"C:\\Projcet TPR\\report-server\\templates\\tpr_receipt_voucher.hbs"}
{"ts":"2026-05-04T02:02:39.864Z","level":"INFO","title":"TEMPLATE","message":"compile templates\\tpr_petty_cash_voucher.hbs","templatePath":"C:\\Projcet TPR\\report-server\\templates\\tpr_petty_cash_voucher.hbs"}
{"ts":"2026-05-04T02:02:39.864Z","level":"INFO","title":"TEMPLATE","message":"compile templates\\tpr_petty_cash_request.hbs","templatePath":"C:\\Projcet TPR\\report-server\\templates\\tpr_petty_cash_request.hbs"}
{"ts":"2026-05-04T02:02:39.865Z","level":"INFO","title":"TEMPLATE","message":"compile templates\\tpr_petty_cash_payment_report.hbs","templatePath":"C:\\Projcet TPR\\report-server\\templates\\tpr_petty_cash_payment_report.hbs"}
{"ts":"2026-05-04T02:02:39.866Z","level":"INFO","title":"TEMPLATE","message":"compile templates\\tpr_receipt_certification.hbs","templatePath":"C:\\Projcet TPR\\report-server\\templates\\tpr_receipt_certification.hbs"}
{"ts":"2026-05-04T02:02:39.867Z","level":"WARN","title":"CSS","message":"inline missing: C:\\Projcet TPR\\report-server\\public\\css\\quotation.css (ไม่จำเป็นถ้า CSS อยู่ใน hbs แล้ว)","cssPath":"C:\\Projcet TPR\\report-server\\public\\css\\quotation.css"}
{"ts":"2026-05-04T02:02:39.889Z","level":"OK","title":"READY","message":"PDF server is running","port":4100,"logFile":"C:\\Projcet TPR\\report-server\\logs\\server-2026-05-04.log"}
{"ts":"2026-05-04T02:02:39.890Z","level":"BOOT","message":"PDF server is running","port":4100,"logFile":"C:\\Projcet TPR\\report-server\\logs\\server-2026-05-04.log"}
{"ts":"2026-05-04T02:06:44.449Z","level":"INFO","title":"TEMPLATE","message":"compile templates\\tpr_quotation.hbs","templatePath":"C:\\Projcet TPR\\report-server\\templates\\tpr_quotation.hbs"}
{"ts":"2026-05-04T02:06:44.451Z","level":"INFO","title":"TEMPLATE","message":"compile templates\\tpr_credit_note.hbs","templatePath":"C:\\Projcet TPR\\report-server\\templates\\tpr_credit_note.hbs"}
{"ts":"2026-05-04T02:06:44.451Z","level":"INFO","title":"TEMPLATE","message":"compile templates\\tpr_invoice.hbs","templatePath":"C:\\Projcet TPR\\report-server\\templates\\tpr_invoice.hbs"}
{"ts":"2026-05-04T02:06:44.452Z","level":"INFO","title":"TEMPLATE","message":"compile templates\\tpr_purchase_order.hbs","templatePath":"C:\\Projcet TPR\\report-server\\templates\\tpr_purchase_order.hbs"}
{"ts":"2026-05-04T02:06:44.452Z","level":"INFO","title":"TEMPLATE","message":"compile templates\\tpr_receipt.hbs","templatePath":"C:\\Projcet TPR\\report-server\\templates\\tpr_receipt.hbs"}
{"ts":"2026-05-04T02:06:44.453Z","level":"INFO","title":"TEMPLATE","message":"compile templates\\tpr_tax_receipt.hbs","templatePath":"C:\\Projcet TPR\\report-server\\templates\\tpr_tax_receipt.hbs"}
{"ts":"2026-05-04T02:06:44.453Z","level":"INFO","title":"TEMPLATE","message":"compile templates\\tpr_withholding_tax_certificate.hbs","templatePath":"C:\\Projcet TPR\\report-server\\templates\\tpr_withholding_tax_certificate.hbs"}
{"ts":"2026-05-04T02:06:44.454Z","level":"INFO","title":"TEMPLATE","message":"compile templates\\tpr_payment_voucher.hbs","templatePath":"C:\\Projcet TPR\\report-server\\templates\\tpr_payment_voucher.hbs"}
{"ts":"2026-05-04T02:06:44.455Z","level":"INFO","title":"TEMPLATE","message":"compile templates\\tpr_receipt_voucher.hbs","templatePath":"C:\\Projcet TPR\\report-server\\templates\\tpr_receipt_voucher.hbs"}
{"ts":"2026-05-04T02:06:44.456Z","level":"INFO","title":"TEMPLATE","message":"compile templates\\tpr_petty_cash_voucher.hbs","templatePath":"C:\\Projcet TPR\\report-server\\templates\\tpr_petty_cash_voucher.hbs"}
{"ts":"2026-05-04T02:06:44.456Z","level":"INFO","title":"TEMPLATE","message":"compile templates\\tpr_petty_cash_request.hbs","templatePath":"C:\\Projcet TPR\\report-server\\templates\\tpr_petty_cash_request.hbs"}
{"ts":"2026-05-04T02:06:44.457Z","level":"INFO","title":"TEMPLATE","message":"compile templates\\tpr_petty_cash_payment_report.hbs","templatePath":"C:\\Projcet TPR\\report-server\\templates\\tpr_petty_cash_payment_report.hbs"}
{"ts":"2026-05-04T02:06:44.457Z","level":"INFO","title":"TEMPLATE","message":"compile templates\\tpr_receipt_certification.hbs","templatePath":"C:\\Projcet TPR\\report-server\\templates\\tpr_receipt_certification.hbs"}
{"ts":"2026-05-04T02:06:44.458Z","level":"WARN","title":"CSS","message":"inline missing: C:\\Projcet TPR\\report-server\\public\\css\\quotation.css (ไม่จำเป็นถ้า CSS อยู่ใน hbs แล้ว)","cssPath":"C:\\Projcet TPR\\report-server\\public\\css\\quotation.css"}
{"ts":"2026-05-04T02:06:44.480Z","level":"OK","title":"READY","message":"PDF server is running","port":4100,"logFile":"C:\\Projcet TPR\\report-server\\logs\\server-2026-05-04.log"}
{"ts":"2026-05-04T02:06:44.481Z","level":"BOOT","message":"PDF server is running","port":4100,"logFile":"C:\\Projcet TPR\\report-server\\logs\\server-2026-05-04.log"}
{"ts":"2026-05-04T02:07:53.599Z","level":"STEP","reqId":"MOQK80ZI-3G0K5S","route":"WHT_CERT","stage":"START","detail":"OPTIONS /tpr-withholding-tax-certificate/pdf","method":"OPTIONS","url":"/tpr-withholding-tax-certificate/pdf"}
{"ts":"2026-05-04T02:07:53.600Z","level":"REQUEST_START","reqId":"MOQK80ZI-3G0K5S","route":"WHT_CERT","method":"OPTIONS","url":"/tpr-withholding-tax-certificate/pdf","ip":"::1","origin":"http://localhost:5174","ua":"Mozilla/5.0 (Windows NT 10.0; Win64; x64) AppleWebKit/537.36 (KHTML, like Gecko) Chrome/147.0.0.0 Safari/537.36","payloadBytes":2}
{"ts":"2026-05-04T02:07:53.604Z","level":"REQUEST_DONE","reqId":"MOQK80ZI-3G0K5S","route":"WHT_CERT","method":"OPTIONS","url":"/tpr-withholding-tax-certificate/pdf","status":204,"durationMs":6,"responseSize":"0 B"}
{"ts":"2026-05-04T02:07:53.606Z","level":"STEP","reqId":"MOQK80ZQ-X8GLQB","route":"WHT_CERT","stage":"START","detail":"POST /tpr-withholding-tax-certificate/pdf","method":"POST","url":"/tpr-withholding-tax-certificate/pdf"}
{"ts":"2026-05-04T02:07:53.608Z","level":"REQUEST_START","reqId":"MOQK80ZQ-X8GLQB","route":"WHT_CERT","method":"POST","url":"/tpr-withholding-tax-certificate/pdf","ip":"::1","origin":"http://localhost:5174","ua":"Mozilla/5.0 (Windows NT 10.0; Win64; x64) AppleWebKit/537.36 (KHTML, like Gecko) Chrome/147.0.0.0 Safari/537.36","payloadBytes":2}
{"ts":"2026-05-04T02:07:53.624Z","level":"STEP","reqId":"MOQK80ZQ-X8GLQB","route":"WHT_CERT","stage":"ROUTE","detail":"pdf mode","method":"POST","url":"/tpr-withholding-tax-certificate/pdf"}
{"ts":"2026-05-04T02:07:53.625Z","level":"STEP","reqId":"MOQK80ZQ-X8GLQB","route":"WHT_CERT","stage":"NORMALIZE","detail":"payload 822 B","method":"POST","url":"/tpr-withholding-tax-certificate/pdf"}
{"ts":"2026-05-04T02:07:53.626Z","level":"STEP","reqId":"MOQK80ZQ-X8GLQB","route":"WHT_CERT","stage":"TEMPLATE","detail":"render html before pdf","method":"POST","url":"/tpr-withholding-tax-certificate/pdf"}
{"ts":"2026-05-04T02:07:53.670Z","level":"INFO","title":"PUPPETEER","message":"launch browser..."}
{"ts":"2026-05-04T02:07:53.962Z","level":"OK","title":"PUPPETEER","message":"browser launched"}
{"ts":"2026-05-04T02:07:54.007Z","level":"STEP","reqId":"MOQK80ZQ-X8GLQB","route":"WHT_CERT","stage":"PDF:PAGE_OPEN","detail":"create new page","method":"POST","url":"/tpr-withholding-tax-certificate/pdf"}
{"ts":"2026-05-04T02:07:54.011Z","level":"STEP","reqId":"MOQK80ZQ-X8GLQB","route":"WHT_CERT","stage":"PDF:SET_CONTENT","detail":"html size 27.2 KB","method":"POST","url":"/tpr-withholding-tax-certificate/pdf"}
{"ts":"2026-05-04T02:07:54.835Z","level":"STEP","reqId":"MOQK80ZQ-X8GLQB","route":"WHT_CERT","stage":"PDF:FONTS_READY","detail":"waiting document.fonts.ready","method":"POST","url":"/tpr-withholding-tax-certificate/pdf"}
{"ts":"2026-05-04T02:07:54.838Z","level":"STEP","reqId":"MOQK80ZQ-X8GLQB","route":"WHT_CERT","stage":"PDF:RENDER","detail":"format=A4 media=print landscape=false","method":"POST","url":"/tpr-withholding-tax-certificate/pdf"}
{"ts":"2026-05-04T02:07:54.997Z","level":"STEP","reqId":"MOQK80ZQ-X8GLQB","route":"WHT_CERT","stage":"PDF:BUFFER_READY","detail":"pdf size 196 KB","method":"POST","url":"/tpr-withholding-tax-certificate/pdf"}
{"ts":"2026-05-04T02:07:54.998Z","level":"STEP","reqId":"MOQK80ZQ-X8GLQB","route":"WHT_CERT","stage":"PDF:PAGE_CLOSE","detail":"close page","method":"POST","url":"/tpr-withholding-tax-certificate/pdf"}
{"ts":"2026-05-04T02:07:55.007Z","level":"STEP","reqId":"MOQK80ZQ-X8GLQB","route":"WHT_CERT","stage":"RESPOND_PDF","detail":"filename=tpr_withholding_tax_certificate.pdf","method":"POST","url":"/tpr-withholding-tax-certificate/pdf"}
{"ts":"2026-05-04T02:07:55.007Z","level":"PDF_RESPONSE","reqId":"MOQK80ZQ-X8GLQB","route":"WHT_CERT","method":"POST","url":"/tpr-withholding-tax-certificate/pdf","filename":"tpr_withholding_tax_certificate.pdf","pdfBytes":201097}
{"ts":"2026-05-04T02:07:55.010Z","level":"REQUEST_DONE","reqId":"MOQK80ZQ-X8GLQB","route":"WHT_CERT","method":"POST","url":"/tpr-withholding-tax-certificate/pdf","status":200,"durationMs":1403,"responseSize":"196 KB"}
{"ts":"2026-05-04T02:11:21.203Z","level":"STEP","reqId":"MOQKCH6A-9NEHJN","route":"WHT_CERT","stage":"START","detail":"OPTIONS /tpr-withholding-tax-certificate/pdf","method":"OPTIONS","url":"/tpr-withholding-tax-certificate/pdf"}
{"ts":"2026-05-04T02:11:21.203Z","level":"REQUEST_START","reqId":"MOQKCH6A-9NEHJN","route":"WHT_CERT","method":"OPTIONS","url":"/tpr-withholding-tax-certificate/pdf","ip":"::1","origin":"http://localhost:5174","ua":"Mozilla/5.0 (Windows NT 10.0; Win64; x64) AppleWebKit/537.36 (KHTML, like Gecko) Chrome/147.0.0.0 Safari/537.36","payloadBytes":2}
{"ts":"2026-05-04T02:11:21.205Z","level":"REQUEST_DONE","reqId":"MOQKCH6A-9NEHJN","route":"WHT_CERT","method":"OPTIONS","url":"/tpr-withholding-tax-certificate/pdf","status":204,"durationMs":2,"responseSize":"0 B"}
{"ts":"2026-05-04T02:11:21.207Z","level":"STEP","reqId":"MOQKCH6E-VT77FH","route":"WHT_CERT","stage":"START","detail":"POST /tpr-withholding-tax-certificate/pdf","method":"POST","url":"/tpr-withholding-tax-certificate/pdf"}
{"ts":"2026-05-04T02:11:21.208Z","level":"REQUEST_START","reqId":"MOQKCH6E-VT77FH","route":"WHT_CERT","method":"POST","url":"/tpr-withholding-tax-certificate/pdf","ip":"::1","origin":"http://localhost:5174","ua":"Mozilla/5.0 (Windows NT 10.0; Win64; x64) AppleWebKit/537.36 (KHTML, like Gecko) Chrome/147.0.0.0 Safari/537.36","payloadBytes":2}
{"ts":"2026-05-04T02:11:21.210Z","level":"STEP","reqId":"MOQKCH6E-VT77FH","route":"WHT_CERT","stage":"ROUTE","detail":"pdf mode","method":"POST","url":"/tpr-withholding-tax-certificate/pdf"}
{"ts":"2026-05-04T02:11:21.211Z","level":"STEP","reqId":"MOQKCH6E-VT77FH","route":"WHT_CERT","stage":"NORMALIZE","detail":"payload 822 B","method":"POST","url":"/tpr-withholding-tax-certificate/pdf"}
{"ts":"2026-05-04T02:11:21.212Z","level":"STEP","reqId":"MOQKCH6E-VT77FH","route":"WHT_CERT","stage":"TEMPLATE","detail":"render html before pdf","method":"POST","url":"/tpr-withholding-tax-certificate/pdf"}
{"ts":"2026-05-04T02:11:21.214Z","level":"INFO","title":"PUPPETEER","message":"reuse existing browser instance"}
{"ts":"2026-05-04T02:11:21.256Z","level":"STEP","reqId":"MOQKCH6E-VT77FH","route":"WHT_CERT","stage":"PDF:PAGE_OPEN","detail":"create new page","method":"POST","url":"/tpr-withholding-tax-certificate/pdf"}
{"ts":"2026-05-04T02:11:21.262Z","level":"STEP","reqId":"MOQKCH6E-VT77FH","route":"WHT_CERT","stage":"PDF:SET_CONTENT","detail":"html size 27.2 KB","method":"POST","url":"/tpr-withholding-tax-certificate/pdf"}
{"ts":"2026-05-04T02:11:22.243Z","level":"STEP","reqId":"MOQKCH6E-VT77FH","route":"WHT_CERT","stage":"PDF:FONTS_READY","detail":"waiting document.fonts.ready","method":"POST","url":"/tpr-withholding-tax-certificate/pdf"}
{"ts":"2026-05-04T02:11:22.246Z","level":"STEP","reqId":"MOQKCH6E-VT77FH","route":"WHT_CERT","stage":"PDF:RENDER","detail":"format=A4 media=print landscape=false","method":"POST","url":"/tpr-withholding-tax-certificate/pdf"}
{"ts":"2026-05-04T02:11:22.410Z","level":"STEP","reqId":"MOQKCH6E-VT77FH","route":"WHT_CERT","stage":"PDF:BUFFER_READY","detail":"pdf size 196 KB","method":"POST","url":"/tpr-withholding-tax-certificate/pdf"}
{"ts":"2026-05-04T02:11:22.410Z","level":"STEP","reqId":"MOQKCH6E-VT77FH","route":"WHT_CERT","stage":"PDF:PAGE_CLOSE","detail":"close page","method":"POST","url":"/tpr-withholding-tax-certificate/pdf"}
{"ts":"2026-05-04T02:11:22.419Z","level":"STEP","reqId":"MOQKCH6E-VT77FH","route":"WHT_CERT","stage":"RESPOND_PDF","detail":"filename=tpr_withholding_tax_certificate.pdf","method":"POST","url":"/tpr-withholding-tax-certificate/pdf"}
{"ts":"2026-05-04T02:11:22.419Z","level":"PDF_RESPONSE","reqId":"MOQKCH6E-VT77FH","route":"WHT_CERT","method":"POST","url":"/tpr-withholding-tax-certificate/pdf","filename":"tpr_withholding_tax_certificate.pdf","pdfBytes":201097}
{"ts":"2026-05-04T02:11:22.421Z","level":"REQUEST_DONE","reqId":"MOQKCH6E-VT77FH","route":"WHT_CERT","method":"POST","url":"/tpr-withholding-tax-certificate/pdf","status":200,"durationMs":1214,"responseSize":"196 KB"}
{"ts":"2026-05-04T02:11:33.176Z","level":"WARN","title":"SHUTDOWN","message":"received SIGINT, closing server resources...","signal":"SIGINT"}
{"ts":"2026-05-04T02:11:33.177Z","level":"INFO","title":"PUPPETEER","message":"closing browser..."}
{"ts":"2026-05-04T02:11:36.852Z","level":"INFO","title":"TEMPLATE","message":"compile templates\\tpr_quotation.hbs","templatePath":"C:\\Projcet TPR\\report-server\\templates\\tpr_quotation.hbs"}
{"ts":"2026-05-04T02:11:36.853Z","level":"INFO","title":"TEMPLATE","message":"compile templates\\tpr_credit_note.hbs","templatePath":"C:\\Projcet TPR\\report-server\\templates\\tpr_credit_note.hbs"}
{"ts":"2026-05-04T02:11:36.854Z","level":"INFO","title":"TEMPLATE","message":"compile templates\\tpr_invoice.hbs","templatePath":"C:\\Projcet TPR\\report-server\\templates\\tpr_invoice.hbs"}
{"ts":"2026-05-04T02:11:36.854Z","level":"INFO","title":"TEMPLATE","message":"compile templates\\tpr_purchase_order.hbs","templatePath":"C:\\Projcet TPR\\report-server\\templates\\tpr_purchase_order.hbs"}
{"ts":"2026-05-04T02:11:36.855Z","level":"INFO","title":"TEMPLATE","message":"compile templates\\tpr_receipt.hbs","templatePath":"C:\\Projcet TPR\\report-server\\templates\\tpr_receipt.hbs"}
{"ts":"2026-05-04T02:11:36.856Z","level":"INFO","title":"TEMPLATE","message":"compile templates\\tpr_tax_receipt.hbs","templatePath":"C:\\Projcet TPR\\report-server\\templates\\tpr_tax_receipt.hbs"}
{"ts":"2026-05-04T02:11:36.856Z","level":"INFO","title":"TEMPLATE","message":"compile templates\\tpr_withholding_tax_certificate.hbs","templatePath":"C:\\Projcet TPR\\report-server\\templates\\tpr_withholding_tax_certificate.hbs"}
{"ts":"2026-05-04T02:11:36.857Z","level":"INFO","title":"TEMPLATE","message":"compile templates\\tpr_payment_voucher.hbs","templatePath":"C:\\Projcet TPR\\report-server\\templates\\tpr_payment_voucher.hbs"}
{"ts":"2026-05-04T02:11:36.859Z","level":"INFO","title":"TEMPLATE","message":"compile templates\\tpr_receipt_voucher.hbs","templatePath":"C:\\Projcet TPR\\report-server\\templates\\tpr_receipt_voucher.hbs"}
{"ts":"2026-05-04T02:11:36.859Z","level":"INFO","title":"TEMPLATE","message":"compile templates\\tpr_petty_cash_voucher.hbs","templatePath":"C:\\Projcet TPR\\report-server\\templates\\tpr_petty_cash_voucher.hbs"}
{"ts":"2026-05-04T02:11:36.860Z","level":"INFO","title":"TEMPLATE","message":"compile templates\\tpr_petty_cash_request.hbs","templatePath":"C:\\Projcet TPR\\report-server\\templates\\tpr_petty_cash_request.hbs"}
{"ts":"2026-05-04T02:11:36.861Z","level":"INFO","title":"TEMPLATE","message":"compile templates\\tpr_petty_cash_payment_report.hbs","templatePath":"C:\\Projcet TPR\\report-server\\templates\\tpr_petty_cash_payment_report.hbs"}
{"ts":"2026-05-04T02:11:36.861Z","level":"INFO","title":"TEMPLATE","message":"compile templates\\tpr_receipt_certification.hbs","templatePath":"C:\\Projcet TPR\\report-server\\templates\\tpr_receipt_certification.hbs"}
{"ts":"2026-05-04T02:11:36.862Z","level":"WARN","title":"CSS","message":"inline missing: C:\\Projcet TPR\\report-server\\public\\css\\quotation.css (ไม่จำเป็นถ้า CSS อยู่ใน hbs แล้ว)","cssPath":"C:\\Projcet TPR\\report-server\\public\\css\\quotation.css"}
{"ts":"2026-05-04T02:11:36.883Z","level":"OK","title":"READY","message":"PDF server is running","port":4100,"logFile":"C:\\Projcet TPR\\report-server\\logs\\server-2026-05-04.log"}
{"ts":"2026-05-04T02:11:36.883Z","level":"BOOT","message":"PDF server is running","port":4100,"logFile":"C:\\Projcet TPR\\report-server\\logs\\server-2026-05-04.log"}
{"ts":"2026-05-04T02:11:38.701Z","level":"STEP","reqId":"MOQKCUOC-48YPJH","route":"WHT_CERT","stage":"START","detail":"OPTIONS /tpr-withholding-tax-certificate/pdf","method":"OPTIONS","url":"/tpr-withholding-tax-certificate/pdf"}
{"ts":"2026-05-04T02:11:38.702Z","level":"REQUEST_START","reqId":"MOQKCUOC-48YPJH","route":"WHT_CERT","method":"OPTIONS","url":"/tpr-withholding-tax-certificate/pdf","ip":"::1","origin":"http://localhost:5174","ua":"Mozilla/5.0 (Windows NT 10.0; Win64; x64) AppleWebKit/537.36 (KHTML, like Gecko) Chrome/147.0.0.0 Safari/537.36","payloadBytes":2}
{"ts":"2026-05-04T02:11:38.704Z","level":"REQUEST_DONE","reqId":"MOQKCUOC-48YPJH","route":"WHT_CERT","method":"OPTIONS","url":"/tpr-withholding-tax-certificate/pdf","status":204,"durationMs":4,"responseSize":"0 B"}
{"ts":"2026-05-04T02:11:38.705Z","level":"STEP","reqId":"MOQKCUOH-DJRTWS","route":"WHT_CERT","stage":"START","detail":"POST /tpr-withholding-tax-certificate/pdf","method":"POST","url":"/tpr-withholding-tax-certificate/pdf"}
{"ts":"2026-05-04T02:11:38.706Z","level":"REQUEST_START","reqId":"MOQKCUOH-DJRTWS","route":"WHT_CERT","method":"POST","url":"/tpr-withholding-tax-certificate/pdf","ip":"::1","origin":"http://localhost:5174","ua":"Mozilla/5.0 (Windows NT 10.0; Win64; x64) AppleWebKit/537.36 (KHTML, like Gecko) Chrome/147.0.0.0 Safari/537.36","payloadBytes":2}
{"ts":"2026-05-04T02:11:38.715Z","level":"STEP","reqId":"MOQKCUOH-DJRTWS","route":"WHT_CERT","stage":"ROUTE","detail":"pdf mode","method":"POST","url":"/tpr-withholding-tax-certificate/pdf"}
{"ts":"2026-05-04T02:11:38.716Z","level":"STEP","reqId":"MOQKCUOH-DJRTWS","route":"WHT_CERT","stage":"NORMALIZE","detail":"payload 822 B","method":"POST","url":"/tpr-withholding-tax-certificate/pdf"}
{"ts":"2026-05-04T02:11:38.717Z","level":"STEP","reqId":"MOQKCUOH-DJRTWS","route":"WHT_CERT","stage":"TEMPLATE","detail":"render html before pdf","method":"POST","url":"/tpr-withholding-tax-certificate/pdf"}
{"ts":"2026-05-04T02:11:38.740Z","level":"INFO","title":"PUPPETEER","message":"launch browser..."}
{"ts":"2026-05-04T02:11:39.042Z","level":"OK","title":"PUPPETEER","message":"browser launched"}
{"ts":"2026-05-04T02:11:39.078Z","level":"STEP","reqId":"MOQKCUOH-DJRTWS","route":"WHT_CERT","stage":"PDF:PAGE_OPEN","detail":"create new page","method":"POST","url":"/tpr-withholding-tax-certificate/pdf"}
{"ts":"2026-05-04T02:11:39.082Z","level":"STEP","reqId":"MOQKCUOH-DJRTWS","route":"WHT_CERT","stage":"PDF:SET_CONTENT","detail":"html size 27.2 KB","method":"POST","url":"/tpr-withholding-tax-certificate/pdf"}
{"ts":"2026-05-04T02:11:39.917Z","level":"STEP","reqId":"MOQKCUOH-DJRTWS","route":"WHT_CERT","stage":"PDF:FONTS_READY","detail":"waiting document.fonts.ready","method":"POST","url":"/tpr-withholding-tax-certificate/pdf"}
{"ts":"2026-05-04T02:11:39.920Z","level":"STEP","reqId":"MOQKCUOH-DJRTWS","route":"WHT_CERT","stage":"PDF:RENDER","detail":"format=A4 media=print landscape=false","method":"POST","url":"/tpr-withholding-tax-certificate/pdf"}
{"ts":"2026-05-04T02:11:40.083Z","level":"STEP","reqId":"MOQKCUOH-DJRTWS","route":"WHT_CERT","stage":"PDF:BUFFER_READY","detail":"pdf size 197 KB","method":"POST","url":"/tpr-withholding-tax-certificate/pdf"}
{"ts":"2026-05-04T02:11:40.084Z","level":"STEP","reqId":"MOQKCUOH-DJRTWS","route":"WHT_CERT","stage":"PDF:PAGE_CLOSE","detail":"close page","method":"POST","url":"/tpr-withholding-tax-certificate/pdf"}
{"ts":"2026-05-04T02:11:40.093Z","level":"STEP","reqId":"MOQKCUOH-DJRTWS","route":"WHT_CERT","stage":"RESPOND_PDF","detail":"filename=tpr_withholding_tax_certificate.pdf","method":"POST","url":"/tpr-withholding-tax-certificate/pdf"}
{"ts":"2026-05-04T02:11:40.093Z","level":"PDF_RESPONSE","reqId":"MOQKCUOH-DJRTWS","route":"WHT_CERT","method":"POST","url":"/tpr-withholding-tax-certificate/pdf","filename":"tpr_withholding_tax_certificate.pdf","pdfBytes":201998}
{"ts":"2026-05-04T02:11:40.096Z","level":"REQUEST_DONE","reqId":"MOQKCUOH-DJRTWS","route":"WHT_CERT","method":"POST","url":"/tpr-withholding-tax-certificate/pdf","status":200,"durationMs":1390,"responseSize":"197 KB"}
{"ts":"2026-05-04T02:13:35.769Z","level":"WARN","title":"SHUTDOWN","message":"received SIGINT, closing server resources...","signal":"SIGINT"}
{"ts":"2026-05-04T02:13:39.646Z","level":"INFO","title":"TEMPLATE","message":"compile templates\\tpr_quotation.hbs","templatePath":"C:\\Projcet TPR\\report-server\\templates\\tpr_quotation.hbs"}
{"ts":"2026-05-04T02:13:39.647Z","level":"INFO","title":"TEMPLATE","message":"compile templates\\tpr_credit_note.hbs","templatePath":"C:\\Projcet TPR\\report-server\\templates\\tpr_credit_note.hbs"}
{"ts":"2026-05-04T02:13:39.648Z","level":"INFO","title":"TEMPLATE","message":"compile templates\\tpr_invoice.hbs","templatePath":"C:\\Projcet TPR\\report-server\\templates\\tpr_invoice.hbs"}
{"ts":"2026-05-04T02:13:39.649Z","level":"INFO","title":"TEMPLATE","message":"compile templates\\tpr_purchase_order.hbs","templatePath":"C:\\Projcet TPR\\report-server\\templates\\tpr_purchase_order.hbs"}
{"ts":"2026-05-04T02:13:39.650Z","level":"INFO","title":"TEMPLATE","message":"compile templates\\tpr_receipt.hbs","templatePath":"C:\\Projcet TPR\\report-server\\templates\\tpr_receipt.hbs"}
{"ts":"2026-05-04T02:13:39.650Z","level":"INFO","title":"TEMPLATE","message":"compile templates\\tpr_tax_receipt.hbs","templatePath":"C:\\Projcet TPR\\report-server\\templates\\tpr_tax_receipt.hbs"}
{"ts":"2026-05-04T02:13:39.651Z","level":"INFO","title":"TEMPLATE","message":"compile templates\\tpr_withholding_tax_certificate.hbs","templatePath":"C:\\Projcet TPR\\report-server\\templates\\tpr_withholding_tax_certificate.hbs"}
{"ts":"2026-05-04T02:13:39.652Z","level":"INFO","title":"TEMPLATE","message":"compile templates\\tpr_payment_voucher.hbs","templatePath":"C:\\Projcet TPR\\report-server\\templates\\tpr_payment_voucher.hbs"}
{"ts":"2026-05-04T02:13:39.652Z","level":"INFO","title":"TEMPLATE","message":"compile templates\\tpr_receipt_voucher.hbs","templatePath":"C:\\Projcet TPR\\report-server\\templates\\tpr_receipt_voucher.hbs"}
{"ts":"2026-05-04T02:13:39.653Z","level":"INFO","title":"TEMPLATE","message":"compile templates\\tpr_petty_cash_voucher.hbs","templatePath":"C:\\Projcet TPR\\report-server\\templates\\tpr_petty_cash_voucher.hbs"}
{"ts":"2026-05-04T02:13:39.654Z","level":"INFO","title":"TEMPLATE","message":"compile templates\\tpr_petty_cash_request.hbs","templatePath":"C:\\Projcet TPR\\report-server\\templates\\tpr_petty_cash_request.hbs"}
{"ts":"2026-05-04T02:13:39.654Z","level":"INFO","title":"TEMPLATE","message":"compile templates\\tpr_petty_cash_payment_report.hbs","templatePath":"C:\\Projcet TPR\\report-server\\templates\\tpr_petty_cash_payment_report.hbs"}
{"ts":"2026-05-04T02:13:39.655Z","level":"INFO","title":"TEMPLATE","message":"compile templates\\tpr_receipt_certification.hbs","templatePath":"C:\\Projcet TPR\\report-server\\templates\\tpr_receipt_certification.hbs"}
{"ts":"2026-05-04T02:13:39.655Z","level":"WARN","title":"CSS","message":"inline missing: C:\\Projcet TPR\\report-server\\public\\css\\quotation.css (ไม่จำเป็นถ้า CSS อยู่ใน hbs แล้ว)","cssPath":"C:\\Projcet TPR\\report-server\\public\\css\\quotation.css"}
{"ts":"2026-05-04T02:13:39.674Z","level":"OK","title":"READY","message":"PDF server is running","port":4100,"logFile":"C:\\Projcet TPR\\report-server\\logs\\server-2026-05-04.log"}
{"ts":"2026-05-04T02:13:39.674Z","level":"BOOT","message":"PDF server is running","port":4100,"logFile":"C:\\Projcet TPR\\report-server\\logs\\server-2026-05-04.log"}
{"ts":"2026-05-04T02:13:41.789Z","level":"STEP","reqId":"MOQKFHNG-70PE6G","route":"WHT_CERT","stage":"START","detail":"OPTIONS /tpr-withholding-tax-certificate/pdf","method":"OPTIONS","url":"/tpr-withholding-tax-certificate/pdf"}
{"ts":"2026-05-04T02:13:41.790Z","level":"REQUEST_START","reqId":"MOQKFHNG-70PE6G","route":"WHT_CERT","method":"OPTIONS","url":"/tpr-withholding-tax-certificate/pdf","ip":"::1","origin":"http://localhost:5174","ua":"Mozilla/5.0 (Windows NT 10.0; Win64; x64) AppleWebKit/537.36 (KHTML, like Gecko) Chrome/147.0.0.0 Safari/537.36","payloadBytes":2}
{"ts":"2026-05-04T02:13:41.792Z","level":"REQUEST_DONE","reqId":"MOQKFHNG-70PE6G","route":"WHT_CERT","method":"OPTIONS","url":"/tpr-withholding-tax-certificate/pdf","status":204,"durationMs":4,"responseSize":"0 B"}
{"ts":"2026-05-04T02:13:41.794Z","level":"STEP","reqId":"MOQKFHNL-TGYCRP","route":"WHT_CERT","stage":"START","detail":"POST /tpr-withholding-tax-certificate/pdf","method":"POST","url":"/tpr-withholding-tax-certificate/pdf"}
{"ts":"2026-05-04T02:13:41.794Z","level":"REQUEST_START","reqId":"MOQKFHNL-TGYCRP","route":"WHT_CERT","method":"POST","url":"/tpr-withholding-tax-certificate/pdf","ip":"::1","origin":"http://localhost:5174","ua":"Mozilla/5.0 (Windows NT 10.0; Win64; x64) AppleWebKit/537.36 (KHTML, like Gecko) Chrome/147.0.0.0 Safari/537.36","payloadBytes":2}
{"ts":"2026-05-04T02:13:41.806Z","level":"STEP","reqId":"MOQKFHNL-TGYCRP","route":"WHT_CERT","stage":"ROUTE","detail":"pdf mode","method":"POST","url":"/tpr-withholding-tax-certificate/pdf"}
{"ts":"2026-05-04T02:13:41.806Z","level":"STEP","reqId":"MOQKFHNL-TGYCRP","route":"WHT_CERT","stage":"NORMALIZE","detail":"payload 822 B","method":"POST","url":"/tpr-withholding-tax-certificate/pdf"}
{"ts":"2026-05-04T02:13:41.808Z","level":"STEP","reqId":"MOQKFHNL-TGYCRP","route":"WHT_CERT","stage":"TEMPLATE","detail":"render html before pdf","method":"POST","url":"/tpr-withholding-tax-certificate/pdf"}
{"ts":"2026-05-04T02:13:41.830Z","level":"INFO","title":"PUPPETEER","message":"launch browser..."}
{"ts":"2026-05-04T02:13:42.100Z","level":"OK","title":"PUPPETEER","message":"browser launched"}
{"ts":"2026-05-04T02:13:42.142Z","level":"STEP","reqId":"MOQKFHNL-TGYCRP","route":"WHT_CERT","stage":"PDF:PAGE_OPEN","detail":"create new page","method":"POST","url":"/tpr-withholding-tax-certificate/pdf"}
{"ts":"2026-05-04T02:13:42.146Z","level":"STEP","reqId":"MOQKFHNL-TGYCRP","route":"WHT_CERT","stage":"PDF:SET_CONTENT","detail":"html size 27.5 KB","method":"POST","url":"/tpr-withholding-tax-certificate/pdf"}
{"ts":"2026-05-04T02:13:42.990Z","level":"STEP","reqId":"MOQKFHNL-TGYCRP","route":"WHT_CERT","stage":"PDF:FONTS_READY","detail":"waiting document.fonts.ready","method":"POST","url":"/tpr-withholding-tax-certificate/pdf"}
{"ts":"2026-05-04T02:13:42.994Z","level":"STEP","reqId":"MOQKFHNL-TGYCRP","route":"WHT_CERT","stage":"PDF:RENDER","detail":"format=A4 media=print landscape=false","method":"POST","url":"/tpr-withholding-tax-certificate/pdf"}
{"ts":"2026-05-04T02:13:43.150Z","level":"STEP","reqId":"MOQKFHNL-TGYCRP","route":"WHT_CERT","stage":"PDF:BUFFER_READY","detail":"pdf size 196 KB","method":"POST","url":"/tpr-withholding-tax-certificate/pdf"}
{"ts":"2026-05-04T02:13:43.151Z","level":"STEP","reqId":"MOQKFHNL-TGYCRP","route":"WHT_CERT","stage":"PDF:PAGE_CLOSE","detail":"close page","method":"POST","url":"/tpr-withholding-tax-certificate/pdf"}
{"ts":"2026-05-04T02:13:43.160Z","level":"STEP","reqId":"MOQKFHNL-TGYCRP","route":"WHT_CERT","stage":"RESPOND_PDF","detail":"filename=tpr_withholding_tax_certificate.pdf","method":"POST","url":"/tpr-withholding-tax-certificate/pdf"}
{"ts":"2026-05-04T02:13:43.161Z","level":"PDF_RESPONSE","reqId":"MOQKFHNL-TGYCRP","route":"WHT_CERT","method":"POST","url":"/tpr-withholding-tax-certificate/pdf","filename":"tpr_withholding_tax_certificate.pdf","pdfBytes":201003}
{"ts":"2026-05-04T02:13:43.164Z","level":"REQUEST_DONE","reqId":"MOQKFHNL-TGYCRP","route":"WHT_CERT","method":"POST","url":"/tpr-withholding-tax-certificate/pdf","status":200,"durationMs":1369,"responseSize":"196 KB"}
{"ts":"2026-05-04T02:15:44.670Z","level":"STEP","reqId":"MOQKI4GU-2819Z6","route":"WHT_CERT","stage":"START","detail":"OPTIONS /tpr-withholding-tax-certificate/pdf","method":"OPTIONS","url":"/tpr-withholding-tax-certificate/pdf"}
{"ts":"2026-05-04T02:15:44.671Z","level":"REQUEST_START","reqId":"MOQKI4GU-2819Z6","route":"WHT_CERT","method":"OPTIONS","url":"/tpr-withholding-tax-certificate/pdf","ip":"::1","origin":"http://localhost:5174","ua":"Mozilla/5.0 (Windows NT 10.0; Win64; x64) AppleWebKit/537.36 (KHTML, like Gecko) Chrome/147.0.0.0 Safari/537.36","payloadBytes":2}
{"ts":"2026-05-04T02:15:44.672Z","level":"REQUEST_DONE","reqId":"MOQKI4GU-2819Z6","route":"WHT_CERT","method":"OPTIONS","url":"/tpr-withholding-tax-certificate/pdf","status":204,"durationMs":2,"responseSize":"0 B"}
{"ts":"2026-05-04T02:15:44.674Z","level":"STEP","reqId":"MOQKI4GX-ODJS11","route":"WHT_CERT","stage":"START","detail":"POST /tpr-withholding-tax-certificate/pdf","method":"POST","url":"/tpr-withholding-tax-certificate/pdf"}
{"ts":"2026-05-04T02:15:44.674Z","level":"REQUEST_START","reqId":"MOQKI4GX-ODJS11","route":"WHT_CERT","method":"POST","url":"/tpr-withholding-tax-certificate/pdf","ip":"::1","origin":"http://localhost:5174","ua":"Mozilla/5.0 (Windows NT 10.0; Win64; x64) AppleWebKit/537.36 (KHTML, like Gecko) Chrome/147.0.0.0 Safari/537.36","payloadBytes":2}
{"ts":"2026-05-04T02:15:44.676Z","level":"STEP","reqId":"MOQKI4GX-ODJS11","route":"WHT_CERT","stage":"ROUTE","detail":"pdf mode","method":"POST","url":"/tpr-withholding-tax-certificate/pdf"}
{"ts":"2026-05-04T02:15:44.676Z","level":"STEP","reqId":"MOQKI4GX-ODJS11","route":"WHT_CERT","stage":"NORMALIZE","detail":"payload 875 B","method":"POST","url":"/tpr-withholding-tax-certificate/pdf"}
{"ts":"2026-05-04T02:15:44.677Z","level":"STEP","reqId":"MOQKI4GX-ODJS11","route":"WHT_CERT","stage":"TEMPLATE","detail":"render html before pdf","method":"POST","url":"/tpr-withholding-tax-certificate/pdf"}
{"ts":"2026-05-04T02:15:44.680Z","level":"INFO","title":"PUPPETEER","message":"reuse existing browser instance"}
{"ts":"2026-05-04T02:15:44.723Z","level":"STEP","reqId":"MOQKI4GX-ODJS11","route":"WHT_CERT","stage":"PDF:PAGE_OPEN","detail":"create new page","method":"POST","url":"/tpr-withholding-tax-certificate/pdf"}
{"ts":"2026-05-04T02:15:44.728Z","level":"STEP","reqId":"MOQKI4GX-ODJS11","route":"WHT_CERT","stage":"PDF:SET_CONTENT","detail":"html size 27.5 KB","method":"POST","url":"/tpr-withholding-tax-certificate/pdf"}
{"ts":"2026-05-04T02:15:45.710Z","level":"STEP","reqId":"MOQKI4GX-ODJS11","route":"WHT_CERT","stage":"PDF:FONTS_READY","detail":"waiting document.fonts.ready","method":"POST","url":"/tpr-withholding-tax-certificate/pdf"}
{"ts":"2026-05-04T02:15:45.714Z","level":"STEP","reqId":"MOQKI4GX-ODJS11","route":"WHT_CERT","stage":"PDF:RENDER","detail":"format=A4 media=print landscape=false","method":"POST","url":"/tpr-withholding-tax-certificate/pdf"}
{"ts":"2026-05-04T02:15:45.885Z","level":"STEP","reqId":"MOQKI4GX-ODJS11","route":"WHT_CERT","stage":"PDF:BUFFER_READY","detail":"pdf size 195 KB","method":"POST","url":"/tpr-withholding-tax-certificate/pdf"}
{"ts":"2026-05-04T02:15:45.885Z","level":"STEP","reqId":"MOQKI4GX-ODJS11","route":"WHT_CERT","stage":"PDF:PAGE_CLOSE","detail":"close page","method":"POST","url":"/tpr-withholding-tax-certificate/pdf"}
{"ts":"2026-05-04T02:15:45.894Z","level":"STEP","reqId":"MOQKI4GX-ODJS11","route":"WHT_CERT","stage":"RESPOND_PDF","detail":"filename=tpr_withholding_tax_certificate.pdf","method":"POST","url":"/tpr-withholding-tax-certificate/pdf"}
{"ts":"2026-05-04T02:15:45.895Z","level":"PDF_RESPONSE","reqId":"MOQKI4GX-ODJS11","route":"WHT_CERT","method":"POST","url":"/tpr-withholding-tax-certificate/pdf","filename":"tpr_withholding_tax_certificate.pdf","pdfBytes":199841}
{"ts":"2026-05-04T02:15:45.896Z","level":"REQUEST_DONE","reqId":"MOQKI4GX-ODJS11","route":"WHT_CERT","method":"POST","url":"/tpr-withholding-tax-certificate/pdf","status":200,"durationMs":1223,"responseSize":"195 KB"}
{"ts":"2026-05-04T02:16:37.936Z","level":"STEP","reqId":"MOQKJ9KF-3QW1PS","route":"WHT_CERT","stage":"START","detail":"OPTIONS /tpr-withholding-tax-certificate/pdf","method":"OPTIONS","url":"/tpr-withholding-tax-certificate/pdf"}
{"ts":"2026-05-04T02:16:37.937Z","level":"REQUEST_START","reqId":"MOQKJ9KF-3QW1PS","route":"WHT_CERT","method":"OPTIONS","url":"/tpr-withholding-tax-certificate/pdf","ip":"::1","origin":"http://localhost:5174","ua":"Mozilla/5.0 (Windows NT 10.0; Win64; x64) AppleWebKit/537.36 (KHTML, like Gecko) Chrome/147.0.0.0 Safari/537.36","payloadBytes":2}
{"ts":"2026-05-04T02:16:37.938Z","level":"REQUEST_DONE","reqId":"MOQKJ9KF-3QW1PS","route":"WHT_CERT","method":"OPTIONS","url":"/tpr-withholding-tax-certificate/pdf","status":204,"durationMs":3,"responseSize":"0 B"}
{"ts":"2026-05-04T02:16:37.939Z","level":"STEP","reqId":"MOQKJ9KJ-B27YHH","route":"WHT_CERT","stage":"START","detail":"POST /tpr-withholding-tax-certificate/pdf","method":"POST","url":"/tpr-withholding-tax-certificate/pdf"}
{"ts":"2026-05-04T02:16:37.940Z","level":"REQUEST_START","reqId":"MOQKJ9KJ-B27YHH","route":"WHT_CERT","method":"POST","url":"/tpr-withholding-tax-certificate/pdf","ip":"::1","origin":"http://localhost:5174","ua":"Mozilla/5.0 (Windows NT 10.0; Win64; x64) AppleWebKit/537.36 (KHTML, like Gecko) Chrome/147.0.0.0 Safari/537.36","payloadBytes":2}
{"ts":"2026-05-04T02:16:37.941Z","level":"STEP","reqId":"MOQKJ9KJ-B27YHH","route":"WHT_CERT","stage":"ROUTE","detail":"pdf mode","method":"POST","url":"/tpr-withholding-tax-certificate/pdf"}
{"ts":"2026-05-04T02:16:37.942Z","level":"STEP","reqId":"MOQKJ9KJ-B27YHH","route":"WHT_CERT","stage":"NORMALIZE","detail":"payload 875 B","method":"POST","url":"/tpr-withholding-tax-certificate/pdf"}
{"ts":"2026-05-04T02:16:37.942Z","level":"STEP","reqId":"MOQKJ9KJ-B27YHH","route":"WHT_CERT","stage":"TEMPLATE","detail":"render html before pdf","method":"POST","url":"/tpr-withholding-tax-certificate/pdf"}
{"ts":"2026-05-04T02:16:37.945Z","level":"INFO","title":"PUPPETEER","message":"reuse existing browser instance"}
{"ts":"2026-05-04T02:16:37.987Z","level":"STEP","reqId":"MOQKJ9KJ-B27YHH","route":"WHT_CERT","stage":"PDF:PAGE_OPEN","detail":"create new page","method":"POST","url":"/tpr-withholding-tax-certificate/pdf"}
{"ts":"2026-05-04T02:16:37.992Z","level":"STEP","reqId":"MOQKJ9KJ-B27YHH","route":"WHT_CERT","stage":"PDF:SET_CONTENT","detail":"html size 27.5 KB","method":"POST","url":"/tpr-withholding-tax-certificate/pdf"}
{"ts":"2026-05-04T02:16:38.984Z","level":"STEP","reqId":"MOQKJ9KJ-B27YHH","route":"WHT_CERT","stage":"PDF:FONTS_READY","detail":"waiting document.fonts.ready","method":"POST","url":"/tpr-withholding-tax-certificate/pdf"}
{"ts":"2026-05-04T02:16:38.986Z","level":"STEP","reqId":"MOQKJ9KJ-B27YHH","route":"WHT_CERT","stage":"PDF:RENDER","detail":"format=A4 media=print landscape=false","method":"POST","url":"/tpr-withholding-tax-certificate/pdf"}
{"ts":"2026-05-04T02:16:39.150Z","level":"STEP","reqId":"MOQKJ9KJ-B27YHH","route":"WHT_CERT","stage":"PDF:BUFFER_READY","detail":"pdf size 195 KB","method":"POST","url":"/tpr-withholding-tax-certificate/pdf"}
{"ts":"2026-05-04T02:16:39.150Z","level":"STEP","reqId":"MOQKJ9KJ-B27YHH","route":"WHT_CERT","stage":"PDF:PAGE_CLOSE","detail":"close page","method":"POST","url":"/tpr-withholding-tax-certificate/pdf"}
{"ts":"2026-05-04T02:16:39.161Z","level":"STEP","reqId":"MOQKJ9KJ-B27YHH","route":"WHT_CERT","stage":"RESPOND_PDF","detail":"filename=tpr_withholding_tax_certificate.pdf","method":"POST","url":"/tpr-withholding-tax-certificate/pdf"}
{"ts":"2026-05-04T02:16:39.161Z","level":"PDF_RESPONSE","reqId":"MOQKJ9KJ-B27YHH","route":"WHT_CERT","method":"POST","url":"/tpr-withholding-tax-certificate/pdf","filename":"tpr_withholding_tax_certificate.pdf","pdfBytes":199841}
{"ts":"2026-05-04T02:16:39.162Z","level":"REQUEST_DONE","reqId":"MOQKJ9KJ-B27YHH","route":"WHT_CERT","method":"POST","url":"/tpr-withholding-tax-certificate/pdf","status":200,"durationMs":1223,"responseSize":"195 KB"}
{"ts":"2026-05-04T02:21:15.451Z","level":"INFO","title":"TEMPLATE","message":"compile templates\\tpr_quotation.hbs","templatePath":"C:\\Projcet TPR\\report-server\\templates\\tpr_quotation.hbs"}
{"ts":"2026-05-04T02:21:15.452Z","level":"INFO","title":"TEMPLATE","message":"compile templates\\tpr_credit_note.hbs","templatePath":"C:\\Projcet TPR\\report-server\\templates\\tpr_credit_note.hbs"}
{"ts":"2026-05-04T02:21:15.453Z","level":"INFO","title":"TEMPLATE","message":"compile templates\\tpr_invoice.hbs","templatePath":"C:\\Projcet TPR\\report-server\\templates\\tpr_invoice.hbs"}
{"ts":"2026-05-04T02:21:15.454Z","level":"INFO","title":"TEMPLATE","message":"compile templates\\tpr_purchase_order.hbs","templatePath":"C:\\Projcet TPR\\report-server\\templates\\tpr_purchase_order.hbs"}
{"ts":"2026-05-04T02:21:15.455Z","level":"INFO","title":"TEMPLATE","message":"compile templates\\tpr_receipt.hbs","templatePath":"C:\\Projcet TPR\\report-server\\templates\\tpr_receipt.hbs"}
{"ts":"2026-05-04T02:21:15.455Z","level":"INFO","title":"TEMPLATE","message":"compile templates\\tpr_tax_receipt.hbs","templatePath":"C:\\Projcet TPR\\report-server\\templates\\tpr_tax_receipt.hbs"}
{"ts":"2026-05-04T02:21:15.456Z","level":"INFO","title":"TEMPLATE","message":"compile templates\\tpr_withholding_tax_certificate.hbs","templatePath":"C:\\Projcet TPR\\report-server\\templates\\tpr_withholding_tax_certificate.hbs"}
{"ts":"2026-05-04T02:21:15.456Z","level":"INFO","title":"TEMPLATE","message":"compile templates\\tpr_payment_voucher.hbs","templatePath":"C:\\Projcet TPR\\report-server\\templates\\tpr_payment_voucher.hbs"}
{"ts":"2026-05-04T02:21:15.457Z","level":"INFO","title":"TEMPLATE","message":"compile templates\\tpr_receipt_voucher.hbs","templatePath":"C:\\Projcet TPR\\report-server\\templates\\tpr_receipt_voucher.hbs"}
{"ts":"2026-05-04T02:21:15.458Z","level":"INFO","title":"TEMPLATE","message":"compile templates\\tpr_petty_cash_voucher.hbs","templatePath":"C:\\Projcet TPR\\report-server\\templates\\tpr_petty_cash_voucher.hbs"}
{"ts":"2026-05-04T02:21:15.458Z","level":"INFO","title":"TEMPLATE","message":"compile templates\\tpr_petty_cash_request.hbs","templatePath":"C:\\Projcet TPR\\report-server\\templates\\tpr_petty_cash_request.hbs"}
{"ts":"2026-05-04T02:21:15.459Z","level":"INFO","title":"TEMPLATE","message":"compile templates\\tpr_petty_cash_payment_report.hbs","templatePath":"C:\\Projcet TPR\\report-server\\templates\\tpr_petty_cash_payment_report.hbs"}
{"ts":"2026-05-04T02:21:15.460Z","level":"INFO","title":"TEMPLATE","message":"compile templates\\tpr_receipt_certification.hbs","templatePath":"C:\\Projcet TPR\\report-server\\templates\\tpr_receipt_certification.hbs"}
{"ts":"2026-05-04T02:21:15.461Z","level":"WARN","title":"CSS","message":"inline missing: C:\\Projcet TPR\\report-server\\public\\css\\quotation.css (ไม่จำเป็นถ้า CSS อยู่ใน hbs แล้ว)","cssPath":"C:\\Projcet TPR\\report-server\\public\\css\\quotation.css"}
{"ts":"2026-05-04T02:21:15.482Z","level":"OK","title":"READY","message":"PDF server is running","port":4100,"logFile":"C:\\Projcet TPR\\report-server\\logs\\server-2026-05-04.log"}
{"ts":"2026-05-04T02:21:15.483Z","level":"BOOT","message":"PDF server is running","port":4100,"logFile":"C:\\Projcet TPR\\report-server\\logs\\server-2026-05-04.log"}
{"ts":"2026-05-04T02:22:04.064Z","level":"WARN","title":"SHUTDOWN","message":"received SIGINT, closing server resources...","signal":"SIGINT"}
{"ts":"2026-05-04T02:22:08.628Z","level":"INFO","title":"TEMPLATE","message":"compile templates\\tpr_quotation.hbs","templatePath":"C:\\Projcet TPR\\report-server\\templates\\tpr_quotation.hbs"}
{"ts":"2026-05-04T02:22:08.630Z","level":"INFO","title":"TEMPLATE","message":"compile templates\\tpr_credit_note.hbs","templatePath":"C:\\Projcet TPR\\report-server\\templates\\tpr_credit_note.hbs"}
{"ts":"2026-05-04T02:22:08.631Z","level":"INFO","title":"TEMPLATE","message":"compile templates\\tpr_invoice.hbs","templatePath":"C:\\Projcet TPR\\report-server\\templates\\tpr_invoice.hbs"}
{"ts":"2026-05-04T02:22:08.631Z","level":"INFO","title":"TEMPLATE","message":"compile templates\\tpr_purchase_order.hbs","templatePath":"C:\\Projcet TPR\\report-server\\templates\\tpr_purchase_order.hbs"}
{"ts":"2026-05-04T02:22:08.632Z","level":"INFO","title":"TEMPLATE","message":"compile templates\\tpr_receipt.hbs","templatePath":"C:\\Projcet TPR\\report-server\\templates\\tpr_receipt.hbs"}
{"ts":"2026-05-04T02:22:08.632Z","level":"INFO","title":"TEMPLATE","message":"compile templates\\tpr_tax_receipt.hbs","templatePath":"C:\\Projcet TPR\\report-server\\templates\\tpr_tax_receipt.hbs"}
{"ts":"2026-05-04T02:22:08.634Z","level":"INFO","title":"TEMPLATE","message":"compile templates\\tpr_withholding_tax_certificate.hbs","templatePath":"C:\\Projcet TPR\\report-server\\templates\\tpr_withholding_tax_certificate.hbs"}
{"ts":"2026-05-04T02:22:08.635Z","level":"INFO","title":"TEMPLATE","message":"compile templates\\tpr_payment_voucher.hbs","templatePath":"C:\\Projcet TPR\\report-server\\templates\\tpr_payment_voucher.hbs"}
{"ts":"2026-05-04T02:22:08.636Z","level":"INFO","title":"TEMPLATE","message":"compile templates\\tpr_receipt_voucher.hbs","templatePath":"C:\\Projcet TPR\\report-server\\templates\\tpr_receipt_voucher.hbs"}
{"ts":"2026-05-04T02:22:08.636Z","level":"INFO","title":"TEMPLATE","message":"compile templates\\tpr_petty_cash_voucher.hbs","templatePath":"C:\\Projcet TPR\\report-server\\templates\\tpr_petty_cash_voucher.hbs"}
{"ts":"2026-05-04T02:22:08.637Z","level":"INFO","title":"TEMPLATE","message":"compile templates\\tpr_petty_cash_request.hbs","templatePath":"C:\\Projcet TPR\\report-server\\templates\\tpr_petty_cash_request.hbs"}
{"ts":"2026-05-04T02:22:08.638Z","level":"INFO","title":"TEMPLATE","message":"compile templates\\tpr_petty_cash_payment_report.hbs","templatePath":"C:\\Projcet TPR\\report-server\\templates\\tpr_petty_cash_payment_report.hbs"}
{"ts":"2026-05-04T02:22:08.638Z","level":"INFO","title":"TEMPLATE","message":"compile templates\\tpr_receipt_certification.hbs","templatePath":"C:\\Projcet TPR\\report-server\\templates\\tpr_receipt_certification.hbs"}
{"ts":"2026-05-04T02:22:08.639Z","level":"WARN","title":"CSS","message":"inline missing: C:\\Projcet TPR\\report-server\\public\\css\\quotation.css (ไม่จำเป็นถ้า CSS อยู่ใน hbs แล้ว)","cssPath":"C:\\Projcet TPR\\report-server\\public\\css\\quotation.css"}
{"ts":"2026-05-04T02:22:08.658Z","level":"OK","title":"READY","message":"PDF server is running","port":4100,"logFile":"C:\\Projcet TPR\\report-server\\logs\\server-2026-05-04.log"}
{"ts":"2026-05-04T02:22:08.659Z","level":"BOOT","message":"PDF server is running","port":4100,"logFile":"C:\\Projcet TPR\\report-server\\logs\\server-2026-05-04.log"}
{"ts":"2026-05-04T02:22:18.820Z","level":"STEP","reqId":"MOQKQKLG-1K0OCS","route":"WHT_CERT","stage":"START","detail":"OPTIONS /tpr-withholding-tax-certificate/pdf","method":"OPTIONS","url":"/tpr-withholding-tax-certificate/pdf"}
{"ts":"2026-05-04T02:22:18.821Z","level":"REQUEST_START","reqId":"MOQKQKLG-1K0OCS","route":"WHT_CERT","method":"OPTIONS","url":"/tpr-withholding-tax-certificate/pdf","ip":"::1","origin":"http://localhost:5174","ua":"Mozilla/5.0 (Windows NT 10.0; Win64; x64) AppleWebKit/537.36 (KHTML, like Gecko) Chrome/147.0.0.0 Safari/537.36","payloadBytes":2}
{"ts":"2026-05-04T02:22:18.825Z","level":"REQUEST_DONE","reqId":"MOQKQKLG-1K0OCS","route":"WHT_CERT","method":"OPTIONS","url":"/tpr-withholding-tax-certificate/pdf","status":204,"durationMs":4,"responseSize":"0 B"}
{"ts":"2026-05-04T02:22:18.827Z","level":"STEP","reqId":"MOQKQKLN-1QOPUJ","route":"WHT_CERT","stage":"START","detail":"POST /tpr-withholding-tax-certificate/pdf","method":"POST","url":"/tpr-withholding-tax-certificate/pdf"}
{"ts":"2026-05-04T02:22:18.829Z","level":"REQUEST_START","reqId":"MOQKQKLN-1QOPUJ","route":"WHT_CERT","method":"POST","url":"/tpr-withholding-tax-certificate/pdf","ip":"::1","origin":"http://localhost:5174","ua":"Mozilla/5.0 (Windows NT 10.0; Win64; x64) AppleWebKit/537.36 (KHTML, like Gecko) Chrome/147.0.0.0 Safari/537.36","payloadBytes":2}
{"ts":"2026-05-04T02:22:18.846Z","level":"STEP","reqId":"MOQKQKLN-1QOPUJ","route":"WHT_CERT","stage":"ROUTE","detail":"pdf mode","method":"POST","url":"/tpr-withholding-tax-certificate/pdf"}
{"ts":"2026-05-04T02:22:18.847Z","level":"STEP","reqId":"MOQKQKLN-1QOPUJ","route":"WHT_CERT","stage":"NORMALIZE","detail":"payload 875 B","method":"POST","url":"/tpr-withholding-tax-certificate/pdf"}
{"ts":"2026-05-04T02:22:18.849Z","level":"STEP","reqId":"MOQKQKLN-1QOPUJ","route":"WHT_CERT","stage":"TEMPLATE","detail":"render html before pdf","method":"POST","url":"/tpr-withholding-tax-certificate/pdf"}
{"ts":"2026-05-04T02:22:18.892Z","level":"INFO","title":"PUPPETEER","message":"launch browser..."}
{"ts":"2026-05-04T02:22:19.178Z","level":"OK","title":"PUPPETEER","message":"browser launched"}
{"ts":"2026-05-04T02:22:19.216Z","level":"STEP","reqId":"MOQKQKLN-1QOPUJ","route":"WHT_CERT","stage":"PDF:PAGE_OPEN","detail":"create new page","method":"POST","url":"/tpr-withholding-tax-certificate/pdf"}
{"ts":"2026-05-04T02:22:19.220Z","level":"STEP","reqId":"MOQKQKLN-1QOPUJ","route":"WHT_CERT","stage":"PDF:SET_CONTENT","detail":"html size 27.4 KB","method":"POST","url":"/tpr-withholding-tax-certificate/pdf"}
{"ts":"2026-05-04T02:22:20.067Z","level":"STEP","reqId":"MOQKQKLN-1QOPUJ","route":"WHT_CERT","stage":"PDF:FONTS_READY","detail":"waiting document.fonts.ready","method":"POST","url":"/tpr-withholding-tax-certificate/pdf"}
{"ts":"2026-05-04T02:22:20.069Z","level":"STEP","reqId":"MOQKQKLN-1QOPUJ","route":"WHT_CERT","stage":"PDF:RENDER","detail":"format=A4 media=print landscape=false","method":"POST","url":"/tpr-withholding-tax-certificate/pdf"}
{"ts":"2026-05-04T02:22:20.235Z","level":"STEP","reqId":"MOQKQKLN-1QOPUJ","route":"WHT_CERT","stage":"PDF:BUFFER_READY","detail":"pdf size 196 KB","method":"POST","url":"/tpr-withholding-tax-certificate/pdf"}
{"ts":"2026-05-04T02:22:20.236Z","level":"STEP","reqId":"MOQKQKLN-1QOPUJ","route":"WHT_CERT","stage":"PDF:PAGE_CLOSE","detail":"close page","method":"POST","url":"/tpr-withholding-tax-certificate/pdf"}
{"ts":"2026-05-04T02:22:20.246Z","level":"STEP","reqId":"MOQKQKLN-1QOPUJ","route":"WHT_CERT","stage":"RESPOND_PDF","detail":"filename=tpr_withholding_tax_certificate.pdf","method":"POST","url":"/tpr-withholding-tax-certificate/pdf"}
{"ts":"2026-05-04T02:22:20.246Z","level":"PDF_RESPONSE","reqId":"MOQKQKLN-1QOPUJ","route":"WHT_CERT","method":"POST","url":"/tpr-withholding-tax-certificate/pdf","filename":"tpr_withholding_tax_certificate.pdf","pdfBytes":201160}
{"ts":"2026-05-04T02:22:20.248Z","level":"REQUEST_DONE","reqId":"MOQKQKLN-1QOPUJ","route":"WHT_CERT","method":"POST","url":"/tpr-withholding-tax-certificate/pdf","status":200,"durationMs":1421,"responseSize":"196 KB"}
{"ts":"2026-05-04T02:26:10.250Z","level":"WARN","title":"SHUTDOWN","message":"received SIGINT, closing server resources...","signal":"SIGINT"}
{"ts":"2026-05-04T02:47:16.695Z","level":"INFO","title":"TEMPLATE","message":"compile templates\\tpr_quotation.hbs","templatePath":"C:\\Projcet TPR\\report-server\\templates\\tpr_quotation.hbs"}
{"ts":"2026-05-04T02:47:16.697Z","level":"INFO","title":"TEMPLATE","message":"compile templates\\tpr_credit_note.hbs","templatePath":"C:\\Projcet TPR\\report-server\\templates\\tpr_credit_note.hbs"}
{"ts":"2026-05-04T02:47:16.697Z","level":"INFO","title":"TEMPLATE","message":"compile templates\\tpr_invoice.hbs","templatePath":"C:\\Projcet TPR\\report-server\\templates\\tpr_invoice.hbs"}
{"ts":"2026-05-04T02:47:16.698Z","level":"INFO","title":"TEMPLATE","message":"compile templates\\tpr_purchase_order.hbs","templatePath":"C:\\Projcet TPR\\report-server\\templates\\tpr_purchase_order.hbs"}
{"ts":"2026-05-04T02:47:16.698Z","level":"INFO","title":"TEMPLATE","message":"compile templates\\tpr_receipt.hbs","templatePath":"C:\\Projcet TPR\\report-server\\templates\\tpr_receipt.hbs"}
{"ts":"2026-05-04T02:47:16.699Z","level":"INFO","title":"TEMPLATE","message":"compile templates\\tpr_tax_receipt.hbs","templatePath":"C:\\Projcet TPR\\report-server\\templates\\tpr_tax_receipt.hbs"}
{"ts":"2026-05-04T02:47:16.700Z","level":"INFO","title":"TEMPLATE","message":"compile templates\\tpr_withholding_tax_certificate.hbs","templatePath":"C:\\Projcet TPR\\report-server\\templates\\tpr_withholding_tax_certificate.hbs"}
{"ts":"2026-05-04T02:47:16.700Z","level":"INFO","title":"TEMPLATE","message":"compile templates\\tpr_payment_voucher.hbs","templatePath":"C:\\Projcet TPR\\report-server\\templates\\tpr_payment_voucher.hbs"}
{"ts":"2026-05-04T02:47:16.701Z","level":"INFO","title":"TEMPLATE","message":"compile templates\\tpr_receipt_voucher.hbs","templatePath":"C:\\Projcet TPR\\report-server\\templates\\tpr_receipt_voucher.hbs"}
{"ts":"2026-05-04T02:47:16.703Z","level":"INFO","title":"TEMPLATE","message":"compile templates\\tpr_petty_cash_voucher.hbs","templatePath":"C:\\Projcet TPR\\report-server\\templates\\tpr_petty_cash_voucher.hbs"}
{"ts":"2026-05-04T02:47:16.703Z","level":"INFO","title":"TEMPLATE","message":"compile templates\\tpr_petty_cash_request.hbs","templatePath":"C:\\Projcet TPR\\report-server\\templates\\tpr_petty_cash_request.hbs"}
{"ts":"2026-05-04T02:47:16.704Z","level":"INFO","title":"TEMPLATE","message":"compile templates\\tpr_petty_cash_payment_report.hbs","templatePath":"C:\\Projcet TPR\\report-server\\templates\\tpr_petty_cash_payment_report.hbs"}
{"ts":"2026-05-04T02:47:16.705Z","level":"INFO","title":"TEMPLATE","message":"compile templates\\tpr_receipt_certification.hbs","templatePath":"C:\\Projcet TPR\\report-server\\templates\\tpr_receipt_certification.hbs"}
{"ts":"2026-05-04T02:47:16.706Z","level":"WARN","title":"CSS","message":"inline missing: C:\\Projcet TPR\\report-server\\public\\css\\quotation.css (ไม่จำเป็นถ้า CSS อยู่ใน hbs แล้ว)","cssPath":"C:\\Projcet TPR\\report-server\\public\\css\\quotation.css"}
{"ts":"2026-05-04T02:47:16.725Z","level":"OK","title":"READY","message":"PDF server is running","port":4100,"logFile":"C:\\Projcet TPR\\report-server\\logs\\server-2026-05-04.log"}
{"ts":"2026-05-04T02:47:16.726Z","level":"BOOT","message":"PDF server is running","port":4100,"logFile":"C:\\Projcet TPR\\report-server\\logs\\server-2026-05-04.log"}
{"ts":"2026-05-04T02:48:16.866Z","level":"STEP","reqId":"MOQLNYSH-ZQ889A","route":"GENERAL","stage":"START","detail":"GET /","method":"GET","url":"/"}
{"ts":"2026-05-04T02:48:16.867Z","level":"REQUEST_START","reqId":"MOQLNYSH-ZQ889A","route":"GENERAL","method":"GET","url":"/","ip":"::1","origin":"http://localhost:5174","ua":"Mozilla/5.0 (Windows NT 10.0; Win64; x64) AppleWebKit/537.36 (KHTML, like Gecko) Chrome/147.0.0.0 Safari/537.36","payloadBytes":2}
{"ts":"2026-05-04T02:48:16.873Z","level":"STEP","reqId":"MOQLNYSH-ZQ889A","route":"GENERAL","stage":"NOT_FOUND","detail":"GET /","method":"GET","url":"/"}
{"ts":"2026-05-04T02:48:16.878Z","level":"REQUEST_DONE","reqId":"MOQLNYSH-ZQ889A","route":"GENERAL","method":"GET","url":"/","status":404,"durationMs":12,"responseSize":"56.0 B"}
{"ts":"2026-05-04T02:50:06.997Z","level":"STEP","reqId":"MOQLQBRP-BRRXIU","route":"GENERAL","stage":"START","detail":"GET /","method":"GET","url":"/"}
{"ts":"2026-05-04T02:50:06.998Z","level":"REQUEST_START","reqId":"MOQLQBRP-BRRXIU","route":"GENERAL","method":"GET","url":"/","ip":"::1","origin":"http://localhost:5174","ua":"Mozilla/5.0 (Windows NT 10.0; Win64; x64) AppleWebKit/537.36 (KHTML, like Gecko) Chrome/147.0.0.0 Safari/537.36","payloadBytes":2}
{"ts":"2026-05-04T02:50:07.000Z","level":"STEP","reqId":"MOQLQBRP-BRRXIU","route":"GENERAL","stage":"NOT_FOUND","detail":"GET /","method":"GET","url":"/"}
{"ts":"2026-05-04T02:50:07.001Z","level":"REQUEST_DONE","reqId":"MOQLQBRP-BRRXIU","route":"GENERAL","method":"GET","url":"/","status":404,"durationMs":4,"responseSize":"56.0 B"}
{"ts":"2026-05-04T02:50:19.907Z","level":"STEP","reqId":"MOQLQLQA-4V97VZ","route":"WHT_CERT","stage":"START","detail":"OPTIONS /tpr-withholding-tax-certificate/pdf","method":"OPTIONS","url":"/tpr-withholding-tax-certificate/pdf"}
{"ts":"2026-05-04T02:50:19.908Z","level":"REQUEST_START","reqId":"MOQLQLQA-4V97VZ","route":"WHT_CERT","method":"OPTIONS","url":"/tpr-withholding-tax-certificate/pdf","ip":"::1","origin":"http://localhost:5174","ua":"Mozilla/5.0 (Windows NT 10.0; Win64; x64) AppleWebKit/537.36 (KHTML, like Gecko) Chrome/147.0.0.0 Safari/537.36","payloadBytes":2}
{"ts":"2026-05-04T02:50:19.911Z","level":"REQUEST_DONE","reqId":"MOQLQLQA-4V97VZ","route":"WHT_CERT","method":"OPTIONS","url":"/tpr-withholding-tax-certificate/pdf","status":204,"durationMs":4,"responseSize":"0 B"}
{"ts":"2026-05-04T02:50:19.912Z","level":"STEP","reqId":"MOQLQLQG-EE4QDW","route":"WHT_CERT","stage":"START","detail":"POST /tpr-withholding-tax-certificate/pdf","method":"POST","url":"/tpr-withholding-tax-certificate/pdf"}
{"ts":"2026-05-04T02:50:19.913Z","level":"REQUEST_START","reqId":"MOQLQLQG-EE4QDW","route":"WHT_CERT","method":"POST","url":"/tpr-withholding-tax-certificate/pdf","ip":"::1","origin":"http://localhost:5174","ua":"Mozilla/5.0 (Windows NT 10.0; Win64; x64) AppleWebKit/537.36 (KHTML, like Gecko) Chrome/147.0.0.0 Safari/537.36","payloadBytes":2}
{"ts":"2026-05-04T02:50:19.931Z","level":"STEP","reqId":"MOQLQLQG-EE4QDW","route":"WHT_CERT","stage":"ROUTE","detail":"pdf mode","method":"POST","url":"/tpr-withholding-tax-certificate/pdf"}
{"ts":"2026-05-04T02:50:19.932Z","level":"STEP","reqId":"MOQLQLQG-EE4QDW","route":"WHT_CERT","stage":"NORMALIZE","detail":"payload 875 B","method":"POST","url":"/tpr-withholding-tax-certificate/pdf"}
{"ts":"2026-05-04T02:50:19.934Z","level":"STEP","reqId":"MOQLQLQG-EE4QDW","route":"WHT_CERT","stage":"TEMPLATE","detail":"render html before pdf","method":"POST","url":"/tpr-withholding-tax-certificate/pdf"}
{"ts":"2026-05-04T02:50:19.981Z","level":"INFO","title":"PUPPETEER","message":"launch browser..."}
{"ts":"2026-05-04T02:50:20.315Z","level":"OK","title":"PUPPETEER","message":"browser launched"}
{"ts":"2026-05-04T02:50:20.353Z","level":"STEP","reqId":"MOQLQLQG-EE4QDW","route":"WHT_CERT","stage":"PDF:PAGE_OPEN","detail":"create new page","method":"POST","url":"/tpr-withholding-tax-certificate/pdf"}
{"ts":"2026-05-04T02:50:20.357Z","level":"STEP","reqId":"MOQLQLQG-EE4QDW","route":"WHT_CERT","stage":"PDF:SET_CONTENT","detail":"html size 27.4 KB","method":"POST","url":"/tpr-withholding-tax-certificate/pdf"}
{"ts":"2026-05-04T02:50:21.196Z","level":"STEP","reqId":"MOQLQLQG-EE4QDW","route":"WHT_CERT","stage":"PDF:FONTS_READY","detail":"waiting document.fonts.ready","method":"POST","url":"/tpr-withholding-tax-certificate/pdf"}
{"ts":"2026-05-04T02:50:21.199Z","level":"STEP","reqId":"MOQLQLQG-EE4QDW","route":"WHT_CERT","stage":"PDF:RENDER","detail":"format=A4 media=print landscape=false","method":"POST","url":"/tpr-withholding-tax-certificate/pdf"}
{"ts":"2026-05-04T02:50:21.363Z","level":"STEP","reqId":"MOQLQLQG-EE4QDW","route":"WHT_CERT","stage":"PDF:BUFFER_READY","detail":"pdf size 196 KB","method":"POST","url":"/tpr-withholding-tax-certificate/pdf"}
{"ts":"2026-05-04T02:50:21.363Z","level":"STEP","reqId":"MOQLQLQG-EE4QDW","route":"WHT_CERT","stage":"PDF:PAGE_CLOSE","detail":"close page","method":"POST","url":"/tpr-withholding-tax-certificate/pdf"}
{"ts":"2026-05-04T02:50:21.373Z","level":"STEP","reqId":"MOQLQLQG-EE4QDW","route":"WHT_CERT","stage":"RESPOND_PDF","detail":"filename=tpr_withholding_tax_certificate.pdf","method":"POST","url":"/tpr-withholding-tax-certificate/pdf"}
{"ts":"2026-05-04T02:50:21.374Z","level":"PDF_RESPONSE","reqId":"MOQLQLQG-EE4QDW","route":"WHT_CERT","method":"POST","url":"/tpr-withholding-tax-certificate/pdf","filename":"tpr_withholding_tax_certificate.pdf","pdfBytes":201160}
{"ts":"2026-05-04T02:50:21.376Z","level":"REQUEST_DONE","reqId":"MOQLQLQG-EE4QDW","route":"WHT_CERT","method":"POST","url":"/tpr-withholding-tax-certificate/pdf","status":200,"durationMs":1463,"responseSize":"196 KB"}
{"ts":"2026-05-04T03:30:31.390Z","level":"STEP","reqId":"MOQN6AFY-142NFG","route":"QUOTATION","stage":"START","detail":"OPTIONS /tpr-quotation/pdf","method":"OPTIONS","url":"/tpr-quotation/pdf"}
{"ts":"2026-05-04T03:30:31.391Z","level":"REQUEST_START","reqId":"MOQN6AFY-142NFG","route":"QUOTATION","method":"OPTIONS","url":"/tpr-quotation/pdf","ip":"::1","origin":"http://localhost:5174","ua":"Mozilla/5.0 (Windows NT 10.0; Win64; x64) AppleWebKit/537.36 (KHTML, like Gecko) Chrome/147.0.0.0 Safari/537.36","payloadBytes":2}
{"ts":"2026-05-04T03:30:31.393Z","level":"REQUEST_DONE","reqId":"MOQN6AFY-142NFG","route":"QUOTATION","method":"OPTIONS","url":"/tpr-quotation/pdf","status":204,"durationMs":2,"responseSize":"0 B"}
{"ts":"2026-05-04T03:30:31.394Z","level":"STEP","reqId":"MOQN6AG2-0OYP63","route":"QUOTATION","stage":"START","detail":"POST /tpr-quotation/pdf","method":"POST","url":"/tpr-quotation/pdf"}
{"ts":"2026-05-04T03:30:31.395Z","level":"REQUEST_START","reqId":"MOQN6AG2-0OYP63","route":"QUOTATION","method":"POST","url":"/tpr-quotation/pdf","ip":"::1","origin":"http://localhost:5174","ua":"Mozilla/5.0 (Windows NT 10.0; Win64; x64) AppleWebKit/537.36 (KHTML, like Gecko) Chrome/147.0.0.0 Safari/537.36","payloadBytes":2}
{"ts":"2026-05-04T03:30:31.396Z","level":"STEP","reqId":"MOQN6AG2-0OYP63","route":"QUOTATION","stage":"ROUTE","detail":"pdf mode","method":"POST","url":"/tpr-quotation/pdf"}
{"ts":"2026-05-04T03:30:31.397Z","level":"STEP","reqId":"MOQN6AG2-0OYP63","route":"QUOTATION","stage":"NORMALIZE","detail":"payload 1.32 KB","method":"POST","url":"/tpr-quotation/pdf"}
{"ts":"2026-05-04T03:30:31.398Z","level":"STEP","reqId":"MOQN6AG2-0OYP63","route":"QUOTATION","stage":"TEMPLATE","detail":"render html before pdf","method":"POST","url":"/tpr-quotation/pdf"}
{"ts":"2026-05-04T03:30:31.405Z","level":"INFO","title":"PUPPETEER","message":"reuse existing browser instance"}
{"ts":"2026-05-04T03:30:31.445Z","level":"STEP","reqId":"MOQN6AG2-0OYP63","route":"QUOTATION","stage":"PDF:PAGE_OPEN","detail":"create new page","method":"POST","url":"/tpr-quotation/pdf"}
{"ts":"2026-05-04T03:30:31.448Z","level":"STEP","reqId":"MOQN6AG2-0OYP63","route":"QUOTATION","stage":"PDF:SET_CONTENT","detail":"html size 11.1 KB","method":"POST","url":"/tpr-quotation/pdf"}
{"ts":"2026-05-04T03:30:33.302Z","level":"STEP","reqId":"MOQN6AG2-0OYP63","route":"QUOTATION","stage":"PDF:FONTS_READY","detail":"waiting document.fonts.ready","method":"POST","url":"/tpr-quotation/pdf"}
{"ts":"2026-05-04T03:30:33.306Z","level":"STEP","reqId":"MOQN6AG2-0OYP63","route":"QUOTATION","stage":"PDF:RENDER","detail":"format=A4 media=screen landscape=false","method":"POST","url":"/tpr-quotation/pdf"}
{"ts":"2026-05-04T03:30:33.472Z","level":"STEP","reqId":"MOQN6AG2-0OYP63","route":"QUOTATION","stage":"PDF:BUFFER_READY","detail":"pdf size 212 KB","method":"POST","url":"/tpr-quotation/pdf"}
{"ts":"2026-05-04T03:30:33.472Z","level":"STEP","reqId":"MOQN6AG2-0OYP63","route":"QUOTATION","stage":"PDF:PAGE_CLOSE","detail":"close page","method":"POST","url":"/tpr-quotation/pdf"}
{"ts":"2026-05-04T03:30:33.480Z","level":"STEP","reqId":"MOQN6AG2-0OYP63","route":"QUOTATION","stage":"RESPOND_PDF","detail":"filename=tpr_quotation.pdf","method":"POST","url":"/tpr-quotation/pdf"}
{"ts":"2026-05-04T03:30:33.481Z","level":"PDF_RESPONSE","reqId":"MOQN6AG2-0OYP63","route":"QUOTATION","method":"POST","url":"/tpr-quotation/pdf","filename":"tpr_quotation.pdf","pdfBytes":217473}
{"ts":"2026-05-04T03:30:33.483Z","level":"REQUEST_DONE","reqId":"MOQN6AG2-0OYP63","route":"QUOTATION","method":"POST","url":"/tpr-quotation/pdf","status":200,"durationMs":2088,"responseSize":"212 KB"}
{"ts":"2026-05-04T11:06:20.423Z","level":"INFO","title":"TEMPLATE","message":"compile templates\\tpr_quotation.hbs","templatePath":"C:\\Projcet TPR\\report-server\\templates\\tpr_quotation.hbs"}
{"ts":"2026-05-04T11:06:20.425Z","level":"INFO","title":"TEMPLATE","message":"compile templates\\tpr_credit_note.hbs","templatePath":"C:\\Projcet TPR\\report-server\\templates\\tpr_credit_note.hbs"}
{"ts":"2026-05-04T11:06:20.426Z","level":"INFO","title":"TEMPLATE","message":"compile templates\\tpr_invoice.hbs","templatePath":"C:\\Projcet TPR\\report-server\\templates\\tpr_invoice.hbs"}
{"ts":"2026-05-04T11:06:20.429Z","level":"INFO","title":"TEMPLATE","message":"compile templates\\tpr_purchase_order.hbs","templatePath":"C:\\Projcet TPR\\report-server\\templates\\tpr_purchase_order.hbs"}
{"ts":"2026-05-04T11:06:20.430Z","level":"INFO","title":"TEMPLATE","message":"compile templates\\tpr_receipt.hbs","templatePath":"C:\\Projcet TPR\\report-server\\templates\\tpr_receipt.hbs"}
{"ts":"2026-05-04T11:06:20.431Z","level":"INFO","title":"TEMPLATE","message":"compile templates\\tpr_tax_receipt.hbs","templatePath":"C:\\Projcet TPR\\report-server\\templates\\tpr_tax_receipt.hbs"}
{"ts":"2026-05-04T11:06:20.432Z","level":"INFO","title":"TEMPLATE","message":"compile templates\\tpr_withholding_tax_certificate.hbs","templatePath":"C:\\Projcet TPR\\report-server\\templates\\tpr_withholding_tax_certificate.hbs"}
{"ts":"2026-05-04T11:06:20.433Z","level":"INFO","title":"TEMPLATE","message":"compile templates\\tpr_payment_voucher.hbs","templatePath":"C:\\Projcet TPR\\report-server\\templates\\tpr_payment_voucher.hbs"}
{"ts":"2026-05-04T11:06:20.434Z","level":"INFO","title":"TEMPLATE","message":"compile templates\\tpr_receipt_voucher.hbs","templatePath":"C:\\Projcet TPR\\report-server\\templates\\tpr_receipt_voucher.hbs"}
{"ts":"2026-05-04T11:06:20.436Z","level":"INFO","title":"TEMPLATE","message":"compile templates\\tpr_petty_cash_voucher.hbs","templatePath":"C:\\Projcet TPR\\report-server\\templates\\tpr_petty_cash_voucher.hbs"}
{"ts":"2026-05-04T11:06:20.436Z","level":"INFO","title":"TEMPLATE","message":"compile templates\\tpr_petty_cash_request.hbs","templatePath":"C:\\Projcet TPR\\report-server\\templates\\tpr_petty_cash_request.hbs"}
{"ts":"2026-05-04T11:06:20.437Z","level":"INFO","title":"TEMPLATE","message":"compile templates\\tpr_petty_cash_payment_report.hbs","templatePath":"C:\\Projcet TPR\\report-server\\templates\\tpr_petty_cash_payment_report.hbs"}
{"ts":"2026-05-04T11:06:20.438Z","level":"INFO","title":"TEMPLATE","message":"compile templates\\tpr_receipt_certification.hbs","templatePath":"C:\\Projcet TPR\\report-server\\templates\\tpr_receipt_certification.hbs"}
{"ts":"2026-05-04T11:06:20.438Z","level":"WARN","title":"CSS","message":"inline missing: C:\\Projcet TPR\\report-server\\public\\css\\quotation.css (ไม่จำเป็นถ้า CSS อยู่ใน hbs แล้ว)","cssPath":"C:\\Projcet TPR\\report-server\\public\\css\\quotation.css"}
{"ts":"2026-05-04T11:06:20.459Z","level":"OK","title":"READY","message":"PDF server is running","port":4100,"logFile":"C:\\Projcet TPR\\report-server\\logs\\server-2026-05-04.log"}
{"ts":"2026-05-04T11:06:20.459Z","level":"BOOT","message":"PDF server is running","port":4100,"logFile":"C:\\Projcet TPR\\report-server\\logs\\server-2026-05-04.log"}
