{"ts":"2026-05-28T03:05:52.642Z","level":"INFO","title":"TEMPLATE","message":"compile templates\\tpr_quotation.hbs","templatePath":"C:\\Projcet TPR\\report-server\\templates\\tpr_quotation.hbs"}
{"ts":"2026-05-28T03:05:52.645Z","level":"INFO","title":"TEMPLATE","message":"compile templates\\tpr_credit_note.hbs","templatePath":"C:\\Projcet TPR\\report-server\\templates\\tpr_credit_note.hbs"}
{"ts":"2026-05-28T03:05:52.646Z","level":"INFO","title":"TEMPLATE","message":"compile templates\\tpr_invoice.hbs","templatePath":"C:\\Projcet TPR\\report-server\\templates\\tpr_invoice.hbs"}
{"ts":"2026-05-28T03:05:52.647Z","level":"INFO","title":"TEMPLATE","message":"compile templates\\tpr_purchase_order.hbs","templatePath":"C:\\Projcet TPR\\report-server\\templates\\tpr_purchase_order.hbs"}
{"ts":"2026-05-28T03:05:52.648Z","level":"INFO","title":"TEMPLATE","message":"compile templates\\tpr_receipt.hbs","templatePath":"C:\\Projcet TPR\\report-server\\templates\\tpr_receipt.hbs"}
{"ts":"2026-05-28T03:05:52.649Z","level":"INFO","title":"TEMPLATE","message":"compile templates\\tpr_tax_receipt.hbs","templatePath":"C:\\Projcet TPR\\report-server\\templates\\tpr_tax_receipt.hbs"}
{"ts":"2026-05-28T03:05:52.650Z","level":"INFO","title":"TEMPLATE","message":"compile templates\\tpr_withholding_tax_certificate.hbs","templatePath":"C:\\Projcet TPR\\report-server\\templates\\tpr_withholding_tax_certificate.hbs"}
{"ts":"2026-05-28T03:05:52.652Z","level":"INFO","title":"TEMPLATE","message":"compile templates\\tpr_payment_voucher.hbs","templatePath":"C:\\Projcet TPR\\report-server\\templates\\tpr_payment_voucher.hbs"}
{"ts":"2026-05-28T03:05:52.653Z","level":"INFO","title":"TEMPLATE","message":"compile templates\\tpr_receipt_voucher.hbs","templatePath":"C:\\Projcet TPR\\report-server\\templates\\tpr_receipt_voucher.hbs"}
{"ts":"2026-05-28T03:05:52.654Z","level":"INFO","title":"TEMPLATE","message":"compile templates\\tpr_petty_cash_voucher.hbs","templatePath":"C:\\Projcet TPR\\report-server\\templates\\tpr_petty_cash_voucher.hbs"}
{"ts":"2026-05-28T03:05:52.655Z","level":"INFO","title":"TEMPLATE","message":"compile templates\\tpr_petty_cash_request.hbs","templatePath":"C:\\Projcet TPR\\report-server\\templates\\tpr_petty_cash_request.hbs"}
{"ts":"2026-05-28T03:05:52.656Z","level":"INFO","title":"TEMPLATE","message":"compile templates\\tpr_petty_cash_payment_report.hbs","templatePath":"C:\\Projcet TPR\\report-server\\templates\\tpr_petty_cash_payment_report.hbs"}
{"ts":"2026-05-28T03:05:52.657Z","level":"INFO","title":"TEMPLATE","message":"compile templates\\tpr_receipt_certification.hbs","templatePath":"C:\\Projcet TPR\\report-server\\templates\\tpr_receipt_certification.hbs"}
{"ts":"2026-05-28T03:05:52.658Z","level":"INFO","title":"TEMPLATE","message":"compile templates\\tpr_payroll_slip.hbs","templatePath":"C:\\Projcet TPR\\report-server\\templates\\tpr_payroll_slip.hbs"}
{"ts":"2026-05-28T03:05:52.659Z","level":"WARN","title":"CSS","message":"inline missing: C:\\Projcet TPR\\report-server\\public\\css\\quotation.css (ไม่จำเป็นถ้า CSS อยู่ใน hbs แล้ว)","cssPath":"C:\\Projcet TPR\\report-server\\public\\css\\quotation.css"}
{"ts":"2026-05-28T03:05:52.681Z","level":"OK","title":"READY","message":"PDF server is running","port":4100,"logFile":"C:\\Projcet TPR\\report-server\\logs\\server-2026-05-28.log"}
{"ts":"2026-05-28T03:05:52.681Z","level":"BOOT","message":"PDF server is running","port":4100,"logFile":"C:\\Projcet TPR\\report-server\\logs\\server-2026-05-28.log"}
{"ts":"2026-05-28T03:32:16.342Z","level":"STEP","reqId":"MPOXSZF9-Z4JLJK","route":"INVOICE","stage":"START","detail":"OPTIONS /tpr-invoice/pdf","method":"OPTIONS","url":"/tpr-invoice/pdf"}
{"ts":"2026-05-28T03:32:16.343Z","level":"REQUEST_START","reqId":"MPOXSZF9-Z4JLJK","route":"INVOICE","method":"OPTIONS","url":"/tpr-invoice/pdf","ip":"::1","origin":"https://tpr-ai-hub.vercel.app","ua":"Mozilla/5.0 (Windows NT 10.0; Win64; x64) AppleWebKit/537.36 (KHTML, like Gecko) Chrome/148.0.0.0 Safari/537.36","payloadBytes":2}
{"ts":"2026-05-28T03:32:16.348Z","level":"ERROR","title":"EXPRESS_GLOBAL_ERROR","reqId":"MPOXSZF9-Z4JLJK","message":"Not allowed by CORS: https://tpr-ai-hub.vercel.app","stack":"Error: Not allowed by CORS: https://tpr-ai-hub.vercel.app\n    at origin (C:\\Projcet TPR\\report-server\\server.js:421:17)\n    at C:\\Projcet TPR\\report-server\\node_modules\\cors\\lib\\index.js:219:13\n    at optionsCallback (C:\\Projcet TPR\\report-server\\node_modules\\cors\\lib\\index.js:199:9)\n    at corsMiddleware (C:\\Projcet TPR\\report-server\\node_modules\\cors\\lib\\index.js:204:7)\n    at Layer.handleRequest (C:\\Projcet TPR\\report-server\\node_modules\\router\\lib\\layer.js:152:17)\n    at trimPrefix (C:\\Projcet TPR\\report-server\\node_modules\\router\\index.js:342:13)\n    at C:\\Projcet TPR\\report-server\\node_modules\\router\\index.js:297:9\n    at processParams (C:\\Projcet TPR\\report-server\\node_modules\\router\\index.js:582:12)\n    at next (C:\\Projcet TPR\\report-server\\node_modules\\router\\index.js:291:5)\n    at C:\\Projcet TPR\\report-server\\server.js:410:3","route":"/tpr-invoice/pdf","method":"OPTIONS"}
{"ts":"2026-05-28T03:32:16.352Z","level":"REQUEST_DONE","reqId":"MPOXSZF9-Z4JLJK","route":"INVOICE","method":"OPTIONS","url":"/tpr-invoice/pdf","status":500,"durationMs":10,"responseSize":"96.0 B"}
{"ts":"2026-05-28T03:32:23.973Z","level":"WARN","title":"SHUTDOWN","message":"received SIGINT, closing server resources...","signal":"SIGINT"}
{"ts":"2026-05-28T03:32:30.375Z","level":"INFO","title":"TEMPLATE","message":"compile templates\\tpr_quotation.hbs","templatePath":"C:\\Projcet TPR\\report-server\\templates\\tpr_quotation.hbs"}
{"ts":"2026-05-28T03:32:30.377Z","level":"INFO","title":"TEMPLATE","message":"compile templates\\tpr_credit_note.hbs","templatePath":"C:\\Projcet TPR\\report-server\\templates\\tpr_credit_note.hbs"}
{"ts":"2026-05-28T03:32:30.378Z","level":"INFO","title":"TEMPLATE","message":"compile templates\\tpr_invoice.hbs","templatePath":"C:\\Projcet TPR\\report-server\\templates\\tpr_invoice.hbs"}
{"ts":"2026-05-28T03:32:30.378Z","level":"INFO","title":"TEMPLATE","message":"compile templates\\tpr_purchase_order.hbs","templatePath":"C:\\Projcet TPR\\report-server\\templates\\tpr_purchase_order.hbs"}
{"ts":"2026-05-28T03:32:30.379Z","level":"INFO","title":"TEMPLATE","message":"compile templates\\tpr_receipt.hbs","templatePath":"C:\\Projcet TPR\\report-server\\templates\\tpr_receipt.hbs"}
{"ts":"2026-05-28T03:32:30.379Z","level":"INFO","title":"TEMPLATE","message":"compile templates\\tpr_tax_receipt.hbs","templatePath":"C:\\Projcet TPR\\report-server\\templates\\tpr_tax_receipt.hbs"}
{"ts":"2026-05-28T03:32:30.381Z","level":"INFO","title":"TEMPLATE","message":"compile templates\\tpr_withholding_tax_certificate.hbs","templatePath":"C:\\Projcet TPR\\report-server\\templates\\tpr_withholding_tax_certificate.hbs"}
{"ts":"2026-05-28T03:32:30.381Z","level":"INFO","title":"TEMPLATE","message":"compile templates\\tpr_payment_voucher.hbs","templatePath":"C:\\Projcet TPR\\report-server\\templates\\tpr_payment_voucher.hbs"}
{"ts":"2026-05-28T03:32:30.382Z","level":"INFO","title":"TEMPLATE","message":"compile templates\\tpr_receipt_voucher.hbs","templatePath":"C:\\Projcet TPR\\report-server\\templates\\tpr_receipt_voucher.hbs"}
{"ts":"2026-05-28T03:32:30.383Z","level":"INFO","title":"TEMPLATE","message":"compile templates\\tpr_petty_cash_voucher.hbs","templatePath":"C:\\Projcet TPR\\report-server\\templates\\tpr_petty_cash_voucher.hbs"}
{"ts":"2026-05-28T03:32:30.383Z","level":"INFO","title":"TEMPLATE","message":"compile templates\\tpr_petty_cash_request.hbs","templatePath":"C:\\Projcet TPR\\report-server\\templates\\tpr_petty_cash_request.hbs"}
{"ts":"2026-05-28T03:32:30.384Z","level":"INFO","title":"TEMPLATE","message":"compile templates\\tpr_petty_cash_payment_report.hbs","templatePath":"C:\\Projcet TPR\\report-server\\templates\\tpr_petty_cash_payment_report.hbs"}
{"ts":"2026-05-28T03:32:30.384Z","level":"INFO","title":"TEMPLATE","message":"compile templates\\tpr_receipt_certification.hbs","templatePath":"C:\\Projcet TPR\\report-server\\templates\\tpr_receipt_certification.hbs"}
{"ts":"2026-05-28T03:32:30.384Z","level":"INFO","title":"TEMPLATE","message":"compile templates\\tpr_payroll_slip.hbs","templatePath":"C:\\Projcet TPR\\report-server\\templates\\tpr_payroll_slip.hbs"}
{"ts":"2026-05-28T03:32:30.386Z","level":"WARN","title":"CSS","message":"inline missing: C:\\Projcet TPR\\report-server\\public\\css\\quotation.css (ไม่จำเป็นถ้า CSS อยู่ใน hbs แล้ว)","cssPath":"C:\\Projcet TPR\\report-server\\public\\css\\quotation.css"}
{"ts":"2026-05-28T03:32:30.404Z","level":"OK","title":"READY","message":"PDF server is running","port":4100,"logFile":"C:\\Projcet TPR\\report-server\\logs\\server-2026-05-28.log"}
{"ts":"2026-05-28T03:32:30.404Z","level":"BOOT","message":"PDF server is running","port":4100,"logFile":"C:\\Projcet TPR\\report-server\\logs\\server-2026-05-28.log"}
{"ts":"2026-05-28T03:32:35.667Z","level":"STEP","reqId":"MPOXTEC2-XRX1M0","route":"INVOICE","stage":"START","detail":"OPTIONS /tpr-invoice/pdf","method":"OPTIONS","url":"/tpr-invoice/pdf"}
{"ts":"2026-05-28T03:32:35.668Z","level":"REQUEST_START","reqId":"MPOXTEC2-XRX1M0","route":"INVOICE","method":"OPTIONS","url":"/tpr-invoice/pdf","ip":"::1","origin":"https://tpr-ai-hub.vercel.app","ua":"Mozilla/5.0 (Windows NT 10.0; Win64; x64) AppleWebKit/537.36 (KHTML, like Gecko) Chrome/148.0.0.0 Safari/537.36","payloadBytes":2}
{"ts":"2026-05-28T03:32:35.671Z","level":"ERROR","title":"EXPRESS_GLOBAL_ERROR","reqId":"MPOXTEC2-XRX1M0","message":"Not allowed by CORS: https://tpr-ai-hub.vercel.app","stack":"Error: Not allowed by CORS: https://tpr-ai-hub.vercel.app\n    at origin (C:\\Projcet TPR\\report-server\\server.js:421:17)\n    at C:\\Projcet TPR\\report-server\\node_modules\\cors\\lib\\index.js:219:13\n    at optionsCallback (C:\\Projcet TPR\\report-server\\node_modules\\cors\\lib\\index.js:199:9)\n    at corsMiddleware (C:\\Projcet TPR\\report-server\\node_modules\\cors\\lib\\index.js:204:7)\n    at Layer.handleRequest (C:\\Projcet TPR\\report-server\\node_modules\\router\\lib\\layer.js:152:17)\n    at trimPrefix (C:\\Projcet TPR\\report-server\\node_modules\\router\\index.js:342:13)\n    at C:\\Projcet TPR\\report-server\\node_modules\\router\\index.js:297:9\n    at processParams (C:\\Projcet TPR\\report-server\\node_modules\\router\\index.js:582:12)\n    at next (C:\\Projcet TPR\\report-server\\node_modules\\router\\index.js:291:5)\n    at C:\\Projcet TPR\\report-server\\server.js:410:3","route":"/tpr-invoice/pdf","method":"OPTIONS"}
{"ts":"2026-05-28T03:32:35.677Z","level":"REQUEST_DONE","reqId":"MPOXTEC2-XRX1M0","route":"INVOICE","method":"OPTIONS","url":"/tpr-invoice/pdf","status":500,"durationMs":10,"responseSize":"96.0 B"}
{"ts":"2026-05-28T03:34:32.235Z","level":"STEP","reqId":"MPOXVWA3-KL034B","route":"QUOTATION","stage":"START","detail":"OPTIONS /tpr-quotation/pdf","method":"OPTIONS","url":"/tpr-quotation/pdf"}
{"ts":"2026-05-28T03:34:32.236Z","level":"REQUEST_START","reqId":"MPOXVWA3-KL034B","route":"QUOTATION","method":"OPTIONS","url":"/tpr-quotation/pdf","ip":"::1","origin":"http://localhost:5174","ua":"Mozilla/5.0 (Windows NT 10.0; Win64; x64) AppleWebKit/537.36 (KHTML, like Gecko) Chrome/148.0.0.0 Safari/537.36","payloadBytes":2}
{"ts":"2026-05-28T03:34:32.237Z","level":"REQUEST_DONE","reqId":"MPOXVWA3-KL034B","route":"QUOTATION","method":"OPTIONS","url":"/tpr-quotation/pdf","status":204,"durationMs":2,"responseSize":"0 B"}
{"ts":"2026-05-28T03:34:32.238Z","level":"STEP","reqId":"MPOXVWA6-4JDPGX","route":"QUOTATION","stage":"START","detail":"POST /tpr-quotation/pdf","method":"POST","url":"/tpr-quotation/pdf"}
{"ts":"2026-05-28T03:34:32.239Z","level":"REQUEST_START","reqId":"MPOXVWA6-4JDPGX","route":"QUOTATION","method":"POST","url":"/tpr-quotation/pdf","ip":"::1","origin":"http://localhost:5174","ua":"Mozilla/5.0 (Windows NT 10.0; Win64; x64) AppleWebKit/537.36 (KHTML, like Gecko) Chrome/148.0.0.0 Safari/537.36","payloadBytes":2}
{"ts":"2026-05-28T03:34:32.262Z","level":"STEP","reqId":"MPOXVWA6-4JDPGX","route":"QUOTATION","stage":"ROUTE","detail":"pdf mode","method":"POST","url":"/tpr-quotation/pdf"}
{"ts":"2026-05-28T03:34:32.263Z","level":"STEP","reqId":"MPOXVWA6-4JDPGX","route":"QUOTATION","stage":"NORMALIZE","detail":"payload 1.45 KB","method":"POST","url":"/tpr-quotation/pdf"}
{"ts":"2026-05-28T03:34:32.263Z","level":"STEP","reqId":"MPOXVWA6-4JDPGX","route":"QUOTATION","stage":"TEMPLATE","detail":"render html before pdf","method":"POST","url":"/tpr-quotation/pdf"}
{"ts":"2026-05-28T03:34:32.287Z","level":"INFO","title":"PUPPETEER","message":"launch browser..."}
{"ts":"2026-05-28T03:34:32.804Z","level":"OK","title":"PUPPETEER","message":"browser launched"}
{"ts":"2026-05-28T03:34:32.840Z","level":"STEP","reqId":"MPOXVWA6-4JDPGX","route":"QUOTATION","stage":"PDF:PAGE_OPEN","detail":"create new page","method":"POST","url":"/tpr-quotation/pdf"}
{"ts":"2026-05-28T03:34:32.843Z","level":"STEP","reqId":"MPOXVWA6-4JDPGX","route":"QUOTATION","stage":"PDF:SET_CONTENT","detail":"html size 8.99 KB","method":"POST","url":"/tpr-quotation/pdf"}
{"ts":"2026-05-28T03:34:34.008Z","level":"STEP","reqId":"MPOXVWA6-4JDPGX","route":"QUOTATION","stage":"PDF:FONTS_READY","detail":"waiting document.fonts.ready","method":"POST","url":"/tpr-quotation/pdf"}
{"ts":"2026-05-28T03:34:34.011Z","level":"STEP","reqId":"MPOXVWA6-4JDPGX","route":"QUOTATION","stage":"PDF:RENDER","detail":"format=A4 media=screen landscape=false","method":"POST","url":"/tpr-quotation/pdf"}
{"ts":"2026-05-28T03:34:34.157Z","level":"STEP","reqId":"MPOXVWA6-4JDPGX","route":"QUOTATION","stage":"PDF:BUFFER_READY","detail":"pdf size 209 KB","method":"POST","url":"/tpr-quotation/pdf"}
{"ts":"2026-05-28T03:34:34.157Z","level":"STEP","reqId":"MPOXVWA6-4JDPGX","route":"QUOTATION","stage":"PDF:PAGE_CLOSE","detail":"close page","method":"POST","url":"/tpr-quotation/pdf"}
{"ts":"2026-05-28T03:34:34.169Z","level":"STEP","reqId":"MPOXVWA6-4JDPGX","route":"QUOTATION","stage":"RESPOND_PDF","detail":"filename=tpr_quotation.pdf","method":"POST","url":"/tpr-quotation/pdf"}
{"ts":"2026-05-28T03:34:34.169Z","level":"PDF_RESPONSE","reqId":"MPOXVWA6-4JDPGX","route":"QUOTATION","method":"POST","url":"/tpr-quotation/pdf","filename":"tpr_quotation.pdf","pdfBytes":214139}
{"ts":"2026-05-28T03:34:34.171Z","level":"REQUEST_DONE","reqId":"MPOXVWA6-4JDPGX","route":"QUOTATION","method":"POST","url":"/tpr-quotation/pdf","status":200,"durationMs":1933,"responseSize":"209 KB"}
{"ts":"2026-05-28T04:33:40.973Z","level":"STEP","reqId":"MPOZZYI3-AOG6R8","route":"INVOICE","stage":"START","detail":"OPTIONS /tpr-invoice/pdf","method":"OPTIONS","url":"/tpr-invoice/pdf"}
{"ts":"2026-05-28T04:33:40.977Z","level":"REQUEST_START","reqId":"MPOZZYI3-AOG6R8","route":"INVOICE","method":"OPTIONS","url":"/tpr-invoice/pdf","ip":"::1","origin":"http://localhost:5174","ua":"Mozilla/5.0 (Windows NT 10.0; Win64; x64) AppleWebKit/537.36 (KHTML, like Gecko) Chrome/148.0.0.0 Safari/537.36","payloadBytes":2}
{"ts":"2026-05-28T04:33:40.981Z","level":"REQUEST_DONE","reqId":"MPOZZYI3-AOG6R8","route":"INVOICE","method":"OPTIONS","url":"/tpr-invoice/pdf","status":204,"durationMs":10,"responseSize":"0 B"}
{"ts":"2026-05-28T04:33:40.982Z","level":"STEP","reqId":"MPOZZYIE-M7FW5P","route":"INVOICE","stage":"START","detail":"POST /tpr-invoice/pdf","method":"POST","url":"/tpr-invoice/pdf"}
{"ts":"2026-05-28T04:33:40.982Z","level":"REQUEST_START","reqId":"MPOZZYIE-M7FW5P","route":"INVOICE","method":"POST","url":"/tpr-invoice/pdf","ip":"::1","origin":"http://localhost:5174","ua":"Mozilla/5.0 (Windows NT 10.0; Win64; x64) AppleWebKit/537.36 (KHTML, like Gecko) Chrome/148.0.0.0 Safari/537.36","payloadBytes":2}
{"ts":"2026-05-28T04:33:40.985Z","level":"STEP","reqId":"MPOZZYIE-M7FW5P","route":"INVOICE","stage":"ROUTE","detail":"pdf mode","method":"POST","url":"/tpr-invoice/pdf"}
{"ts":"2026-05-28T04:33:40.986Z","level":"STEP","reqId":"MPOZZYIE-M7FW5P","route":"INVOICE","stage":"NORMALIZE","detail":"payload 1.37 KB","method":"POST","url":"/tpr-invoice/pdf"}
{"ts":"2026-05-28T04:33:40.987Z","level":"STEP","reqId":"MPOZZYIE-M7FW5P","route":"INVOICE","stage":"TEMPLATE","detail":"render html before pdf","method":"POST","url":"/tpr-invoice/pdf"}
{"ts":"2026-05-28T04:33:41.012Z","level":"INFO","title":"PUPPETEER","message":"reuse existing browser instance"}
{"ts":"2026-05-28T04:33:41.105Z","level":"STEP","reqId":"MPOZZYIE-M7FW5P","route":"INVOICE","stage":"PDF:PAGE_OPEN","detail":"create new page","method":"POST","url":"/tpr-invoice/pdf"}
{"ts":"2026-05-28T04:33:41.112Z","level":"STEP","reqId":"MPOZZYIE-M7FW5P","route":"INVOICE","stage":"PDF:SET_CONTENT","detail":"html size 10.1 KB","method":"POST","url":"/tpr-invoice/pdf"}
{"ts":"2026-05-28T04:33:42.181Z","level":"STEP","reqId":"MPOZZYIE-M7FW5P","route":"INVOICE","stage":"PDF:FONTS_READY","detail":"waiting document.fonts.ready","method":"POST","url":"/tpr-invoice/pdf"}
{"ts":"2026-05-28T04:33:42.195Z","level":"STEP","reqId":"MPOZZYIE-M7FW5P","route":"INVOICE","stage":"PDF:RENDER","detail":"format=A4 media=screen landscape=false","method":"POST","url":"/tpr-invoice/pdf"}
{"ts":"2026-05-28T04:33:42.549Z","level":"STEP","reqId":"MPOZZYIE-M7FW5P","route":"INVOICE","stage":"PDF:BUFFER_READY","detail":"pdf size 214 KB","method":"POST","url":"/tpr-invoice/pdf"}
{"ts":"2026-05-28T04:33:42.550Z","level":"STEP","reqId":"MPOZZYIE-M7FW5P","route":"INVOICE","stage":"PDF:PAGE_CLOSE","detail":"close page","method":"POST","url":"/tpr-invoice/pdf"}
{"ts":"2026-05-28T04:33:42.566Z","level":"STEP","reqId":"MPOZZYIE-M7FW5P","route":"INVOICE","stage":"RESPOND_PDF","detail":"filename=tpr_invoice.pdf","method":"POST","url":"/tpr-invoice/pdf"}
{"ts":"2026-05-28T04:33:42.567Z","level":"PDF_RESPONSE","reqId":"MPOZZYIE-M7FW5P","route":"INVOICE","method":"POST","url":"/tpr-invoice/pdf","filename":"tpr_invoice.pdf","pdfBytes":219497}
{"ts":"2026-05-28T04:33:42.569Z","level":"REQUEST_DONE","reqId":"MPOZZYIE-M7FW5P","route":"INVOICE","method":"POST","url":"/tpr-invoice/pdf","status":200,"durationMs":1587,"responseSize":"214 KB"}
{"ts":"2026-05-28T04:57:45.659Z","level":"STEP","reqId":"MPP0UX88-O3NP6F","route":"QUOTATION","stage":"START","detail":"OPTIONS /tpr-quotation/pdf","method":"OPTIONS","url":"/tpr-quotation/pdf"}
{"ts":"2026-05-28T04:57:45.660Z","level":"REQUEST_START","reqId":"MPP0UX88-O3NP6F","route":"QUOTATION","method":"OPTIONS","url":"/tpr-quotation/pdf","ip":"::1","origin":"http://localhost:5174","ua":"Mozilla/5.0 (Windows NT 10.0; Win64; x64) AppleWebKit/537.36 (KHTML, like Gecko) Chrome/148.0.0.0 Safari/537.36","payloadBytes":2}
{"ts":"2026-05-28T04:57:45.661Z","level":"REQUEST_DONE","reqId":"MPP0UX88-O3NP6F","route":"QUOTATION","method":"OPTIONS","url":"/tpr-quotation/pdf","status":204,"durationMs":4,"responseSize":"0 B"}
{"ts":"2026-05-28T04:57:45.664Z","level":"STEP","reqId":"MPP0UX8G-RK8YE1","route":"QUOTATION","stage":"START","detail":"POST /tpr-quotation/pdf","method":"POST","url":"/tpr-quotation/pdf"}
{"ts":"2026-05-28T04:57:45.665Z","level":"REQUEST_START","reqId":"MPP0UX8G-RK8YE1","route":"QUOTATION","method":"POST","url":"/tpr-quotation/pdf","ip":"::1","origin":"http://localhost:5174","ua":"Mozilla/5.0 (Windows NT 10.0; Win64; x64) AppleWebKit/537.36 (KHTML, like Gecko) Chrome/148.0.0.0 Safari/537.36","payloadBytes":2}
{"ts":"2026-05-28T04:57:45.667Z","level":"STEP","reqId":"MPP0UX8G-RK8YE1","route":"QUOTATION","stage":"ROUTE","detail":"pdf mode","method":"POST","url":"/tpr-quotation/pdf"}
{"ts":"2026-05-28T04:57:45.668Z","level":"STEP","reqId":"MPP0UX8G-RK8YE1","route":"QUOTATION","stage":"NORMALIZE","detail":"payload 1.42 KB","method":"POST","url":"/tpr-quotation/pdf"}
{"ts":"2026-05-28T04:57:45.668Z","level":"STEP","reqId":"MPP0UX8G-RK8YE1","route":"QUOTATION","stage":"TEMPLATE","detail":"render html before pdf","method":"POST","url":"/tpr-quotation/pdf"}
{"ts":"2026-05-28T04:57:45.670Z","level":"INFO","title":"PUPPETEER","message":"reuse existing browser instance"}
{"ts":"2026-05-28T04:57:45.982Z","level":"STEP","reqId":"MPP0UX8G-RK8YE1","route":"QUOTATION","stage":"PDF:PAGE_OPEN","detail":"create new page","method":"POST","url":"/tpr-quotation/pdf"}
{"ts":"2026-05-28T04:57:45.985Z","level":"STEP","reqId":"MPP0UX8G-RK8YE1","route":"QUOTATION","stage":"PDF:SET_CONTENT","detail":"html size 9.00 KB","method":"POST","url":"/tpr-quotation/pdf"}
{"ts":"2026-05-28T04:57:47.481Z","level":"STEP","reqId":"MPP0UX8G-RK8YE1","route":"QUOTATION","stage":"PDF:FONTS_READY","detail":"waiting document.fonts.ready","method":"POST","url":"/tpr-quotation/pdf"}
{"ts":"2026-05-28T04:57:47.490Z","level":"STEP","reqId":"MPP0UX8G-RK8YE1","route":"QUOTATION","stage":"PDF:RENDER","detail":"format=A4 media=screen landscape=false","method":"POST","url":"/tpr-quotation/pdf"}
{"ts":"2026-05-28T04:57:47.722Z","level":"STEP","reqId":"MPP0UX8G-RK8YE1","route":"QUOTATION","stage":"PDF:BUFFER_READY","detail":"pdf size 209 KB","method":"POST","url":"/tpr-quotation/pdf"}
{"ts":"2026-05-28T04:57:47.723Z","level":"STEP","reqId":"MPP0UX8G-RK8YE1","route":"QUOTATION","stage":"PDF:PAGE_CLOSE","detail":"close page","method":"POST","url":"/tpr-quotation/pdf"}
{"ts":"2026-05-28T04:57:47.735Z","level":"STEP","reqId":"MPP0UX8G-RK8YE1","route":"QUOTATION","stage":"RESPOND_PDF","detail":"filename=tpr_quotation.pdf","method":"POST","url":"/tpr-quotation/pdf"}
{"ts":"2026-05-28T04:57:47.735Z","level":"PDF_RESPONSE","reqId":"MPP0UX8G-RK8YE1","route":"QUOTATION","method":"POST","url":"/tpr-quotation/pdf","filename":"tpr_quotation.pdf","pdfBytes":214150}
{"ts":"2026-05-28T04:57:47.738Z","level":"REQUEST_DONE","reqId":"MPP0UX8G-RK8YE1","route":"QUOTATION","method":"POST","url":"/tpr-quotation/pdf","status":200,"durationMs":2073,"responseSize":"209 KB"}
{"ts":"2026-05-28T08:23:24.530Z","level":"STEP","reqId":"MPP87DYN-TX8ZZS","route":"QUOTATION","stage":"START","detail":"OPTIONS /tpr-quotation/pdf","method":"OPTIONS","url":"/tpr-quotation/pdf"}
{"ts":"2026-05-28T08:23:24.534Z","level":"REQUEST_START","reqId":"MPP87DYN-TX8ZZS","route":"QUOTATION","method":"OPTIONS","url":"/tpr-quotation/pdf","ip":"::1","origin":"http://localhost:5174","ua":"Mozilla/5.0 (Windows NT 10.0; Win64; x64) AppleWebKit/537.36 (KHTML, like Gecko) Chrome/148.0.0.0 Safari/537.36","payloadBytes":2}
{"ts":"2026-05-28T08:23:24.536Z","level":"REQUEST_DONE","reqId":"MPP87DYN-TX8ZZS","route":"QUOTATION","method":"OPTIONS","url":"/tpr-quotation/pdf","status":204,"durationMs":9,"responseSize":"0 B"}
{"ts":"2026-05-28T08:23:24.538Z","level":"STEP","reqId":"MPP87DYX-NOE94C","route":"QUOTATION","stage":"START","detail":"POST /tpr-quotation/pdf","method":"POST","url":"/tpr-quotation/pdf"}
{"ts":"2026-05-28T08:23:24.538Z","level":"REQUEST_START","reqId":"MPP87DYX-NOE94C","route":"QUOTATION","method":"POST","url":"/tpr-quotation/pdf","ip":"::1","origin":"http://localhost:5174","ua":"Mozilla/5.0 (Windows NT 10.0; Win64; x64) AppleWebKit/537.36 (KHTML, like Gecko) Chrome/148.0.0.0 Safari/537.36","payloadBytes":2}
{"ts":"2026-05-28T08:23:24.542Z","level":"STEP","reqId":"MPP87DYX-NOE94C","route":"QUOTATION","stage":"ROUTE","detail":"pdf mode","method":"POST","url":"/tpr-quotation/pdf"}
{"ts":"2026-05-28T08:23:24.543Z","level":"STEP","reqId":"MPP87DYX-NOE94C","route":"QUOTATION","stage":"NORMALIZE","detail":"payload 1.27 KB","method":"POST","url":"/tpr-quotation/pdf"}
{"ts":"2026-05-28T08:23:24.544Z","level":"STEP","reqId":"MPP87DYX-NOE94C","route":"QUOTATION","stage":"TEMPLATE","detail":"render html before pdf","method":"POST","url":"/tpr-quotation/pdf"}
{"ts":"2026-05-28T08:23:24.548Z","level":"INFO","title":"PUPPETEER","message":"reuse existing browser instance"}
{"ts":"2026-05-28T08:23:24.944Z","level":"STEP","reqId":"MPP87DYX-NOE94C","route":"QUOTATION","stage":"PDF:PAGE_OPEN","detail":"create new page","method":"POST","url":"/tpr-quotation/pdf"}
{"ts":"2026-05-28T08:23:24.950Z","level":"STEP","reqId":"MPP87DYX-NOE94C","route":"QUOTATION","stage":"PDF:SET_CONTENT","detail":"html size 8.86 KB","method":"POST","url":"/tpr-quotation/pdf"}
{"ts":"2026-05-28T08:23:25.913Z","level":"STEP","reqId":"MPP87DYX-NOE94C","route":"QUOTATION","stage":"PDF:FONTS_READY","detail":"waiting document.fonts.ready","method":"POST","url":"/tpr-quotation/pdf"}
{"ts":"2026-05-28T08:23:25.922Z","level":"STEP","reqId":"MPP87DYX-NOE94C","route":"QUOTATION","stage":"PDF:RENDER","detail":"format=A4 media=screen landscape=false","method":"POST","url":"/tpr-quotation/pdf"}
{"ts":"2026-05-28T08:23:26.144Z","level":"STEP","reqId":"MPP87DYX-NOE94C","route":"QUOTATION","stage":"PDF:BUFFER_READY","detail":"pdf size 205 KB","method":"POST","url":"/tpr-quotation/pdf"}
{"ts":"2026-05-28T08:23:26.144Z","level":"STEP","reqId":"MPP87DYX-NOE94C","route":"QUOTATION","stage":"PDF:PAGE_CLOSE","detail":"close page","method":"POST","url":"/tpr-quotation/pdf"}
{"ts":"2026-05-28T08:23:26.170Z","level":"STEP","reqId":"MPP87DYX-NOE94C","route":"QUOTATION","stage":"RESPOND_PDF","detail":"filename=tpr_quotation.pdf","method":"POST","url":"/tpr-quotation/pdf"}
{"ts":"2026-05-28T08:23:26.170Z","level":"PDF_RESPONSE","reqId":"MPP87DYX-NOE94C","route":"QUOTATION","method":"POST","url":"/tpr-quotation/pdf","filename":"tpr_quotation.pdf","pdfBytes":209908}
{"ts":"2026-05-28T08:23:26.172Z","level":"REQUEST_DONE","reqId":"MPP87DYX-NOE94C","route":"QUOTATION","method":"POST","url":"/tpr-quotation/pdf","status":200,"durationMs":1635,"responseSize":"205 KB"}
{"ts":"2026-05-28T10:09:25.435Z","level":"STEP","reqId":"MPPBZQ2G-9PKWFQ","route":"INVOICE","stage":"START","detail":"OPTIONS /tpr-invoice/pdf","method":"OPTIONS","url":"/tpr-invoice/pdf"}
{"ts":"2026-05-28T10:09:25.438Z","level":"REQUEST_START","reqId":"MPPBZQ2G-9PKWFQ","route":"INVOICE","method":"OPTIONS","url":"/tpr-invoice/pdf","ip":"::1","origin":"https://tpr-ai-hub.vercel.app","ua":"Mozilla/5.0 (Windows NT 10.0; Win64; x64) AppleWebKit/537.36 (KHTML, like Gecko) Chrome/148.0.0.0 Safari/537.36","payloadBytes":2}
{"ts":"2026-05-28T10:09:25.452Z","level":"ERROR","title":"EXPRESS_GLOBAL_ERROR","reqId":"MPPBZQ2G-9PKWFQ","message":"Not allowed by CORS: https://tpr-ai-hub.vercel.app","stack":"Error: Not allowed by CORS: https://tpr-ai-hub.vercel.app\n    at origin (C:\\Projcet TPR\\report-server\\server.js:421:17)\n    at C:\\Projcet TPR\\report-server\\node_modules\\cors\\lib\\index.js:219:13\n    at optionsCallback (C:\\Projcet TPR\\report-server\\node_modules\\cors\\lib\\index.js:199:9)\n    at corsMiddleware (C:\\Projcet TPR\\report-server\\node_modules\\cors\\lib\\index.js:204:7)\n    at Layer.handleRequest (C:\\Projcet TPR\\report-server\\node_modules\\router\\lib\\layer.js:152:17)\n    at trimPrefix (C:\\Projcet TPR\\report-server\\node_modules\\router\\index.js:342:13)\n    at C:\\Projcet TPR\\report-server\\node_modules\\router\\index.js:297:9\n    at processParams (C:\\Projcet TPR\\report-server\\node_modules\\router\\index.js:582:12)\n    at next (C:\\Projcet TPR\\report-server\\node_modules\\router\\index.js:291:5)\n    at C:\\Projcet TPR\\report-server\\server.js:410:3","route":"/tpr-invoice/pdf","method":"OPTIONS"}
{"ts":"2026-05-28T10:09:25.457Z","level":"REQUEST_DONE","reqId":"MPPBZQ2G-9PKWFQ","route":"INVOICE","method":"OPTIONS","url":"/tpr-invoice/pdf","status":500,"durationMs":25,"responseSize":"96.0 B"}
{"ts":"2026-05-28T10:35:53.619Z","level":"INFO","title":"TEMPLATE","message":"compile templates\\tpr_quotation.hbs","templatePath":"C:\\Projcet TPR\\report-server\\templates\\tpr_quotation.hbs"}
{"ts":"2026-05-28T10:35:53.622Z","level":"INFO","title":"TEMPLATE","message":"compile templates\\tpr_credit_note.hbs","templatePath":"C:\\Projcet TPR\\report-server\\templates\\tpr_credit_note.hbs"}
{"ts":"2026-05-28T10:35:53.623Z","level":"INFO","title":"TEMPLATE","message":"compile templates\\tpr_invoice.hbs","templatePath":"C:\\Projcet TPR\\report-server\\templates\\tpr_invoice.hbs"}
{"ts":"2026-05-28T10:35:53.625Z","level":"INFO","title":"TEMPLATE","message":"compile templates\\tpr_purchase_order.hbs","templatePath":"C:\\Projcet TPR\\report-server\\templates\\tpr_purchase_order.hbs"}
{"ts":"2026-05-28T10:35:53.626Z","level":"INFO","title":"TEMPLATE","message":"compile templates\\tpr_receipt.hbs","templatePath":"C:\\Projcet TPR\\report-server\\templates\\tpr_receipt.hbs"}
{"ts":"2026-05-28T10:35:53.627Z","level":"INFO","title":"TEMPLATE","message":"compile templates\\tpr_tax_receipt.hbs","templatePath":"C:\\Projcet TPR\\report-server\\templates\\tpr_tax_receipt.hbs"}
{"ts":"2026-05-28T10:35:53.629Z","level":"INFO","title":"TEMPLATE","message":"compile templates\\tpr_withholding_tax_certificate.hbs","templatePath":"C:\\Projcet TPR\\report-server\\templates\\tpr_withholding_tax_certificate.hbs"}
{"ts":"2026-05-28T10:35:53.631Z","level":"INFO","title":"TEMPLATE","message":"compile templates\\tpr_payment_voucher.hbs","templatePath":"C:\\Projcet TPR\\report-server\\templates\\tpr_payment_voucher.hbs"}
{"ts":"2026-05-28T10:35:53.632Z","level":"INFO","title":"TEMPLATE","message":"compile templates\\tpr_receipt_voucher.hbs","templatePath":"C:\\Projcet TPR\\report-server\\templates\\tpr_receipt_voucher.hbs"}
{"ts":"2026-05-28T10:35:53.633Z","level":"INFO","title":"TEMPLATE","message":"compile templates\\tpr_petty_cash_voucher.hbs","templatePath":"C:\\Projcet TPR\\report-server\\templates\\tpr_petty_cash_voucher.hbs"}
{"ts":"2026-05-28T10:35:53.634Z","level":"INFO","title":"TEMPLATE","message":"compile templates\\tpr_petty_cash_request.hbs","templatePath":"C:\\Projcet TPR\\report-server\\templates\\tpr_petty_cash_request.hbs"}
{"ts":"2026-05-28T10:35:53.635Z","level":"INFO","title":"TEMPLATE","message":"compile templates\\tpr_petty_cash_payment_report.hbs","templatePath":"C:\\Projcet TPR\\report-server\\templates\\tpr_petty_cash_payment_report.hbs"}
{"ts":"2026-05-28T10:35:53.636Z","level":"INFO","title":"TEMPLATE","message":"compile templates\\tpr_receipt_certification.hbs","templatePath":"C:\\Projcet TPR\\report-server\\templates\\tpr_receipt_certification.hbs"}
{"ts":"2026-05-28T10:35:53.637Z","level":"INFO","title":"TEMPLATE","message":"compile templates\\tpr_payroll_slip.hbs","templatePath":"C:\\Projcet TPR\\report-server\\templates\\tpr_payroll_slip.hbs"}
{"ts":"2026-05-28T10:35:53.639Z","level":"WARN","title":"CSS","message":"inline missing: C:\\Projcet TPR\\report-server\\public\\css\\quotation.css (ไม่จำเป็นถ้า CSS อยู่ใน hbs แล้ว)","cssPath":"C:\\Projcet TPR\\report-server\\public\\css\\quotation.css"}
{"ts":"2026-05-28T10:35:53.683Z","level":"OK","title":"READY","message":"PDF server is running","port":4100,"logFile":"C:\\Projcet TPR\\report-server\\logs\\server-2026-05-28.log"}
{"ts":"2026-05-28T10:35:53.683Z","level":"BOOT","message":"PDF server is running","port":4100,"logFile":"C:\\Projcet TPR\\report-server\\logs\\server-2026-05-28.log"}
