{"ts":"2026-05-06T10:28:21.773Z","level":"INFO","title":"TEMPLATE","message":"compile templates\\tpr_quotation.hbs","templatePath":"C:\\Projcet TPR\\report-server\\templates\\tpr_quotation.hbs"}
{"ts":"2026-05-06T10:28:21.775Z","level":"INFO","title":"TEMPLATE","message":"compile templates\\tpr_credit_note.hbs","templatePath":"C:\\Projcet TPR\\report-server\\templates\\tpr_credit_note.hbs"}
{"ts":"2026-05-06T10:28:21.776Z","level":"INFO","title":"TEMPLATE","message":"compile templates\\tpr_invoice.hbs","templatePath":"C:\\Projcet TPR\\report-server\\templates\\tpr_invoice.hbs"}
{"ts":"2026-05-06T10:28:21.777Z","level":"INFO","title":"TEMPLATE","message":"compile templates\\tpr_purchase_order.hbs","templatePath":"C:\\Projcet TPR\\report-server\\templates\\tpr_purchase_order.hbs"}
{"ts":"2026-05-06T10:28:21.777Z","level":"INFO","title":"TEMPLATE","message":"compile templates\\tpr_receipt.hbs","templatePath":"C:\\Projcet TPR\\report-server\\templates\\tpr_receipt.hbs"}
{"ts":"2026-05-06T10:28:21.778Z","level":"INFO","title":"TEMPLATE","message":"compile templates\\tpr_tax_receipt.hbs","templatePath":"C:\\Projcet TPR\\report-server\\templates\\tpr_tax_receipt.hbs"}
{"ts":"2026-05-06T10:28:21.779Z","level":"INFO","title":"TEMPLATE","message":"compile templates\\tpr_withholding_tax_certificate.hbs","templatePath":"C:\\Projcet TPR\\report-server\\templates\\tpr_withholding_tax_certificate.hbs"}
{"ts":"2026-05-06T10:28:21.781Z","level":"INFO","title":"TEMPLATE","message":"compile templates\\tpr_payment_voucher.hbs","templatePath":"C:\\Projcet TPR\\report-server\\templates\\tpr_payment_voucher.hbs"}
{"ts":"2026-05-06T10:28:21.781Z","level":"INFO","title":"TEMPLATE","message":"compile templates\\tpr_receipt_voucher.hbs","templatePath":"C:\\Projcet TPR\\report-server\\templates\\tpr_receipt_voucher.hbs"}
{"ts":"2026-05-06T10:28:21.782Z","level":"INFO","title":"TEMPLATE","message":"compile templates\\tpr_petty_cash_voucher.hbs","templatePath":"C:\\Projcet TPR\\report-server\\templates\\tpr_petty_cash_voucher.hbs"}
{"ts":"2026-05-06T10:28:21.783Z","level":"INFO","title":"TEMPLATE","message":"compile templates\\tpr_petty_cash_request.hbs","templatePath":"C:\\Projcet TPR\\report-server\\templates\\tpr_petty_cash_request.hbs"}
{"ts":"2026-05-06T10:28:21.784Z","level":"INFO","title":"TEMPLATE","message":"compile templates\\tpr_petty_cash_payment_report.hbs","templatePath":"C:\\Projcet TPR\\report-server\\templates\\tpr_petty_cash_payment_report.hbs"}
{"ts":"2026-05-06T10:28:21.784Z","level":"INFO","title":"TEMPLATE","message":"compile templates\\tpr_receipt_certification.hbs","templatePath":"C:\\Projcet TPR\\report-server\\templates\\tpr_receipt_certification.hbs"}
{"ts":"2026-05-06T10:28:21.785Z","level":"INFO","title":"TEMPLATE","message":"compile templates\\tpr_payroll_slip.hbs","templatePath":"C:\\Projcet TPR\\report-server\\templates\\tpr_payroll_slip.hbs"}
{"ts":"2026-05-06T10:28:21.786Z","level":"WARN","title":"CSS","message":"inline missing: C:\\Projcet TPR\\report-server\\public\\css\\quotation.css (ไม่จำเป็นถ้า CSS อยู่ใน hbs แล้ว)","cssPath":"C:\\Projcet TPR\\report-server\\public\\css\\quotation.css"}
{"ts":"2026-05-06T10:28:21.806Z","level":"OK","title":"READY","message":"PDF server is running","port":4100,"logFile":"C:\\Projcet TPR\\report-server\\logs\\server-2026-05-06.log"}
{"ts":"2026-05-06T10:28:21.806Z","level":"BOOT","message":"PDF server is running","port":4100,"logFile":"C:\\Projcet TPR\\report-server\\logs\\server-2026-05-06.log"}
{"ts":"2026-05-06T10:45:31.680Z","level":"STEP","reqId":"MOTXLEVZ-JH6453","route":"PAYROLL_SLIP","stage":"START","detail":"OPTIONS /tpr-payroll-slip/pdf","method":"OPTIONS","url":"/tpr-payroll-slip/pdf"}
{"ts":"2026-05-06T10:45:31.681Z","level":"REQUEST_START","reqId":"MOTXLEVZ-JH6453","route":"PAYROLL_SLIP","method":"OPTIONS","url":"/tpr-payroll-slip/pdf","ip":"::1","origin":"http://localhost:5174","ua":"Mozilla/5.0 (Windows NT 10.0; Win64; x64) AppleWebKit/537.36 (KHTML, like Gecko) Chrome/147.0.0.0 Safari/537.36","payloadBytes":2}
{"ts":"2026-05-06T10:45:31.686Z","level":"REQUEST_DONE","reqId":"MOTXLEVZ-JH6453","route":"PAYROLL_SLIP","method":"OPTIONS","url":"/tpr-payroll-slip/pdf","status":204,"durationMs":6,"responseSize":"0 B"}
{"ts":"2026-05-06T10:45:31.688Z","level":"STEP","reqId":"MOTXLEW8-CENSO5","route":"PAYROLL_SLIP","stage":"START","detail":"POST /tpr-payroll-slip/pdf","method":"POST","url":"/tpr-payroll-slip/pdf"}
{"ts":"2026-05-06T10:45:31.689Z","level":"REQUEST_START","reqId":"MOTXLEW8-CENSO5","route":"PAYROLL_SLIP","method":"POST","url":"/tpr-payroll-slip/pdf","ip":"::1","origin":"http://localhost:5174","ua":"Mozilla/5.0 (Windows NT 10.0; Win64; x64) AppleWebKit/537.36 (KHTML, like Gecko) Chrome/147.0.0.0 Safari/537.36","payloadBytes":2}
{"ts":"2026-05-06T10:45:31.715Z","level":"STEP","reqId":"MOTXLEW8-CENSO5","route":"PAYROLL_SLIP","stage":"ROUTE","detail":"pdf mode","method":"POST","url":"/tpr-payroll-slip/pdf"}
{"ts":"2026-05-06T10:45:31.716Z","level":"STEP","reqId":"MOTXLEW8-CENSO5","route":"PAYROLL_SLIP","stage":"NORMALIZE","detail":"payload 1.64 KB","method":"POST","url":"/tpr-payroll-slip/pdf"}
{"ts":"2026-05-06T10:45:31.718Z","level":"STEP","reqId":"MOTXLEW8-CENSO5","route":"PAYROLL_SLIP","stage":"TEMPLATE","detail":"render html before pdf","method":"POST","url":"/tpr-payroll-slip/pdf"}
{"ts":"2026-05-06T10:45:31.752Z","level":"INFO","title":"PUPPETEER","message":"launch browser..."}
{"ts":"2026-05-06T10:45:32.287Z","level":"OK","title":"PUPPETEER","message":"browser launched"}
{"ts":"2026-05-06T10:45:32.330Z","level":"STEP","reqId":"MOTXLEW8-CENSO5","route":"PAYROLL_SLIP","stage":"PDF:PAGE_OPEN","detail":"create new page","method":"POST","url":"/tpr-payroll-slip/pdf"}
{"ts":"2026-05-06T10:45:32.333Z","level":"STEP","reqId":"MOTXLEW8-CENSO5","route":"PAYROLL_SLIP","stage":"PDF:SET_CONTENT","detail":"html size 13.2 KB","method":"POST","url":"/tpr-payroll-slip/pdf"}
{"ts":"2026-05-06T10:45:33.398Z","level":"STEP","reqId":"MOTXLEW8-CENSO5","route":"PAYROLL_SLIP","stage":"PDF:FONTS_READY","detail":"waiting document.fonts.ready","method":"POST","url":"/tpr-payroll-slip/pdf"}
{"ts":"2026-05-06T10:45:33.401Z","level":"STEP","reqId":"MOTXLEW8-CENSO5","route":"PAYROLL_SLIP","stage":"PDF:RENDER","detail":"format=A4 media=screen landscape=true","method":"POST","url":"/tpr-payroll-slip/pdf"}
{"ts":"2026-05-06T10:45:33.589Z","level":"STEP","reqId":"MOTXLEW8-CENSO5","route":"PAYROLL_SLIP","stage":"PDF:BUFFER_READY","detail":"pdf size 363 KB","method":"POST","url":"/tpr-payroll-slip/pdf"}
{"ts":"2026-05-06T10:45:33.591Z","level":"STEP","reqId":"MOTXLEW8-CENSO5","route":"PAYROLL_SLIP","stage":"PDF:PAGE_CLOSE","detail":"close page","method":"POST","url":"/tpr-payroll-slip/pdf"}
{"ts":"2026-05-06T10:45:33.603Z","level":"STEP","reqId":"MOTXLEW8-CENSO5","route":"PAYROLL_SLIP","stage":"RESPOND_PDF","detail":"filename=tpr_payroll_slip.pdf","method":"POST","url":"/tpr-payroll-slip/pdf"}
{"ts":"2026-05-06T10:45:33.604Z","level":"PDF_RESPONSE","reqId":"MOTXLEW8-CENSO5","route":"PAYROLL_SLIP","method":"POST","url":"/tpr-payroll-slip/pdf","filename":"tpr_payroll_slip.pdf","pdfBytes":372120}
{"ts":"2026-05-06T10:45:33.606Z","level":"REQUEST_DONE","reqId":"MOTXLEW8-CENSO5","route":"PAYROLL_SLIP","method":"POST","url":"/tpr-payroll-slip/pdf","status":200,"durationMs":1917,"responseSize":"363 KB"}
{"ts":"2026-05-06T10:48:03.885Z","level":"INFO","title":"TEMPLATE","message":"compile templates\\tpr_quotation.hbs","templatePath":"C:\\Projcet TPR\\report-server\\templates\\tpr_quotation.hbs"}
{"ts":"2026-05-06T10:48:03.886Z","level":"INFO","title":"TEMPLATE","message":"compile templates\\tpr_credit_note.hbs","templatePath":"C:\\Projcet TPR\\report-server\\templates\\tpr_credit_note.hbs"}
{"ts":"2026-05-06T10:48:03.887Z","level":"INFO","title":"TEMPLATE","message":"compile templates\\tpr_invoice.hbs","templatePath":"C:\\Projcet TPR\\report-server\\templates\\tpr_invoice.hbs"}
{"ts":"2026-05-06T10:48:03.887Z","level":"INFO","title":"TEMPLATE","message":"compile templates\\tpr_purchase_order.hbs","templatePath":"C:\\Projcet TPR\\report-server\\templates\\tpr_purchase_order.hbs"}
{"ts":"2026-05-06T10:48:03.888Z","level":"INFO","title":"TEMPLATE","message":"compile templates\\tpr_receipt.hbs","templatePath":"C:\\Projcet TPR\\report-server\\templates\\tpr_receipt.hbs"}
{"ts":"2026-05-06T10:48:03.888Z","level":"INFO","title":"TEMPLATE","message":"compile templates\\tpr_tax_receipt.hbs","templatePath":"C:\\Projcet TPR\\report-server\\templates\\tpr_tax_receipt.hbs"}
{"ts":"2026-05-06T10:48:03.889Z","level":"INFO","title":"TEMPLATE","message":"compile templates\\tpr_withholding_tax_certificate.hbs","templatePath":"C:\\Projcet TPR\\report-server\\templates\\tpr_withholding_tax_certificate.hbs"}
{"ts":"2026-05-06T10:48:03.889Z","level":"INFO","title":"TEMPLATE","message":"compile templates\\tpr_payment_voucher.hbs","templatePath":"C:\\Projcet TPR\\report-server\\templates\\tpr_payment_voucher.hbs"}
{"ts":"2026-05-06T10:48:03.891Z","level":"INFO","title":"TEMPLATE","message":"compile templates\\tpr_receipt_voucher.hbs","templatePath":"C:\\Projcet TPR\\report-server\\templates\\tpr_receipt_voucher.hbs"}
{"ts":"2026-05-06T10:48:03.891Z","level":"INFO","title":"TEMPLATE","message":"compile templates\\tpr_petty_cash_voucher.hbs","templatePath":"C:\\Projcet TPR\\report-server\\templates\\tpr_petty_cash_voucher.hbs"}
{"ts":"2026-05-06T10:48:03.892Z","level":"INFO","title":"TEMPLATE","message":"compile templates\\tpr_petty_cash_request.hbs","templatePath":"C:\\Projcet TPR\\report-server\\templates\\tpr_petty_cash_request.hbs"}
{"ts":"2026-05-06T10:48:03.892Z","level":"INFO","title":"TEMPLATE","message":"compile templates\\tpr_petty_cash_payment_report.hbs","templatePath":"C:\\Projcet TPR\\report-server\\templates\\tpr_petty_cash_payment_report.hbs"}
{"ts":"2026-05-06T10:48:03.893Z","level":"INFO","title":"TEMPLATE","message":"compile templates\\tpr_receipt_certification.hbs","templatePath":"C:\\Projcet TPR\\report-server\\templates\\tpr_receipt_certification.hbs"}
{"ts":"2026-05-06T10:48:03.893Z","level":"INFO","title":"TEMPLATE","message":"compile templates\\tpr_payroll_slip.hbs","templatePath":"C:\\Projcet TPR\\report-server\\templates\\tpr_payroll_slip.hbs"}
{"ts":"2026-05-06T10:48:03.894Z","level":"WARN","title":"CSS","message":"inline missing: C:\\Projcet TPR\\report-server\\public\\css\\quotation.css (ไม่จำเป็นถ้า CSS อยู่ใน hbs แล้ว)","cssPath":"C:\\Projcet TPR\\report-server\\public\\css\\quotation.css"}
{"ts":"2026-05-06T10:48:03.913Z","level":"OK","title":"READY","message":"PDF server is running","port":4100,"logFile":"C:\\Projcet TPR\\report-server\\logs\\server-2026-05-06.log"}
{"ts":"2026-05-06T10:48:03.913Z","level":"BOOT","message":"PDF server is running","port":4100,"logFile":"C:\\Projcet TPR\\report-server\\logs\\server-2026-05-06.log"}
