{"ts":"2026-05-27T06:33:36.591Z","level":"INFO","title":"TEMPLATE","message":"compile templates\\tpr_quotation.hbs","templatePath":"C:\\Projcet TPR\\report-server\\templates\\tpr_quotation.hbs"}
{"ts":"2026-05-27T06:33:36.593Z","level":"INFO","title":"TEMPLATE","message":"compile templates\\tpr_credit_note.hbs","templatePath":"C:\\Projcet TPR\\report-server\\templates\\tpr_credit_note.hbs"}
{"ts":"2026-05-27T06:33:36.594Z","level":"INFO","title":"TEMPLATE","message":"compile templates\\tpr_invoice.hbs","templatePath":"C:\\Projcet TPR\\report-server\\templates\\tpr_invoice.hbs"}
{"ts":"2026-05-27T06:33:36.595Z","level":"INFO","title":"TEMPLATE","message":"compile templates\\tpr_purchase_order.hbs","templatePath":"C:\\Projcet TPR\\report-server\\templates\\tpr_purchase_order.hbs"}
{"ts":"2026-05-27T06:33:36.596Z","level":"INFO","title":"TEMPLATE","message":"compile templates\\tpr_receipt.hbs","templatePath":"C:\\Projcet TPR\\report-server\\templates\\tpr_receipt.hbs"}
{"ts":"2026-05-27T06:33:36.597Z","level":"INFO","title":"TEMPLATE","message":"compile templates\\tpr_tax_receipt.hbs","templatePath":"C:\\Projcet TPR\\report-server\\templates\\tpr_tax_receipt.hbs"}
{"ts":"2026-05-27T06:33:36.598Z","level":"INFO","title":"TEMPLATE","message":"compile templates\\tpr_withholding_tax_certificate.hbs","templatePath":"C:\\Projcet TPR\\report-server\\templates\\tpr_withholding_tax_certificate.hbs"}
{"ts":"2026-05-27T06:33:36.599Z","level":"INFO","title":"TEMPLATE","message":"compile templates\\tpr_payment_voucher.hbs","templatePath":"C:\\Projcet TPR\\report-server\\templates\\tpr_payment_voucher.hbs"}
{"ts":"2026-05-27T06:33:36.600Z","level":"INFO","title":"TEMPLATE","message":"compile templates\\tpr_receipt_voucher.hbs","templatePath":"C:\\Projcet TPR\\report-server\\templates\\tpr_receipt_voucher.hbs"}
{"ts":"2026-05-27T06:33:36.602Z","level":"INFO","title":"TEMPLATE","message":"compile templates\\tpr_petty_cash_voucher.hbs","templatePath":"C:\\Projcet TPR\\report-server\\templates\\tpr_petty_cash_voucher.hbs"}
{"ts":"2026-05-27T06:33:36.603Z","level":"INFO","title":"TEMPLATE","message":"compile templates\\tpr_petty_cash_request.hbs","templatePath":"C:\\Projcet TPR\\report-server\\templates\\tpr_petty_cash_request.hbs"}
{"ts":"2026-05-27T06:33:36.604Z","level":"INFO","title":"TEMPLATE","message":"compile templates\\tpr_petty_cash_payment_report.hbs","templatePath":"C:\\Projcet TPR\\report-server\\templates\\tpr_petty_cash_payment_report.hbs"}
{"ts":"2026-05-27T06:33:36.605Z","level":"INFO","title":"TEMPLATE","message":"compile templates\\tpr_receipt_certification.hbs","templatePath":"C:\\Projcet TPR\\report-server\\templates\\tpr_receipt_certification.hbs"}
{"ts":"2026-05-27T06:33:36.606Z","level":"INFO","title":"TEMPLATE","message":"compile templates\\tpr_payroll_slip.hbs","templatePath":"C:\\Projcet TPR\\report-server\\templates\\tpr_payroll_slip.hbs"}
{"ts":"2026-05-27T06:33:36.608Z","level":"WARN","title":"CSS","message":"inline missing: C:\\Projcet TPR\\report-server\\public\\css\\quotation.css (ไม่จำเป็นถ้า CSS อยู่ใน hbs แล้ว)","cssPath":"C:\\Projcet TPR\\report-server\\public\\css\\quotation.css"}
{"ts":"2026-05-27T06:33:36.643Z","level":"OK","title":"READY","message":"PDF server is running","port":4100,"logFile":"C:\\Projcet TPR\\report-server\\logs\\server-2026-05-27.log"}
{"ts":"2026-05-27T06:33:36.644Z","level":"BOOT","message":"PDF server is running","port":4100,"logFile":"C:\\Projcet TPR\\report-server\\logs\\server-2026-05-27.log"}
{"ts":"2026-05-27T06:33:47.767Z","level":"STEP","reqId":"MPNOUKMU-5H18UH","route":"QUOTATION","stage":"START","detail":"OPTIONS /tpr-quotation/pdf","method":"OPTIONS","url":"/tpr-quotation/pdf"}
{"ts":"2026-05-27T06:33:47.768Z","level":"REQUEST_START","reqId":"MPNOUKMU-5H18UH","route":"QUOTATION","method":"OPTIONS","url":"/tpr-quotation/pdf","ip":"::1","origin":"http://localhost:5174","ua":"Mozilla/5.0 (Windows NT 10.0; Win64; x64) AppleWebKit/537.36 (KHTML, like Gecko) Chrome/148.0.0.0 Safari/537.36","payloadBytes":2}
{"ts":"2026-05-27T06:33:47.774Z","level":"REQUEST_DONE","reqId":"MPNOUKMU-5H18UH","route":"QUOTATION","method":"OPTIONS","url":"/tpr-quotation/pdf","status":204,"durationMs":8,"responseSize":"0 B"}
{"ts":"2026-05-27T06:33:47.777Z","level":"STEP","reqId":"MPNOUKN4-N6I2PA","route":"QUOTATION","stage":"START","detail":"POST /tpr-quotation/pdf","method":"POST","url":"/tpr-quotation/pdf"}
{"ts":"2026-05-27T06:33:47.778Z","level":"REQUEST_START","reqId":"MPNOUKN4-N6I2PA","route":"QUOTATION","method":"POST","url":"/tpr-quotation/pdf","ip":"::1","origin":"http://localhost:5174","ua":"Mozilla/5.0 (Windows NT 10.0; Win64; x64) AppleWebKit/537.36 (KHTML, like Gecko) Chrome/148.0.0.0 Safari/537.36","payloadBytes":2}
{"ts":"2026-05-27T06:33:47.802Z","level":"STEP","reqId":"MPNOUKN4-N6I2PA","route":"QUOTATION","stage":"ROUTE","detail":"pdf mode","method":"POST","url":"/tpr-quotation/pdf"}
{"ts":"2026-05-27T06:33:47.803Z","level":"STEP","reqId":"MPNOUKN4-N6I2PA","route":"QUOTATION","stage":"NORMALIZE","detail":"payload 1.36 KB","method":"POST","url":"/tpr-quotation/pdf"}
{"ts":"2026-05-27T06:33:47.804Z","level":"STEP","reqId":"MPNOUKN4-N6I2PA","route":"QUOTATION","stage":"TEMPLATE","detail":"render html before pdf","method":"POST","url":"/tpr-quotation/pdf"}
{"ts":"2026-05-27T06:33:47.832Z","level":"INFO","title":"PUPPETEER","message":"launch browser..."}
{"ts":"2026-05-27T06:33:48.497Z","level":"OK","title":"PUPPETEER","message":"browser launched"}
{"ts":"2026-05-27T06:33:48.536Z","level":"STEP","reqId":"MPNOUKN4-N6I2PA","route":"QUOTATION","stage":"PDF:PAGE_OPEN","detail":"create new page","method":"POST","url":"/tpr-quotation/pdf"}
{"ts":"2026-05-27T06:33:48.541Z","level":"STEP","reqId":"MPNOUKN4-N6I2PA","route":"QUOTATION","stage":"PDF:SET_CONTENT","detail":"html size 8.94 KB","method":"POST","url":"/tpr-quotation/pdf"}
{"ts":"2026-05-27T06:33:49.630Z","level":"STEP","reqId":"MPNOUKN4-N6I2PA","route":"QUOTATION","stage":"PDF:FONTS_READY","detail":"waiting document.fonts.ready","method":"POST","url":"/tpr-quotation/pdf"}
{"ts":"2026-05-27T06:33:49.633Z","level":"STEP","reqId":"MPNOUKN4-N6I2PA","route":"QUOTATION","stage":"PDF:RENDER","detail":"format=A4 media=screen landscape=false","method":"POST","url":"/tpr-quotation/pdf"}
{"ts":"2026-05-27T06:33:49.793Z","level":"STEP","reqId":"MPNOUKN4-N6I2PA","route":"QUOTATION","stage":"PDF:BUFFER_READY","detail":"pdf size 206 KB","method":"POST","url":"/tpr-quotation/pdf"}
{"ts":"2026-05-27T06:33:49.794Z","level":"STEP","reqId":"MPNOUKN4-N6I2PA","route":"QUOTATION","stage":"PDF:PAGE_CLOSE","detail":"close page","method":"POST","url":"/tpr-quotation/pdf"}
{"ts":"2026-05-27T06:33:49.804Z","level":"STEP","reqId":"MPNOUKN4-N6I2PA","route":"QUOTATION","stage":"RESPOND_PDF","detail":"filename=tpr_quotation.pdf","method":"POST","url":"/tpr-quotation/pdf"}
{"ts":"2026-05-27T06:33:49.805Z","level":"PDF_RESPONSE","reqId":"MPNOUKN4-N6I2PA","route":"QUOTATION","method":"POST","url":"/tpr-quotation/pdf","filename":"tpr_quotation.pdf","pdfBytes":210789}
{"ts":"2026-05-27T06:33:49.808Z","level":"REQUEST_DONE","reqId":"MPNOUKN4-N6I2PA","route":"QUOTATION","method":"POST","url":"/tpr-quotation/pdf","status":200,"durationMs":2032,"responseSize":"206 KB"}
{"ts":"2026-05-27T07:35:19.077Z","level":"STEP","reqId":"MPNR1OV2-Q81B62","route":"INVOICE","stage":"START","detail":"OPTIONS /tpr-invoice/pdf","method":"OPTIONS","url":"/tpr-invoice/pdf"}
{"ts":"2026-05-27T07:35:19.082Z","level":"REQUEST_START","reqId":"MPNR1OV2-Q81B62","route":"INVOICE","method":"OPTIONS","url":"/tpr-invoice/pdf","ip":"::1","origin":"http://localhost:5174","ua":"Mozilla/5.0 (Windows NT 10.0; Win64; x64) AppleWebKit/537.36 (KHTML, like Gecko) Chrome/148.0.0.0 Safari/537.36","payloadBytes":2}
{"ts":"2026-05-27T07:35:19.086Z","level":"REQUEST_DONE","reqId":"MPNR1OV2-Q81B62","route":"INVOICE","method":"OPTIONS","url":"/tpr-invoice/pdf","status":204,"durationMs":15,"responseSize":"0 B"}
{"ts":"2026-05-27T07:35:19.087Z","level":"STEP","reqId":"MPNR1OVJ-BV26AZ","route":"INVOICE","stage":"START","detail":"POST /tpr-invoice/pdf","method":"POST","url":"/tpr-invoice/pdf"}
{"ts":"2026-05-27T07:35:19.088Z","level":"REQUEST_START","reqId":"MPNR1OVJ-BV26AZ","route":"INVOICE","method":"POST","url":"/tpr-invoice/pdf","ip":"::1","origin":"http://localhost:5174","ua":"Mozilla/5.0 (Windows NT 10.0; Win64; x64) AppleWebKit/537.36 (KHTML, like Gecko) Chrome/148.0.0.0 Safari/537.36","payloadBytes":2}
{"ts":"2026-05-27T07:35:19.095Z","level":"STEP","reqId":"MPNR1OVJ-BV26AZ","route":"INVOICE","stage":"ROUTE","detail":"pdf mode","method":"POST","url":"/tpr-invoice/pdf"}
{"ts":"2026-05-27T07:35:19.095Z","level":"STEP","reqId":"MPNR1OVJ-BV26AZ","route":"INVOICE","stage":"NORMALIZE","detail":"payload 1.33 KB","method":"POST","url":"/tpr-invoice/pdf"}
{"ts":"2026-05-27T07:35:19.098Z","level":"STEP","reqId":"MPNR1OVJ-BV26AZ","route":"INVOICE","stage":"TEMPLATE","detail":"render html before pdf","method":"POST","url":"/tpr-invoice/pdf"}
{"ts":"2026-05-27T07:35:19.126Z","level":"INFO","title":"PUPPETEER","message":"reuse existing browser instance"}
{"ts":"2026-05-27T07:35:19.396Z","level":"STEP","reqId":"MPNR1OVJ-BV26AZ","route":"INVOICE","stage":"PDF:PAGE_OPEN","detail":"create new page","method":"POST","url":"/tpr-invoice/pdf"}
{"ts":"2026-05-27T07:35:19.401Z","level":"STEP","reqId":"MPNR1OVJ-BV26AZ","route":"INVOICE","stage":"PDF:SET_CONTENT","detail":"html size 9.76 KB","method":"POST","url":"/tpr-invoice/pdf"}
{"ts":"2026-05-27T07:35:20.935Z","level":"STEP","reqId":"MPNR1OVJ-BV26AZ","route":"INVOICE","stage":"PDF:FONTS_READY","detail":"waiting document.fonts.ready","method":"POST","url":"/tpr-invoice/pdf"}
{"ts":"2026-05-27T07:35:20.942Z","level":"STEP","reqId":"MPNR1OVJ-BV26AZ","route":"INVOICE","stage":"PDF:RENDER","detail":"format=A4 media=screen landscape=false","method":"POST","url":"/tpr-invoice/pdf"}
{"ts":"2026-05-27T07:35:21.157Z","level":"STEP","reqId":"MPNR1OVJ-BV26AZ","route":"INVOICE","stage":"PDF:BUFFER_READY","detail":"pdf size 210 KB","method":"POST","url":"/tpr-invoice/pdf"}
{"ts":"2026-05-27T07:35:21.158Z","level":"STEP","reqId":"MPNR1OVJ-BV26AZ","route":"INVOICE","stage":"PDF:PAGE_CLOSE","detail":"close page","method":"POST","url":"/tpr-invoice/pdf"}
{"ts":"2026-05-27T07:35:21.177Z","level":"STEP","reqId":"MPNR1OVJ-BV26AZ","route":"INVOICE","stage":"RESPOND_PDF","detail":"filename=tpr_invoice.pdf","method":"POST","url":"/tpr-invoice/pdf"}
{"ts":"2026-05-27T07:35:21.177Z","level":"PDF_RESPONSE","reqId":"MPNR1OVJ-BV26AZ","route":"INVOICE","method":"POST","url":"/tpr-invoice/pdf","filename":"tpr_invoice.pdf","pdfBytes":215022}
{"ts":"2026-05-27T07:35:21.179Z","level":"REQUEST_DONE","reqId":"MPNR1OVJ-BV26AZ","route":"INVOICE","method":"POST","url":"/tpr-invoice/pdf","status":200,"durationMs":2091,"responseSize":"210 KB"}
{"ts":"2026-05-27T07:35:49.363Z","level":"STEP","reqId":"MPNR2C8I-Q2HR38","route":"INVOICE","stage":"START","detail":"OPTIONS /tpr-invoice/pdf","method":"OPTIONS","url":"/tpr-invoice/pdf"}
{"ts":"2026-05-27T07:35:49.364Z","level":"REQUEST_START","reqId":"MPNR2C8I-Q2HR38","route":"INVOICE","method":"OPTIONS","url":"/tpr-invoice/pdf","ip":"::1","origin":"http://localhost:5174","ua":"Mozilla/5.0 (Windows NT 10.0; Win64; x64) AppleWebKit/537.36 (KHTML, like Gecko) Chrome/148.0.0.0 Safari/537.36","payloadBytes":2}
{"ts":"2026-05-27T07:35:49.366Z","level":"REQUEST_DONE","reqId":"MPNR2C8I-Q2HR38","route":"INVOICE","method":"OPTIONS","url":"/tpr-invoice/pdf","status":204,"durationMs":3,"responseSize":"0 B"}
{"ts":"2026-05-27T07:35:49.367Z","level":"STEP","reqId":"MPNR2C8M-NF0XXN","route":"INVOICE","stage":"START","detail":"POST /tpr-invoice/pdf","method":"POST","url":"/tpr-invoice/pdf"}
{"ts":"2026-05-27T07:35:49.367Z","level":"REQUEST_START","reqId":"MPNR2C8M-NF0XXN","route":"INVOICE","method":"POST","url":"/tpr-invoice/pdf","ip":"::1","origin":"http://localhost:5174","ua":"Mozilla/5.0 (Windows NT 10.0; Win64; x64) AppleWebKit/537.36 (KHTML, like Gecko) Chrome/148.0.0.0 Safari/537.36","payloadBytes":2}
{"ts":"2026-05-27T07:35:49.368Z","level":"STEP","reqId":"MPNR2C8M-NF0XXN","route":"INVOICE","stage":"ROUTE","detail":"pdf mode","method":"POST","url":"/tpr-invoice/pdf"}
{"ts":"2026-05-27T07:35:49.369Z","level":"STEP","reqId":"MPNR2C8M-NF0XXN","route":"INVOICE","stage":"NORMALIZE","detail":"payload 1.34 KB","method":"POST","url":"/tpr-invoice/pdf"}
{"ts":"2026-05-27T07:35:49.370Z","level":"STEP","reqId":"MPNR2C8M-NF0XXN","route":"INVOICE","stage":"TEMPLATE","detail":"render html before pdf","method":"POST","url":"/tpr-invoice/pdf"}
{"ts":"2026-05-27T07:35:49.371Z","level":"INFO","title":"PUPPETEER","message":"reuse existing browser instance"}
{"ts":"2026-05-27T07:35:49.411Z","level":"STEP","reqId":"MPNR2C8M-NF0XXN","route":"INVOICE","stage":"PDF:PAGE_OPEN","detail":"create new page","method":"POST","url":"/tpr-invoice/pdf"}
{"ts":"2026-05-27T07:35:49.415Z","level":"STEP","reqId":"MPNR2C8M-NF0XXN","route":"INVOICE","stage":"PDF:SET_CONTENT","detail":"html size 9.77 KB","method":"POST","url":"/tpr-invoice/pdf"}
{"ts":"2026-05-27T07:35:50.955Z","level":"STEP","reqId":"MPNR2C8M-NF0XXN","route":"INVOICE","stage":"PDF:FONTS_READY","detail":"waiting document.fonts.ready","method":"POST","url":"/tpr-invoice/pdf"}
{"ts":"2026-05-27T07:35:50.958Z","level":"STEP","reqId":"MPNR2C8M-NF0XXN","route":"INVOICE","stage":"PDF:RENDER","detail":"format=A4 media=screen landscape=false","method":"POST","url":"/tpr-invoice/pdf"}
{"ts":"2026-05-27T07:35:51.128Z","level":"STEP","reqId":"MPNR2C8M-NF0XXN","route":"INVOICE","stage":"PDF:BUFFER_READY","detail":"pdf size 210 KB","method":"POST","url":"/tpr-invoice/pdf"}
{"ts":"2026-05-27T07:35:51.129Z","level":"STEP","reqId":"MPNR2C8M-NF0XXN","route":"INVOICE","stage":"PDF:PAGE_CLOSE","detail":"close page","method":"POST","url":"/tpr-invoice/pdf"}
{"ts":"2026-05-27T07:35:51.141Z","level":"STEP","reqId":"MPNR2C8M-NF0XXN","route":"INVOICE","stage":"RESPOND_PDF","detail":"filename=tpr_invoice.pdf","method":"POST","url":"/tpr-invoice/pdf"}
{"ts":"2026-05-27T07:35:51.141Z","level":"PDF_RESPONSE","reqId":"MPNR2C8M-NF0XXN","route":"INVOICE","method":"POST","url":"/tpr-invoice/pdf","filename":"tpr_invoice.pdf","pdfBytes":215028}
{"ts":"2026-05-27T07:35:51.144Z","level":"REQUEST_DONE","reqId":"MPNR2C8M-NF0XXN","route":"INVOICE","method":"POST","url":"/tpr-invoice/pdf","status":200,"durationMs":1777,"responseSize":"210 KB"}
{"ts":"2026-05-27T08:32:54.943Z","level":"STEP","reqId":"MPNT3RFF-8VTCPI","route":"QUOTATION","stage":"START","detail":"OPTIONS /tpr-quotation/pdf","method":"OPTIONS","url":"/tpr-quotation/pdf"}
{"ts":"2026-05-27T08:32:54.947Z","level":"REQUEST_START","reqId":"MPNT3RFF-8VTCPI","route":"QUOTATION","method":"OPTIONS","url":"/tpr-quotation/pdf","ip":"::1","origin":"http://localhost:5174","ua":"Mozilla/5.0 (Windows NT 10.0; Win64; x64) AppleWebKit/537.36 (KHTML, like Gecko) Chrome/148.0.0.0 Safari/537.36","payloadBytes":2}
{"ts":"2026-05-27T08:32:54.953Z","level":"REQUEST_DONE","reqId":"MPNT3RFF-8VTCPI","route":"QUOTATION","method":"OPTIONS","url":"/tpr-quotation/pdf","status":204,"durationMs":13,"responseSize":"0 B"}
{"ts":"2026-05-27T08:32:54.956Z","level":"STEP","reqId":"MPNT3RFV-IAINZV","route":"QUOTATION","stage":"START","detail":"POST /tpr-quotation/pdf","method":"POST","url":"/tpr-quotation/pdf"}
{"ts":"2026-05-27T08:32:54.957Z","level":"REQUEST_START","reqId":"MPNT3RFV-IAINZV","route":"QUOTATION","method":"POST","url":"/tpr-quotation/pdf","ip":"::1","origin":"http://localhost:5174","ua":"Mozilla/5.0 (Windows NT 10.0; Win64; x64) AppleWebKit/537.36 (KHTML, like Gecko) Chrome/148.0.0.0 Safari/537.36","payloadBytes":2}
{"ts":"2026-05-27T08:32:54.961Z","level":"STEP","reqId":"MPNT3RFV-IAINZV","route":"QUOTATION","stage":"ROUTE","detail":"pdf mode","method":"POST","url":"/tpr-quotation/pdf"}
{"ts":"2026-05-27T08:32:54.962Z","level":"STEP","reqId":"MPNT3RFV-IAINZV","route":"QUOTATION","stage":"NORMALIZE","detail":"payload 1.38 KB","method":"POST","url":"/tpr-quotation/pdf"}
{"ts":"2026-05-27T08:32:54.962Z","level":"STEP","reqId":"MPNT3RFV-IAINZV","route":"QUOTATION","stage":"TEMPLATE","detail":"render html before pdf","method":"POST","url":"/tpr-quotation/pdf"}
{"ts":"2026-05-27T08:32:54.969Z","level":"INFO","title":"PUPPETEER","message":"reuse existing browser instance"}
{"ts":"2026-05-27T08:32:55.241Z","level":"STEP","reqId":"MPNT3RFV-IAINZV","route":"QUOTATION","stage":"PDF:PAGE_OPEN","detail":"create new page","method":"POST","url":"/tpr-quotation/pdf"}
{"ts":"2026-05-27T08:32:55.246Z","level":"STEP","reqId":"MPNT3RFV-IAINZV","route":"QUOTATION","stage":"PDF:SET_CONTENT","detail":"html size 8.96 KB","method":"POST","url":"/tpr-quotation/pdf"}
{"ts":"2026-05-27T08:32:56.794Z","level":"STEP","reqId":"MPNT3RFV-IAINZV","route":"QUOTATION","stage":"PDF:FONTS_READY","detail":"waiting document.fonts.ready","method":"POST","url":"/tpr-quotation/pdf"}
{"ts":"2026-05-27T08:32:56.803Z","level":"STEP","reqId":"MPNT3RFV-IAINZV","route":"QUOTATION","stage":"PDF:RENDER","detail":"format=A4 media=screen landscape=false","method":"POST","url":"/tpr-quotation/pdf"}
{"ts":"2026-05-27T08:32:57.055Z","level":"STEP","reqId":"MPNT3RFV-IAINZV","route":"QUOTATION","stage":"PDF:BUFFER_READY","detail":"pdf size 205 KB","method":"POST","url":"/tpr-quotation/pdf"}
{"ts":"2026-05-27T08:32:57.056Z","level":"STEP","reqId":"MPNT3RFV-IAINZV","route":"QUOTATION","stage":"PDF:PAGE_CLOSE","detail":"close page","method":"POST","url":"/tpr-quotation/pdf"}
{"ts":"2026-05-27T08:32:57.075Z","level":"STEP","reqId":"MPNT3RFV-IAINZV","route":"QUOTATION","stage":"RESPOND_PDF","detail":"filename=tpr_quotation.pdf","method":"POST","url":"/tpr-quotation/pdf"}
{"ts":"2026-05-27T08:32:57.076Z","level":"PDF_RESPONSE","reqId":"MPNT3RFV-IAINZV","route":"QUOTATION","method":"POST","url":"/tpr-quotation/pdf","filename":"tpr_quotation.pdf","pdfBytes":209973}
{"ts":"2026-05-27T08:32:57.079Z","level":"REQUEST_DONE","reqId":"MPNT3RFV-IAINZV","route":"QUOTATION","method":"POST","url":"/tpr-quotation/pdf","status":200,"durationMs":2123,"responseSize":"205 KB"}
{"ts":"2026-05-27T08:45:48.724Z","level":"STEP","reqId":"MPNTKCHF-A4961C","route":"QUOTATION","stage":"START","detail":"OPTIONS /tpr-quotation/pdf","method":"OPTIONS","url":"/tpr-quotation/pdf"}
{"ts":"2026-05-27T08:45:48.725Z","level":"REQUEST_START","reqId":"MPNTKCHF-A4961C","route":"QUOTATION","method":"OPTIONS","url":"/tpr-quotation/pdf","ip":"::1","origin":"http://localhost:5174","ua":"Mozilla/5.0 (Windows NT 10.0; Win64; x64) AppleWebKit/537.36 (KHTML, like Gecko) Chrome/148.0.0.0 Safari/537.36","payloadBytes":2}
{"ts":"2026-05-27T08:45:48.728Z","level":"REQUEST_DONE","reqId":"MPNTKCHF-A4961C","route":"QUOTATION","method":"OPTIONS","url":"/tpr-quotation/pdf","status":204,"durationMs":5,"responseSize":"0 B"}
{"ts":"2026-05-27T08:45:48.730Z","level":"STEP","reqId":"MPNTKCHL-SLCD15","route":"QUOTATION","stage":"START","detail":"POST /tpr-quotation/pdf","method":"POST","url":"/tpr-quotation/pdf"}
{"ts":"2026-05-27T08:45:48.730Z","level":"REQUEST_START","reqId":"MPNTKCHL-SLCD15","route":"QUOTATION","method":"POST","url":"/tpr-quotation/pdf","ip":"::1","origin":"http://localhost:5174","ua":"Mozilla/5.0 (Windows NT 10.0; Win64; x64) AppleWebKit/537.36 (KHTML, like Gecko) Chrome/148.0.0.0 Safari/537.36","payloadBytes":2}
{"ts":"2026-05-27T08:45:48.732Z","level":"STEP","reqId":"MPNTKCHL-SLCD15","route":"QUOTATION","stage":"ROUTE","detail":"pdf mode","method":"POST","url":"/tpr-quotation/pdf"}
{"ts":"2026-05-27T08:45:48.733Z","level":"STEP","reqId":"MPNTKCHL-SLCD15","route":"QUOTATION","stage":"NORMALIZE","detail":"payload 1.42 KB","method":"POST","url":"/tpr-quotation/pdf"}
{"ts":"2026-05-27T08:45:48.733Z","level":"STEP","reqId":"MPNTKCHL-SLCD15","route":"QUOTATION","stage":"TEMPLATE","detail":"render html before pdf","method":"POST","url":"/tpr-quotation/pdf"}
{"ts":"2026-05-27T08:45:48.735Z","level":"INFO","title":"PUPPETEER","message":"reuse existing browser instance"}
{"ts":"2026-05-27T08:45:48.782Z","level":"STEP","reqId":"MPNTKCHL-SLCD15","route":"QUOTATION","stage":"PDF:PAGE_OPEN","detail":"create new page","method":"POST","url":"/tpr-quotation/pdf"}
{"ts":"2026-05-27T08:45:48.786Z","level":"STEP","reqId":"MPNTKCHL-SLCD15","route":"QUOTATION","stage":"PDF:SET_CONTENT","detail":"html size 9.00 KB","method":"POST","url":"/tpr-quotation/pdf"}
{"ts":"2026-05-27T08:45:50.321Z","level":"STEP","reqId":"MPNTKCHL-SLCD15","route":"QUOTATION","stage":"PDF:FONTS_READY","detail":"waiting document.fonts.ready","method":"POST","url":"/tpr-quotation/pdf"}
{"ts":"2026-05-27T08:45:50.323Z","level":"STEP","reqId":"MPNTKCHL-SLCD15","route":"QUOTATION","stage":"PDF:RENDER","detail":"format=A4 media=screen landscape=false","method":"POST","url":"/tpr-quotation/pdf"}
{"ts":"2026-05-27T08:45:50.482Z","level":"STEP","reqId":"MPNTKCHL-SLCD15","route":"QUOTATION","stage":"PDF:BUFFER_READY","detail":"pdf size 209 KB","method":"POST","url":"/tpr-quotation/pdf"}
{"ts":"2026-05-27T08:45:50.482Z","level":"STEP","reqId":"MPNTKCHL-SLCD15","route":"QUOTATION","stage":"PDF:PAGE_CLOSE","detail":"close page","method":"POST","url":"/tpr-quotation/pdf"}
{"ts":"2026-05-27T08:45:50.493Z","level":"STEP","reqId":"MPNTKCHL-SLCD15","route":"QUOTATION","stage":"RESPOND_PDF","detail":"filename=tpr_quotation.pdf","method":"POST","url":"/tpr-quotation/pdf"}
{"ts":"2026-05-27T08:45:50.493Z","level":"PDF_RESPONSE","reqId":"MPNTKCHL-SLCD15","route":"QUOTATION","method":"POST","url":"/tpr-quotation/pdf","filename":"tpr_quotation.pdf","pdfBytes":214150}
{"ts":"2026-05-27T08:45:50.496Z","level":"REQUEST_DONE","reqId":"MPNTKCHL-SLCD15","route":"QUOTATION","method":"POST","url":"/tpr-quotation/pdf","status":200,"durationMs":1767,"responseSize":"209 KB"}
{"ts":"2026-05-27T08:57:13.457Z","level":"STEP","reqId":"MPNTZ0TS-SJFKOK","route":"INVOICE","stage":"START","detail":"OPTIONS /tpr-invoice/pdf","method":"OPTIONS","url":"/tpr-invoice/pdf"}
{"ts":"2026-05-27T08:57:13.460Z","level":"REQUEST_START","reqId":"MPNTZ0TS-SJFKOK","route":"INVOICE","method":"OPTIONS","url":"/tpr-invoice/pdf","ip":"::1","origin":"http://localhost:5174","ua":"Mozilla/5.0 (Windows NT 10.0; Win64; x64) AppleWebKit/537.36 (KHTML, like Gecko) Chrome/148.0.0.0 Safari/537.36","payloadBytes":2}
{"ts":"2026-05-27T08:57:13.463Z","level":"REQUEST_DONE","reqId":"MPNTZ0TS-SJFKOK","route":"INVOICE","method":"OPTIONS","url":"/tpr-invoice/pdf","status":204,"durationMs":6,"responseSize":"0 B"}
{"ts":"2026-05-27T08:57:13.465Z","level":"STEP","reqId":"MPNTZ0U0-JALZFS","route":"INVOICE","stage":"START","detail":"POST /tpr-invoice/pdf","method":"POST","url":"/tpr-invoice/pdf"}
{"ts":"2026-05-27T08:57:13.465Z","level":"REQUEST_START","reqId":"MPNTZ0U0-JALZFS","route":"INVOICE","method":"POST","url":"/tpr-invoice/pdf","ip":"::1","origin":"http://localhost:5174","ua":"Mozilla/5.0 (Windows NT 10.0; Win64; x64) AppleWebKit/537.36 (KHTML, like Gecko) Chrome/148.0.0.0 Safari/537.36","payloadBytes":2}
{"ts":"2026-05-27T08:57:13.469Z","level":"STEP","reqId":"MPNTZ0U0-JALZFS","route":"INVOICE","stage":"ROUTE","detail":"pdf mode","method":"POST","url":"/tpr-invoice/pdf"}
{"ts":"2026-05-27T08:57:13.470Z","level":"STEP","reqId":"MPNTZ0U0-JALZFS","route":"INVOICE","stage":"NORMALIZE","detail":"payload 1.37 KB","method":"POST","url":"/tpr-invoice/pdf"}
{"ts":"2026-05-27T08:57:13.472Z","level":"STEP","reqId":"MPNTZ0U0-JALZFS","route":"INVOICE","stage":"TEMPLATE","detail":"render html before pdf","method":"POST","url":"/tpr-invoice/pdf"}
{"ts":"2026-05-27T08:57:13.476Z","level":"INFO","title":"PUPPETEER","message":"reuse existing browser instance"}
{"ts":"2026-05-27T08:57:13.708Z","level":"STEP","reqId":"MPNTZ0U0-JALZFS","route":"INVOICE","stage":"PDF:PAGE_OPEN","detail":"create new page","method":"POST","url":"/tpr-invoice/pdf"}
{"ts":"2026-05-27T08:57:13.713Z","level":"STEP","reqId":"MPNTZ0U0-JALZFS","route":"INVOICE","stage":"PDF:SET_CONTENT","detail":"html size 10.1 KB","method":"POST","url":"/tpr-invoice/pdf"}
{"ts":"2026-05-27T08:57:14.766Z","level":"STEP","reqId":"MPNTZ0U0-JALZFS","route":"INVOICE","stage":"PDF:FONTS_READY","detail":"waiting document.fonts.ready","method":"POST","url":"/tpr-invoice/pdf"}
{"ts":"2026-05-27T08:57:14.776Z","level":"STEP","reqId":"MPNTZ0U0-JALZFS","route":"INVOICE","stage":"PDF:RENDER","detail":"format=A4 media=screen landscape=false","method":"POST","url":"/tpr-invoice/pdf"}
{"ts":"2026-05-27T08:57:15.000Z","level":"STEP","reqId":"MPNTZ0U0-JALZFS","route":"INVOICE","stage":"PDF:BUFFER_READY","detail":"pdf size 214 KB","method":"POST","url":"/tpr-invoice/pdf"}
{"ts":"2026-05-27T08:57:15.001Z","level":"STEP","reqId":"MPNTZ0U0-JALZFS","route":"INVOICE","stage":"PDF:PAGE_CLOSE","detail":"close page","method":"POST","url":"/tpr-invoice/pdf"}
{"ts":"2026-05-27T08:57:15.014Z","level":"STEP","reqId":"MPNTZ0U0-JALZFS","route":"INVOICE","stage":"RESPOND_PDF","detail":"filename=tpr_invoice.pdf","method":"POST","url":"/tpr-invoice/pdf"}
{"ts":"2026-05-27T08:57:15.014Z","level":"PDF_RESPONSE","reqId":"MPNTZ0U0-JALZFS","route":"INVOICE","method":"POST","url":"/tpr-invoice/pdf","filename":"tpr_invoice.pdf","pdfBytes":219497}
{"ts":"2026-05-27T08:57:15.017Z","level":"REQUEST_DONE","reqId":"MPNTZ0U0-JALZFS","route":"INVOICE","method":"POST","url":"/tpr-invoice/pdf","status":200,"durationMs":1552,"responseSize":"214 KB"}
{"ts":"2026-05-27T08:57:40.328Z","level":"STEP","reqId":"MPNTZLK8-TZIE9P","route":"INVOICE","stage":"START","detail":"OPTIONS /tpr-invoice/pdf","method":"OPTIONS","url":"/tpr-invoice/pdf"}
{"ts":"2026-05-27T08:57:40.329Z","level":"REQUEST_START","reqId":"MPNTZLK8-TZIE9P","route":"INVOICE","method":"OPTIONS","url":"/tpr-invoice/pdf","ip":"::1","origin":"http://localhost:5174","ua":"Mozilla/5.0 (Windows NT 10.0; Win64; x64) AppleWebKit/537.36 (KHTML, like Gecko) Chrome/148.0.0.0 Safari/537.36","payloadBytes":2}
{"ts":"2026-05-27T08:57:40.330Z","level":"REQUEST_DONE","reqId":"MPNTZLK8-TZIE9P","route":"INVOICE","method":"OPTIONS","url":"/tpr-invoice/pdf","status":204,"durationMs":2,"responseSize":"0 B"}
{"ts":"2026-05-27T08:57:40.331Z","level":"STEP","reqId":"MPNTZLKB-A717X4","route":"INVOICE","stage":"START","detail":"POST /tpr-invoice/pdf","method":"POST","url":"/tpr-invoice/pdf"}
{"ts":"2026-05-27T08:57:40.332Z","level":"REQUEST_START","reqId":"MPNTZLKB-A717X4","route":"INVOICE","method":"POST","url":"/tpr-invoice/pdf","ip":"::1","origin":"http://localhost:5174","ua":"Mozilla/5.0 (Windows NT 10.0; Win64; x64) AppleWebKit/537.36 (KHTML, like Gecko) Chrome/148.0.0.0 Safari/537.36","payloadBytes":2}
{"ts":"2026-05-27T08:57:40.333Z","level":"STEP","reqId":"MPNTZLKB-A717X4","route":"INVOICE","stage":"ROUTE","detail":"pdf mode","method":"POST","url":"/tpr-invoice/pdf"}
{"ts":"2026-05-27T08:57:40.334Z","level":"STEP","reqId":"MPNTZLKB-A717X4","route":"INVOICE","stage":"NORMALIZE","detail":"payload 1.37 KB","method":"POST","url":"/tpr-invoice/pdf"}
{"ts":"2026-05-27T08:57:40.335Z","level":"STEP","reqId":"MPNTZLKB-A717X4","route":"INVOICE","stage":"TEMPLATE","detail":"render html before pdf","method":"POST","url":"/tpr-invoice/pdf"}
{"ts":"2026-05-27T08:57:40.336Z","level":"INFO","title":"PUPPETEER","message":"reuse existing browser instance"}
{"ts":"2026-05-27T08:57:40.376Z","level":"STEP","reqId":"MPNTZLKB-A717X4","route":"INVOICE","stage":"PDF:PAGE_OPEN","detail":"create new page","method":"POST","url":"/tpr-invoice/pdf"}
{"ts":"2026-05-27T08:57:40.380Z","level":"STEP","reqId":"MPNTZLKB-A717X4","route":"INVOICE","stage":"PDF:SET_CONTENT","detail":"html size 10.1 KB","method":"POST","url":"/tpr-invoice/pdf"}
{"ts":"2026-05-27T08:57:41.372Z","level":"STEP","reqId":"MPNTZLKB-A717X4","route":"INVOICE","stage":"PDF:FONTS_READY","detail":"waiting document.fonts.ready","method":"POST","url":"/tpr-invoice/pdf"}
{"ts":"2026-05-27T08:57:41.374Z","level":"STEP","reqId":"MPNTZLKB-A717X4","route":"INVOICE","stage":"PDF:RENDER","detail":"format=A4 media=screen landscape=false","method":"POST","url":"/tpr-invoice/pdf"}
{"ts":"2026-05-27T08:57:41.546Z","level":"STEP","reqId":"MPNTZLKB-A717X4","route":"INVOICE","stage":"PDF:BUFFER_READY","detail":"pdf size 214 KB","method":"POST","url":"/tpr-invoice/pdf"}
{"ts":"2026-05-27T08:57:41.547Z","level":"STEP","reqId":"MPNTZLKB-A717X4","route":"INVOICE","stage":"PDF:PAGE_CLOSE","detail":"close page","method":"POST","url":"/tpr-invoice/pdf"}
{"ts":"2026-05-27T08:57:41.559Z","level":"STEP","reqId":"MPNTZLKB-A717X4","route":"INVOICE","stage":"RESPOND_PDF","detail":"filename=tpr_invoice.pdf","method":"POST","url":"/tpr-invoice/pdf"}
{"ts":"2026-05-27T08:57:41.560Z","level":"PDF_RESPONSE","reqId":"MPNTZLKB-A717X4","route":"INVOICE","method":"POST","url":"/tpr-invoice/pdf","filename":"tpr_invoice.pdf","pdfBytes":219497}
{"ts":"2026-05-27T08:57:41.562Z","level":"REQUEST_DONE","reqId":"MPNTZLKB-A717X4","route":"INVOICE","method":"POST","url":"/tpr-invoice/pdf","status":200,"durationMs":1230,"responseSize":"214 KB"}
{"ts":"2026-05-27T12:10:29.794Z","level":"STEP","reqId":"MPO0VKM6-WET799","route":"QUOTATION","stage":"START","detail":"OPTIONS /tpr-quotation/pdf","method":"OPTIONS","url":"/tpr-quotation/pdf"}
{"ts":"2026-05-27T12:10:29.798Z","level":"REQUEST_START","reqId":"MPO0VKM6-WET799","route":"QUOTATION","method":"OPTIONS","url":"/tpr-quotation/pdf","ip":"::1","origin":"http://localhost:5174","ua":"Mozilla/5.0 (Windows NT 10.0; Win64; x64) AppleWebKit/537.36 (KHTML, like Gecko) Chrome/148.0.0.0 Safari/537.36","payloadBytes":2}
{"ts":"2026-05-27T12:10:29.801Z","level":"REQUEST_DONE","reqId":"MPO0VKM6-WET799","route":"QUOTATION","method":"OPTIONS","url":"/tpr-quotation/pdf","status":204,"durationMs":11,"responseSize":"0 B"}
{"ts":"2026-05-27T12:10:29.802Z","level":"STEP","reqId":"MPO0VKMI-PIKTJ7","route":"QUOTATION","stage":"START","detail":"POST /tpr-quotation/pdf","method":"POST","url":"/tpr-quotation/pdf"}
{"ts":"2026-05-27T12:10:29.803Z","level":"REQUEST_START","reqId":"MPO0VKMI-PIKTJ7","route":"QUOTATION","method":"POST","url":"/tpr-quotation/pdf","ip":"::1","origin":"http://localhost:5174","ua":"Mozilla/5.0 (Windows NT 10.0; Win64; x64) AppleWebKit/537.36 (KHTML, like Gecko) Chrome/148.0.0.0 Safari/537.36","payloadBytes":2}
{"ts":"2026-05-27T12:10:29.807Z","level":"STEP","reqId":"MPO0VKMI-PIKTJ7","route":"QUOTATION","stage":"ROUTE","detail":"pdf mode","method":"POST","url":"/tpr-quotation/pdf"}
{"ts":"2026-05-27T12:10:29.807Z","level":"STEP","reqId":"MPO0VKMI-PIKTJ7","route":"QUOTATION","stage":"NORMALIZE","detail":"payload 1.42 KB","method":"POST","url":"/tpr-quotation/pdf"}
{"ts":"2026-05-27T12:10:29.808Z","level":"STEP","reqId":"MPO0VKMI-PIKTJ7","route":"QUOTATION","stage":"TEMPLATE","detail":"render html before pdf","method":"POST","url":"/tpr-quotation/pdf"}
{"ts":"2026-05-27T12:10:29.814Z","level":"INFO","title":"PUPPETEER","message":"reuse existing browser instance"}
{"ts":"2026-05-27T12:10:30.196Z","level":"STEP","reqId":"MPO0VKMI-PIKTJ7","route":"QUOTATION","stage":"PDF:PAGE_OPEN","detail":"create new page","method":"POST","url":"/tpr-quotation/pdf"}
{"ts":"2026-05-27T12:10:30.199Z","level":"STEP","reqId":"MPO0VKMI-PIKTJ7","route":"QUOTATION","stage":"PDF:SET_CONTENT","detail":"html size 9.00 KB","method":"POST","url":"/tpr-quotation/pdf"}
{"ts":"2026-05-27T12:10:31.168Z","level":"STEP","reqId":"MPO0VKMI-PIKTJ7","route":"QUOTATION","stage":"PDF:FONTS_READY","detail":"waiting document.fonts.ready","method":"POST","url":"/tpr-quotation/pdf"}
{"ts":"2026-05-27T12:10:31.176Z","level":"STEP","reqId":"MPO0VKMI-PIKTJ7","route":"QUOTATION","stage":"PDF:RENDER","detail":"format=A4 media=screen landscape=false","method":"POST","url":"/tpr-quotation/pdf"}
{"ts":"2026-05-27T12:10:31.402Z","level":"STEP","reqId":"MPO0VKMI-PIKTJ7","route":"QUOTATION","stage":"PDF:BUFFER_READY","detail":"pdf size 209 KB","method":"POST","url":"/tpr-quotation/pdf"}
{"ts":"2026-05-27T12:10:31.403Z","level":"STEP","reqId":"MPO0VKMI-PIKTJ7","route":"QUOTATION","stage":"PDF:PAGE_CLOSE","detail":"close page","method":"POST","url":"/tpr-quotation/pdf"}
{"ts":"2026-05-27T12:10:31.428Z","level":"STEP","reqId":"MPO0VKMI-PIKTJ7","route":"QUOTATION","stage":"RESPOND_PDF","detail":"filename=tpr_quotation.pdf","method":"POST","url":"/tpr-quotation/pdf"}
{"ts":"2026-05-27T12:10:31.429Z","level":"PDF_RESPONSE","reqId":"MPO0VKMI-PIKTJ7","route":"QUOTATION","method":"POST","url":"/tpr-quotation/pdf","filename":"tpr_quotation.pdf","pdfBytes":214150}
{"ts":"2026-05-27T12:10:31.431Z","level":"REQUEST_DONE","reqId":"MPO0VKMI-PIKTJ7","route":"QUOTATION","method":"POST","url":"/tpr-quotation/pdf","status":200,"durationMs":1629,"responseSize":"209 KB"}
{"ts":"2026-05-27T12:10:38.769Z","level":"STEP","reqId":"MPO0VRJK-SW9XQ3","route":"INVOICE","stage":"START","detail":"OPTIONS /tpr-invoice/pdf","method":"OPTIONS","url":"/tpr-invoice/pdf"}
{"ts":"2026-05-27T12:10:38.770Z","level":"REQUEST_START","reqId":"MPO0VRJK-SW9XQ3","route":"INVOICE","method":"OPTIONS","url":"/tpr-invoice/pdf","ip":"::1","origin":"http://localhost:5174","ua":"Mozilla/5.0 (Windows NT 10.0; Win64; x64) AppleWebKit/537.36 (KHTML, like Gecko) Chrome/148.0.0.0 Safari/537.36","payloadBytes":2}
{"ts":"2026-05-27T12:10:38.771Z","level":"REQUEST_DONE","reqId":"MPO0VRJK-SW9XQ3","route":"INVOICE","method":"OPTIONS","url":"/tpr-invoice/pdf","status":204,"durationMs":2,"responseSize":"0 B"}
{"ts":"2026-05-27T12:10:38.772Z","level":"STEP","reqId":"MPO0VRJO-VEN37Y","route":"INVOICE","stage":"START","detail":"POST /tpr-invoice/pdf","method":"POST","url":"/tpr-invoice/pdf"}
{"ts":"2026-05-27T12:10:38.772Z","level":"REQUEST_START","reqId":"MPO0VRJO-VEN37Y","route":"INVOICE","method":"POST","url":"/tpr-invoice/pdf","ip":"::1","origin":"http://localhost:5174","ua":"Mozilla/5.0 (Windows NT 10.0; Win64; x64) AppleWebKit/537.36 (KHTML, like Gecko) Chrome/148.0.0.0 Safari/537.36","payloadBytes":2}
{"ts":"2026-05-27T12:10:38.773Z","level":"STEP","reqId":"MPO0VRJO-VEN37Y","route":"INVOICE","stage":"ROUTE","detail":"pdf mode","method":"POST","url":"/tpr-invoice/pdf"}
{"ts":"2026-05-27T12:10:38.774Z","level":"STEP","reqId":"MPO0VRJO-VEN37Y","route":"INVOICE","stage":"NORMALIZE","detail":"payload 1.37 KB","method":"POST","url":"/tpr-invoice/pdf"}
{"ts":"2026-05-27T12:10:38.774Z","level":"STEP","reqId":"MPO0VRJO-VEN37Y","route":"INVOICE","stage":"TEMPLATE","detail":"render html before pdf","method":"POST","url":"/tpr-invoice/pdf"}
{"ts":"2026-05-27T12:10:38.775Z","level":"INFO","title":"PUPPETEER","message":"reuse existing browser instance"}
{"ts":"2026-05-27T12:10:38.816Z","level":"STEP","reqId":"MPO0VRJO-VEN37Y","route":"INVOICE","stage":"PDF:PAGE_OPEN","detail":"create new page","method":"POST","url":"/tpr-invoice/pdf"}
{"ts":"2026-05-27T12:10:38.821Z","level":"STEP","reqId":"MPO0VRJO-VEN37Y","route":"INVOICE","stage":"PDF:SET_CONTENT","detail":"html size 10.1 KB","method":"POST","url":"/tpr-invoice/pdf"}
{"ts":"2026-05-27T12:10:39.822Z","level":"STEP","reqId":"MPO0VRJO-VEN37Y","route":"INVOICE","stage":"PDF:FONTS_READY","detail":"waiting document.fonts.ready","method":"POST","url":"/tpr-invoice/pdf"}
{"ts":"2026-05-27T12:10:39.824Z","level":"STEP","reqId":"MPO0VRJO-VEN37Y","route":"INVOICE","stage":"PDF:RENDER","detail":"format=A4 media=screen landscape=false","method":"POST","url":"/tpr-invoice/pdf"}
{"ts":"2026-05-27T12:10:39.985Z","level":"STEP","reqId":"MPO0VRJO-VEN37Y","route":"INVOICE","stage":"PDF:BUFFER_READY","detail":"pdf size 214 KB","method":"POST","url":"/tpr-invoice/pdf"}
{"ts":"2026-05-27T12:10:39.986Z","level":"STEP","reqId":"MPO0VRJO-VEN37Y","route":"INVOICE","stage":"PDF:PAGE_CLOSE","detail":"close page","method":"POST","url":"/tpr-invoice/pdf"}
{"ts":"2026-05-27T12:10:39.998Z","level":"STEP","reqId":"MPO0VRJO-VEN37Y","route":"INVOICE","stage":"RESPOND_PDF","detail":"filename=tpr_invoice.pdf","method":"POST","url":"/tpr-invoice/pdf"}
{"ts":"2026-05-27T12:10:39.998Z","level":"PDF_RESPONSE","reqId":"MPO0VRJO-VEN37Y","route":"INVOICE","method":"POST","url":"/tpr-invoice/pdf","filename":"tpr_invoice.pdf","pdfBytes":219497}
{"ts":"2026-05-27T12:10:40.001Z","level":"REQUEST_DONE","reqId":"MPO0VRJO-VEN37Y","route":"INVOICE","method":"POST","url":"/tpr-invoice/pdf","status":200,"durationMs":1229,"responseSize":"214 KB"}
{"ts":"2026-05-27T12:10:50.151Z","level":"STEP","reqId":"MPO0W0BR-5CZ5X4","route":"INVOICE","stage":"START","detail":"OPTIONS /tpr-invoice/pdf","method":"OPTIONS","url":"/tpr-invoice/pdf"}
{"ts":"2026-05-27T12:10:50.152Z","level":"REQUEST_START","reqId":"MPO0W0BR-5CZ5X4","route":"INVOICE","method":"OPTIONS","url":"/tpr-invoice/pdf","ip":"::1","origin":"http://localhost:5174","ua":"Mozilla/5.0 (Windows NT 10.0; Win64; x64) AppleWebKit/537.36 (KHTML, like Gecko) Chrome/148.0.0.0 Safari/537.36","payloadBytes":2}
{"ts":"2026-05-27T12:10:50.153Z","level":"REQUEST_DONE","reqId":"MPO0W0BR-5CZ5X4","route":"INVOICE","method":"OPTIONS","url":"/tpr-invoice/pdf","status":204,"durationMs":2,"responseSize":"0 B"}
{"ts":"2026-05-27T12:10:50.154Z","level":"STEP","reqId":"MPO0W0BU-37FIPS","route":"INVOICE","stage":"START","detail":"POST /tpr-invoice/pdf","method":"POST","url":"/tpr-invoice/pdf"}
{"ts":"2026-05-27T12:10:50.155Z","level":"REQUEST_START","reqId":"MPO0W0BU-37FIPS","route":"INVOICE","method":"POST","url":"/tpr-invoice/pdf","ip":"::1","origin":"http://localhost:5174","ua":"Mozilla/5.0 (Windows NT 10.0; Win64; x64) AppleWebKit/537.36 (KHTML, like Gecko) Chrome/148.0.0.0 Safari/537.36","payloadBytes":2}
{"ts":"2026-05-27T12:10:50.156Z","level":"STEP","reqId":"MPO0W0BU-37FIPS","route":"INVOICE","stage":"ROUTE","detail":"pdf mode","method":"POST","url":"/tpr-invoice/pdf"}
{"ts":"2026-05-27T12:10:50.156Z","level":"STEP","reqId":"MPO0W0BU-37FIPS","route":"INVOICE","stage":"NORMALIZE","detail":"payload 1.37 KB","method":"POST","url":"/tpr-invoice/pdf"}
{"ts":"2026-05-27T12:10:50.157Z","level":"STEP","reqId":"MPO0W0BU-37FIPS","route":"INVOICE","stage":"TEMPLATE","detail":"render html before pdf","method":"POST","url":"/tpr-invoice/pdf"}
{"ts":"2026-05-27T12:10:50.160Z","level":"INFO","title":"PUPPETEER","message":"reuse existing browser instance"}
{"ts":"2026-05-27T12:10:50.211Z","level":"STEP","reqId":"MPO0W0BU-37FIPS","route":"INVOICE","stage":"PDF:PAGE_OPEN","detail":"create new page","method":"POST","url":"/tpr-invoice/pdf"}
{"ts":"2026-05-27T12:10:50.217Z","level":"STEP","reqId":"MPO0W0BU-37FIPS","route":"INVOICE","stage":"PDF:SET_CONTENT","detail":"html size 10.1 KB","method":"POST","url":"/tpr-invoice/pdf"}
{"ts":"2026-05-27T12:10:51.730Z","level":"STEP","reqId":"MPO0W0BU-37FIPS","route":"INVOICE","stage":"PDF:FONTS_READY","detail":"waiting document.fonts.ready","method":"POST","url":"/tpr-invoice/pdf"}
{"ts":"2026-05-27T12:10:51.733Z","level":"STEP","reqId":"MPO0W0BU-37FIPS","route":"INVOICE","stage":"PDF:RENDER","detail":"format=A4 media=screen landscape=false","method":"POST","url":"/tpr-invoice/pdf"}
{"ts":"2026-05-27T12:10:51.913Z","level":"STEP","reqId":"MPO0W0BU-37FIPS","route":"INVOICE","stage":"PDF:BUFFER_READY","detail":"pdf size 214 KB","method":"POST","url":"/tpr-invoice/pdf"}
{"ts":"2026-05-27T12:10:51.914Z","level":"STEP","reqId":"MPO0W0BU-37FIPS","route":"INVOICE","stage":"PDF:PAGE_CLOSE","detail":"close page","method":"POST","url":"/tpr-invoice/pdf"}
{"ts":"2026-05-27T12:10:51.924Z","level":"STEP","reqId":"MPO0W0BU-37FIPS","route":"INVOICE","stage":"RESPOND_PDF","detail":"filename=tpr_invoice.pdf","method":"POST","url":"/tpr-invoice/pdf"}
{"ts":"2026-05-27T12:10:51.924Z","level":"PDF_RESPONSE","reqId":"MPO0W0BU-37FIPS","route":"INVOICE","method":"POST","url":"/tpr-invoice/pdf","filename":"tpr_invoice.pdf","pdfBytes":219497}
{"ts":"2026-05-27T12:10:51.926Z","level":"REQUEST_DONE","reqId":"MPO0W0BU-37FIPS","route":"INVOICE","method":"POST","url":"/tpr-invoice/pdf","status":200,"durationMs":1772,"responseSize":"214 KB"}
{"ts":"2026-05-27T12:10:59.759Z","level":"STEP","reqId":"MPO0W7QM-Q6AJHG","route":"QUOTATION","stage":"START","detail":"OPTIONS /tpr-quotation/pdf","method":"OPTIONS","url":"/tpr-quotation/pdf"}
{"ts":"2026-05-27T12:10:59.760Z","level":"REQUEST_START","reqId":"MPO0W7QM-Q6AJHG","route":"QUOTATION","method":"OPTIONS","url":"/tpr-quotation/pdf","ip":"::1","origin":"http://localhost:5174","ua":"Mozilla/5.0 (Windows NT 10.0; Win64; x64) AppleWebKit/537.36 (KHTML, like Gecko) Chrome/148.0.0.0 Safari/537.36","payloadBytes":2}
{"ts":"2026-05-27T12:10:59.760Z","level":"REQUEST_DONE","reqId":"MPO0W7QM-Q6AJHG","route":"QUOTATION","method":"OPTIONS","url":"/tpr-quotation/pdf","status":204,"durationMs":2,"responseSize":"0 B"}
{"ts":"2026-05-27T12:10:59.761Z","level":"STEP","reqId":"MPO0W7QP-QO1DBT","route":"QUOTATION","stage":"START","detail":"POST /tpr-quotation/pdf","method":"POST","url":"/tpr-quotation/pdf"}
{"ts":"2026-05-27T12:10:59.762Z","level":"REQUEST_START","reqId":"MPO0W7QP-QO1DBT","route":"QUOTATION","method":"POST","url":"/tpr-quotation/pdf","ip":"::1","origin":"http://localhost:5174","ua":"Mozilla/5.0 (Windows NT 10.0; Win64; x64) AppleWebKit/537.36 (KHTML, like Gecko) Chrome/148.0.0.0 Safari/537.36","payloadBytes":2}
{"ts":"2026-05-27T12:10:59.762Z","level":"STEP","reqId":"MPO0W7QP-QO1DBT","route":"QUOTATION","stage":"ROUTE","detail":"pdf mode","method":"POST","url":"/tpr-quotation/pdf"}
{"ts":"2026-05-27T12:10:59.763Z","level":"STEP","reqId":"MPO0W7QP-QO1DBT","route":"QUOTATION","stage":"NORMALIZE","detail":"payload 1.42 KB","method":"POST","url":"/tpr-quotation/pdf"}
{"ts":"2026-05-27T12:10:59.763Z","level":"STEP","reqId":"MPO0W7QP-QO1DBT","route":"QUOTATION","stage":"TEMPLATE","detail":"render html before pdf","method":"POST","url":"/tpr-quotation/pdf"}
{"ts":"2026-05-27T12:10:59.764Z","level":"INFO","title":"PUPPETEER","message":"reuse existing browser instance"}
{"ts":"2026-05-27T12:10:59.799Z","level":"STEP","reqId":"MPO0W7QP-QO1DBT","route":"QUOTATION","stage":"PDF:PAGE_OPEN","detail":"create new page","method":"POST","url":"/tpr-quotation/pdf"}
{"ts":"2026-05-27T12:10:59.802Z","level":"STEP","reqId":"MPO0W7QP-QO1DBT","route":"QUOTATION","stage":"PDF:SET_CONTENT","detail":"html size 9.00 KB","method":"POST","url":"/tpr-quotation/pdf"}
{"ts":"2026-05-27T12:11:00.789Z","level":"STEP","reqId":"MPO0W7QP-QO1DBT","route":"QUOTATION","stage":"PDF:FONTS_READY","detail":"waiting document.fonts.ready","method":"POST","url":"/tpr-quotation/pdf"}
{"ts":"2026-05-27T12:11:00.791Z","level":"STEP","reqId":"MPO0W7QP-QO1DBT","route":"QUOTATION","stage":"PDF:RENDER","detail":"format=A4 media=screen landscape=false","method":"POST","url":"/tpr-quotation/pdf"}
{"ts":"2026-05-27T12:11:00.980Z","level":"STEP","reqId":"MPO0W7QP-QO1DBT","route":"QUOTATION","stage":"PDF:BUFFER_READY","detail":"pdf size 209 KB","method":"POST","url":"/tpr-quotation/pdf"}
{"ts":"2026-05-27T12:11:00.980Z","level":"STEP","reqId":"MPO0W7QP-QO1DBT","route":"QUOTATION","stage":"PDF:PAGE_CLOSE","detail":"close page","method":"POST","url":"/tpr-quotation/pdf"}
{"ts":"2026-05-27T12:11:00.991Z","level":"STEP","reqId":"MPO0W7QP-QO1DBT","route":"QUOTATION","stage":"RESPOND_PDF","detail":"filename=tpr_quotation.pdf","method":"POST","url":"/tpr-quotation/pdf"}
{"ts":"2026-05-27T12:11:00.991Z","level":"PDF_RESPONSE","reqId":"MPO0W7QP-QO1DBT","route":"QUOTATION","method":"POST","url":"/tpr-quotation/pdf","filename":"tpr_quotation.pdf","pdfBytes":214150}
{"ts":"2026-05-27T12:11:00.993Z","level":"REQUEST_DONE","reqId":"MPO0W7QP-QO1DBT","route":"QUOTATION","method":"POST","url":"/tpr-quotation/pdf","status":200,"durationMs":1231,"responseSize":"209 KB"}
{"ts":"2026-05-27T12:11:29.903Z","level":"INFO","title":"TEMPLATE","message":"compile templates\\tpr_quotation.hbs","templatePath":"C:\\Projcet TPR\\report-server\\templates\\tpr_quotation.hbs"}
{"ts":"2026-05-27T12:11:29.906Z","level":"INFO","title":"TEMPLATE","message":"compile templates\\tpr_credit_note.hbs","templatePath":"C:\\Projcet TPR\\report-server\\templates\\tpr_credit_note.hbs"}
{"ts":"2026-05-27T12:11:29.907Z","level":"INFO","title":"TEMPLATE","message":"compile templates\\tpr_invoice.hbs","templatePath":"C:\\Projcet TPR\\report-server\\templates\\tpr_invoice.hbs"}
{"ts":"2026-05-27T12:11:29.909Z","level":"INFO","title":"TEMPLATE","message":"compile templates\\tpr_purchase_order.hbs","templatePath":"C:\\Projcet TPR\\report-server\\templates\\tpr_purchase_order.hbs"}
{"ts":"2026-05-27T12:11:29.911Z","level":"INFO","title":"TEMPLATE","message":"compile templates\\tpr_receipt.hbs","templatePath":"C:\\Projcet TPR\\report-server\\templates\\tpr_receipt.hbs"}
{"ts":"2026-05-27T12:11:29.912Z","level":"INFO","title":"TEMPLATE","message":"compile templates\\tpr_tax_receipt.hbs","templatePath":"C:\\Projcet TPR\\report-server\\templates\\tpr_tax_receipt.hbs"}
{"ts":"2026-05-27T12:11:29.913Z","level":"INFO","title":"TEMPLATE","message":"compile templates\\tpr_withholding_tax_certificate.hbs","templatePath":"C:\\Projcet TPR\\report-server\\templates\\tpr_withholding_tax_certificate.hbs"}
{"ts":"2026-05-27T12:11:29.915Z","level":"INFO","title":"TEMPLATE","message":"compile templates\\tpr_payment_voucher.hbs","templatePath":"C:\\Projcet TPR\\report-server\\templates\\tpr_payment_voucher.hbs"}
{"ts":"2026-05-27T12:11:29.917Z","level":"INFO","title":"TEMPLATE","message":"compile templates\\tpr_receipt_voucher.hbs","templatePath":"C:\\Projcet TPR\\report-server\\templates\\tpr_receipt_voucher.hbs"}
{"ts":"2026-05-27T12:11:29.919Z","level":"INFO","title":"TEMPLATE","message":"compile templates\\tpr_petty_cash_voucher.hbs","templatePath":"C:\\Projcet TPR\\report-server\\templates\\tpr_petty_cash_voucher.hbs"}
{"ts":"2026-05-27T12:11:29.919Z","level":"INFO","title":"TEMPLATE","message":"compile templates\\tpr_petty_cash_request.hbs","templatePath":"C:\\Projcet TPR\\report-server\\templates\\tpr_petty_cash_request.hbs"}
{"ts":"2026-05-27T12:11:29.920Z","level":"INFO","title":"TEMPLATE","message":"compile templates\\tpr_petty_cash_payment_report.hbs","templatePath":"C:\\Projcet TPR\\report-server\\templates\\tpr_petty_cash_payment_report.hbs"}
{"ts":"2026-05-27T12:11:29.921Z","level":"INFO","title":"TEMPLATE","message":"compile templates\\tpr_receipt_certification.hbs","templatePath":"C:\\Projcet TPR\\report-server\\templates\\tpr_receipt_certification.hbs"}
{"ts":"2026-05-27T12:11:29.922Z","level":"INFO","title":"TEMPLATE","message":"compile templates\\tpr_payroll_slip.hbs","templatePath":"C:\\Projcet TPR\\report-server\\templates\\tpr_payroll_slip.hbs"}
{"ts":"2026-05-27T12:11:29.925Z","level":"WARN","title":"CSS","message":"inline missing: C:\\Projcet TPR\\report-server\\public\\css\\quotation.css (ไม่จำเป็นถ้า CSS อยู่ใน hbs แล้ว)","cssPath":"C:\\Projcet TPR\\report-server\\public\\css\\quotation.css"}
{"ts":"2026-05-27T12:11:29.947Z","level":"OK","title":"READY","message":"PDF server is running","port":4100,"logFile":"C:\\Projcet TPR\\report-server\\logs\\server-2026-05-27.log"}
{"ts":"2026-05-27T12:11:29.947Z","level":"BOOT","message":"PDF server is running","port":4100,"logFile":"C:\\Projcet TPR\\report-server\\logs\\server-2026-05-27.log"}
