{"ts":"2026-05-15T04:05:35.345Z","level":"INFO","title":"TEMPLATE","message":"compile templates\\tpr_quotation.hbs","templatePath":"C:\\Projcet TPR\\report-server\\templates\\tpr_quotation.hbs"}
{"ts":"2026-05-15T04:05:35.348Z","level":"INFO","title":"TEMPLATE","message":"compile templates\\tpr_credit_note.hbs","templatePath":"C:\\Projcet TPR\\report-server\\templates\\tpr_credit_note.hbs"}
{"ts":"2026-05-15T04:05:35.349Z","level":"INFO","title":"TEMPLATE","message":"compile templates\\tpr_invoice.hbs","templatePath":"C:\\Projcet TPR\\report-server\\templates\\tpr_invoice.hbs"}
{"ts":"2026-05-15T04:05:35.351Z","level":"INFO","title":"TEMPLATE","message":"compile templates\\tpr_purchase_order.hbs","templatePath":"C:\\Projcet TPR\\report-server\\templates\\tpr_purchase_order.hbs"}
{"ts":"2026-05-15T04:05:35.352Z","level":"INFO","title":"TEMPLATE","message":"compile templates\\tpr_receipt.hbs","templatePath":"C:\\Projcet TPR\\report-server\\templates\\tpr_receipt.hbs"}
{"ts":"2026-05-15T04:05:35.353Z","level":"INFO","title":"TEMPLATE","message":"compile templates\\tpr_tax_receipt.hbs","templatePath":"C:\\Projcet TPR\\report-server\\templates\\tpr_tax_receipt.hbs"}
{"ts":"2026-05-15T04:05:35.356Z","level":"INFO","title":"TEMPLATE","message":"compile templates\\tpr_withholding_tax_certificate.hbs","templatePath":"C:\\Projcet TPR\\report-server\\templates\\tpr_withholding_tax_certificate.hbs"}
{"ts":"2026-05-15T04:05:35.357Z","level":"INFO","title":"TEMPLATE","message":"compile templates\\tpr_payment_voucher.hbs","templatePath":"C:\\Projcet TPR\\report-server\\templates\\tpr_payment_voucher.hbs"}
{"ts":"2026-05-15T04:05:35.358Z","level":"INFO","title":"TEMPLATE","message":"compile templates\\tpr_receipt_voucher.hbs","templatePath":"C:\\Projcet TPR\\report-server\\templates\\tpr_receipt_voucher.hbs"}
{"ts":"2026-05-15T04:05:35.359Z","level":"INFO","title":"TEMPLATE","message":"compile templates\\tpr_petty_cash_voucher.hbs","templatePath":"C:\\Projcet TPR\\report-server\\templates\\tpr_petty_cash_voucher.hbs"}
{"ts":"2026-05-15T04:05:35.360Z","level":"INFO","title":"TEMPLATE","message":"compile templates\\tpr_petty_cash_request.hbs","templatePath":"C:\\Projcet TPR\\report-server\\templates\\tpr_petty_cash_request.hbs"}
{"ts":"2026-05-15T04:05:35.360Z","level":"INFO","title":"TEMPLATE","message":"compile templates\\tpr_petty_cash_payment_report.hbs","templatePath":"C:\\Projcet TPR\\report-server\\templates\\tpr_petty_cash_payment_report.hbs"}
{"ts":"2026-05-15T04:05:35.361Z","level":"INFO","title":"TEMPLATE","message":"compile templates\\tpr_receipt_certification.hbs","templatePath":"C:\\Projcet TPR\\report-server\\templates\\tpr_receipt_certification.hbs"}
{"ts":"2026-05-15T04:05:35.362Z","level":"INFO","title":"TEMPLATE","message":"compile templates\\tpr_payroll_slip.hbs","templatePath":"C:\\Projcet TPR\\report-server\\templates\\tpr_payroll_slip.hbs"}
{"ts":"2026-05-15T04:05:35.364Z","level":"WARN","title":"CSS","message":"inline missing: C:\\Projcet TPR\\report-server\\public\\css\\quotation.css (ไม่จำเป็นถ้า CSS อยู่ใน hbs แล้ว)","cssPath":"C:\\Projcet TPR\\report-server\\public\\css\\quotation.css"}
{"ts":"2026-05-15T04:05:35.370Z","level":"LOG_CLEANUP","message":"old log deleted","file":"server-2026-04-30.log"}
{"ts":"2026-05-15T04:05:35.386Z","level":"OK","title":"READY","message":"PDF server is running","port":4100,"logFile":"C:\\Projcet TPR\\report-server\\logs\\server-2026-05-15.log"}
{"ts":"2026-05-15T04:05:35.387Z","level":"BOOT","message":"PDF server is running","port":4100,"logFile":"C:\\Projcet TPR\\report-server\\logs\\server-2026-05-15.log"}
{"ts":"2026-05-15T04:09:51.296Z","level":"STEP","reqId":"MP6EF8OV-U930Y2","route":"PAYROLL_SLIP","stage":"START","detail":"OPTIONS /tpr-payroll-slip/pdf","method":"OPTIONS","url":"/tpr-payroll-slip/pdf"}
{"ts":"2026-05-15T04:09:51.297Z","level":"REQUEST_START","reqId":"MP6EF8OV-U930Y2","route":"PAYROLL_SLIP","method":"OPTIONS","url":"/tpr-payroll-slip/pdf","ip":"171.103.161.146","origin":"http://localhost:5174","ua":"Mozilla/5.0 (Windows NT 10.0; Win64; x64) AppleWebKit/537.36 (KHTML, like Gecko) Chrome/148.0.0.0 Safari/537.36","payloadBytes":2}
{"ts":"2026-05-15T04:09:51.302Z","level":"REQUEST_DONE","reqId":"MP6EF8OV-U930Y2","route":"PAYROLL_SLIP","method":"OPTIONS","url":"/tpr-payroll-slip/pdf","status":204,"durationMs":6,"responseSize":"0 B"}
{"ts":"2026-05-15T04:09:51.370Z","level":"STEP","reqId":"MP6EF8QX-BWC56U","route":"PAYROLL_SLIP","stage":"START","detail":"POST /tpr-payroll-slip/pdf","method":"POST","url":"/tpr-payroll-slip/pdf"}
{"ts":"2026-05-15T04:09:51.370Z","level":"REQUEST_START","reqId":"MP6EF8QX-BWC56U","route":"PAYROLL_SLIP","method":"POST","url":"/tpr-payroll-slip/pdf","ip":"171.103.161.146","origin":"http://localhost:5174","ua":"Mozilla/5.0 (Windows NT 10.0; Win64; x64) AppleWebKit/537.36 (KHTML, like Gecko) Chrome/148.0.0.0 Safari/537.36","payloadBytes":2}
{"ts":"2026-05-15T04:09:51.395Z","level":"STEP","reqId":"MP6EF8QX-BWC56U","route":"PAYROLL_SLIP","stage":"ROUTE","detail":"pdf mode","method":"POST","url":"/tpr-payroll-slip/pdf"}
{"ts":"2026-05-15T04:09:51.396Z","level":"STEP","reqId":"MP6EF8QX-BWC56U","route":"PAYROLL_SLIP","stage":"NORMALIZE","detail":"payload 2.57 KB","method":"POST","url":"/tpr-payroll-slip/pdf"}
{"ts":"2026-05-15T04:09:51.398Z","level":"STEP","reqId":"MP6EF8QX-BWC56U","route":"PAYROLL_SLIP","stage":"TEMPLATE","detail":"render html before pdf","method":"POST","url":"/tpr-payroll-slip/pdf"}
{"ts":"2026-05-15T04:09:51.435Z","level":"INFO","title":"PUPPETEER","message":"launch browser..."}
{"ts":"2026-05-15T04:09:51.992Z","level":"OK","title":"PUPPETEER","message":"browser launched"}
{"ts":"2026-05-15T04:09:52.044Z","level":"STEP","reqId":"MP6EF8QX-BWC56U","route":"PAYROLL_SLIP","stage":"PDF:PAGE_OPEN","detail":"create new page","method":"POST","url":"/tpr-payroll-slip/pdf"}
{"ts":"2026-05-15T04:09:52.047Z","level":"STEP","reqId":"MP6EF8QX-BWC56U","route":"PAYROLL_SLIP","stage":"PDF:SET_CONTENT","detail":"html size 13.0 KB","method":"POST","url":"/tpr-payroll-slip/pdf"}
{"ts":"2026-05-15T04:09:52.831Z","level":"STEP","reqId":"MP6EF8QX-BWC56U","route":"PAYROLL_SLIP","stage":"PDF:FONTS_READY","detail":"waiting document.fonts.ready","method":"POST","url":"/tpr-payroll-slip/pdf"}
{"ts":"2026-05-15T04:09:52.834Z","level":"STEP","reqId":"MP6EF8QX-BWC56U","route":"PAYROLL_SLIP","stage":"PDF:RENDER","detail":"format=A4 media=screen landscape=true","method":"POST","url":"/tpr-payroll-slip/pdf"}
{"ts":"2026-05-15T04:09:53.042Z","level":"STEP","reqId":"MP6EF8QX-BWC56U","route":"PAYROLL_SLIP","stage":"PDF:BUFFER_READY","detail":"pdf size 406 KB","method":"POST","url":"/tpr-payroll-slip/pdf"}
{"ts":"2026-05-15T04:09:53.043Z","level":"STEP","reqId":"MP6EF8QX-BWC56U","route":"PAYROLL_SLIP","stage":"PDF:PAGE_CLOSE","detail":"close page","method":"POST","url":"/tpr-payroll-slip/pdf"}
{"ts":"2026-05-15T04:09:53.056Z","level":"STEP","reqId":"MP6EF8QX-BWC56U","route":"PAYROLL_SLIP","stage":"RESPOND_PDF","detail":"filename=tpr_payroll_slip.pdf","method":"POST","url":"/tpr-payroll-slip/pdf"}
{"ts":"2026-05-15T04:09:53.056Z","level":"PDF_RESPONSE","reqId":"MP6EF8QX-BWC56U","route":"PAYROLL_SLIP","method":"POST","url":"/tpr-payroll-slip/pdf","filename":"tpr_payroll_slip.pdf","pdfBytes":415943}
{"ts":"2026-05-15T04:09:53.059Z","level":"REQUEST_DONE","reqId":"MP6EF8QX-BWC56U","route":"PAYROLL_SLIP","method":"POST","url":"/tpr-payroll-slip/pdf","status":200,"durationMs":1690,"responseSize":"406 KB"}
{"ts":"2026-05-15T06:33:40.625Z","level":"INFO","title":"TEMPLATE","message":"compile templates\\tpr_quotation.hbs","templatePath":"C:\\Projcet TPR\\report-server\\templates\\tpr_quotation.hbs"}
{"ts":"2026-05-15T06:33:40.627Z","level":"INFO","title":"TEMPLATE","message":"compile templates\\tpr_credit_note.hbs","templatePath":"C:\\Projcet TPR\\report-server\\templates\\tpr_credit_note.hbs"}
{"ts":"2026-05-15T06:33:40.629Z","level":"INFO","title":"TEMPLATE","message":"compile templates\\tpr_invoice.hbs","templatePath":"C:\\Projcet TPR\\report-server\\templates\\tpr_invoice.hbs"}
{"ts":"2026-05-15T06:33:40.630Z","level":"INFO","title":"TEMPLATE","message":"compile templates\\tpr_purchase_order.hbs","templatePath":"C:\\Projcet TPR\\report-server\\templates\\tpr_purchase_order.hbs"}
{"ts":"2026-05-15T06:33:40.631Z","level":"INFO","title":"TEMPLATE","message":"compile templates\\tpr_receipt.hbs","templatePath":"C:\\Projcet TPR\\report-server\\templates\\tpr_receipt.hbs"}
{"ts":"2026-05-15T06:33:40.632Z","level":"INFO","title":"TEMPLATE","message":"compile templates\\tpr_tax_receipt.hbs","templatePath":"C:\\Projcet TPR\\report-server\\templates\\tpr_tax_receipt.hbs"}
{"ts":"2026-05-15T06:33:40.633Z","level":"INFO","title":"TEMPLATE","message":"compile templates\\tpr_withholding_tax_certificate.hbs","templatePath":"C:\\Projcet TPR\\report-server\\templates\\tpr_withholding_tax_certificate.hbs"}
{"ts":"2026-05-15T06:33:40.634Z","level":"INFO","title":"TEMPLATE","message":"compile templates\\tpr_payment_voucher.hbs","templatePath":"C:\\Projcet TPR\\report-server\\templates\\tpr_payment_voucher.hbs"}
{"ts":"2026-05-15T06:33:40.635Z","level":"INFO","title":"TEMPLATE","message":"compile templates\\tpr_receipt_voucher.hbs","templatePath":"C:\\Projcet TPR\\report-server\\templates\\tpr_receipt_voucher.hbs"}
{"ts":"2026-05-15T06:33:40.636Z","level":"INFO","title":"TEMPLATE","message":"compile templates\\tpr_petty_cash_voucher.hbs","templatePath":"C:\\Projcet TPR\\report-server\\templates\\tpr_petty_cash_voucher.hbs"}
{"ts":"2026-05-15T06:33:40.637Z","level":"INFO","title":"TEMPLATE","message":"compile templates\\tpr_petty_cash_request.hbs","templatePath":"C:\\Projcet TPR\\report-server\\templates\\tpr_petty_cash_request.hbs"}
{"ts":"2026-05-15T06:33:40.637Z","level":"INFO","title":"TEMPLATE","message":"compile templates\\tpr_petty_cash_payment_report.hbs","templatePath":"C:\\Projcet TPR\\report-server\\templates\\tpr_petty_cash_payment_report.hbs"}
{"ts":"2026-05-15T06:33:40.638Z","level":"INFO","title":"TEMPLATE","message":"compile templates\\tpr_receipt_certification.hbs","templatePath":"C:\\Projcet TPR\\report-server\\templates\\tpr_receipt_certification.hbs"}
{"ts":"2026-05-15T06:33:40.639Z","level":"INFO","title":"TEMPLATE","message":"compile templates\\tpr_payroll_slip.hbs","templatePath":"C:\\Projcet TPR\\report-server\\templates\\tpr_payroll_slip.hbs"}
{"ts":"2026-05-15T06:33:40.640Z","level":"WARN","title":"CSS","message":"inline missing: C:\\Projcet TPR\\report-server\\public\\css\\quotation.css (ไม่จำเป็นถ้า CSS อยู่ใน hbs แล้ว)","cssPath":"C:\\Projcet TPR\\report-server\\public\\css\\quotation.css"}
{"ts":"2026-05-15T06:33:40.661Z","level":"OK","title":"READY","message":"PDF server is running","port":4100,"logFile":"C:\\Projcet TPR\\report-server\\logs\\server-2026-05-15.log"}
{"ts":"2026-05-15T06:33:40.661Z","level":"BOOT","message":"PDF server is running","port":4100,"logFile":"C:\\Projcet TPR\\report-server\\logs\\server-2026-05-15.log"}
